trcKernelPort.c:164:10:prvTraceGetQueueNumber	16	static
trcKernelPort.c:170:9:prvTraceGetQueueType	16	static
trcKernelPort.c:177:10:prvTraceGetTaskNumberLow16	16	static
trcKernelPort.c:182:10:prvTraceGetTaskNumberHigh16	16	static
trcKernelPort.c:187:6:prvTraceSetTaskNumberLow16	16	static
trcKernelPort.c:192:6:prvTraceSetTaskNumberHigh16	16	static
trcKernelPort.c:197:10:prvTraceGetQueueNumberLow16	16	static
trcKernelPort.c:202:10:prvTraceGetQueueNumberHigh16	16	static
trcKernelPort.c:207:6:prvTraceSetQueueNumberLow16	16	static
trcKernelPort.c:212:6:prvTraceSetQueueNumberHigh16	16	static
trcKernelPort.c:219:10:prvTraceGetTimerNumberLow16	16	static
trcKernelPort.c:224:10:prvTraceGetTimerNumberHigh16	16	static
trcKernelPort.c:229:6:prvTraceSetTimerNumberLow16	16	static
trcKernelPort.c:234:6:prvTraceSetTimerNumberHigh16	16	static
trcKernelPort.c:242:10:prvTraceGetEventGroupNumberLow16	16	static
trcKernelPort.c:247:10:prvTraceGetEventGroupNumberHigh16	16	static
trcKernelPort.c:252:6:prvTraceSetEventGroupNumberLow16	16	static
trcKernelPort.c:257:6:prvTraceSetEventGroupNumberHigh16	16	static
trcKernelPort.c:799:6:vTraceSetQueueName	16	static
trcKernelPort.c:812:6:vTraceSetSemaphoreName	16	static
trcKernelPort.c:825:6:vTraceSetMutexName	16	static
trcKernelPort.c:839:6:vTraceSetEventGroupName	16	static
trcKernelPort.c:875:7:prvTraceGetCurrentTaskHandle	8	static
trcKernelPort.c:914:6:vTraceEnable	16	static
trcKernelPort.c:970:6:vTraceInitObjectPropertyTable	8	static
trcKernelPort.c:1013:6:vTraceInitObjectHandleStack	8	static
trcKernelPort.c:1037:13:pszTraceGetErrorNotEnoughHandles	16	static
trcKernelPort.c:1071:15:prvTraceIsSchedulerSuspended	8	static
