Archive member included to satisfy reference by file (symbol)

c:/program files (x86)/atollic/truestudio for stm32 9.3.0/armtools/bin/../lib/gcc/arm-atollic-eabi/6.3.1/../../../../arm-atollic-eabi/lib/armv6-m\libc_nano.a(lib_a-init.o)
                              cmsis\device\src\startup_stm32f072xb.o (__libc_init_array)
c:/program files (x86)/atollic/truestudio for stm32 9.3.0/armtools/bin/../lib/gcc/arm-atollic-eabi/6.3.1/../../../../arm-atollic-eabi/lib/armv6-m\libc_nano.a(lib_a-memcpy-stub.o)
                              FreeRTOS\queue.o (memcpy)
c:/program files (x86)/atollic/truestudio for stm32 9.3.0/armtools/bin/../lib/gcc/arm-atollic-eabi/6.3.1/../../../../arm-atollic-eabi/lib/armv6-m\libc_nano.a(lib_a-memset.o)
                              FreeRTOS\stream_buffer.o (memset)
c:/program files (x86)/atollic/truestudio for stm32 9.3.0/armtools/bin/../lib/gcc/arm-atollic-eabi/6.3.1/../../../../arm-atollic-eabi/lib/armv6-m\libc_nano.a(lib_a-strncmp.o)
                              TraceRecorder\trcSnapshotRecorder.o (strncmp)
c:/program files (x86)/atollic/truestudio for stm32 9.3.0/armtools/bin/../lib/gcc/arm-atollic-eabi/6.3.1/armv6-m\libgcc.a(_udivsi3.o)
                              TraceRecorder\trcSnapshotRecorder.o (__aeabi_uidiv)
c:/program files (x86)/atollic/truestudio for stm32 9.3.0/armtools/bin/../lib/gcc/arm-atollic-eabi/6.3.1/armv6-m\libgcc.a(_dvmd_tls.o)
                              c:/program files (x86)/atollic/truestudio for stm32 9.3.0/armtools/bin/../lib/gcc/arm-atollic-eabi/6.3.1/armv6-m\libgcc.a(_udivsi3.o) (__aeabi_idiv0)
c:/program files (x86)/atollic/truestudio for stm32 9.3.0/armtools/bin/../lib/gcc/arm-atollic-eabi/6.3.1/armv6-m\libgcc.a(_fixunsdfsi.o)
                              TraceRecorder\trcSnapshotRecorder.o (__aeabi_d2uiz)
c:/program files (x86)/atollic/truestudio for stm32 9.3.0/armtools/bin/../lib/gcc/arm-atollic-eabi/6.3.1/armv6-m\libgcc.a(mulsf3.o)
                              app\src\main.o (__aeabi_fmul)
c:/program files (x86)/atollic/truestudio for stm32 9.3.0/armtools/bin/../lib/gcc/arm-atollic-eabi/6.3.1/armv6-m\libgcc.a(floatsisf.o)
                              app\src\main.o (__aeabi_i2f)
c:/program files (x86)/atollic/truestudio for stm32 9.3.0/armtools/bin/../lib/gcc/arm-atollic-eabi/6.3.1/armv6-m\libgcc.a(subdf3.o)
                              c:/program files (x86)/atollic/truestudio for stm32 9.3.0/armtools/bin/../lib/gcc/arm-atollic-eabi/6.3.1/armv6-m\libgcc.a(_fixunsdfsi.o) (__aeabi_dsub)
c:/program files (x86)/atollic/truestudio for stm32 9.3.0/armtools/bin/../lib/gcc/arm-atollic-eabi/6.3.1/armv6-m\libgcc.a(fixdfsi.o)
                              c:/program files (x86)/atollic/truestudio for stm32 9.3.0/armtools/bin/../lib/gcc/arm-atollic-eabi/6.3.1/armv6-m\libgcc.a(_fixunsdfsi.o) (__aeabi_d2iz)
c:/program files (x86)/atollic/truestudio for stm32 9.3.0/armtools/bin/../lib/gcc/arm-atollic-eabi/6.3.1/armv6-m\libgcc.a(_arm_cmpdf2.o)
                              c:/program files (x86)/atollic/truestudio for stm32 9.3.0/armtools/bin/../lib/gcc/arm-atollic-eabi/6.3.1/armv6-m\libgcc.a(_fixunsdfsi.o) (__aeabi_dcmpge)
c:/program files (x86)/atollic/truestudio for stm32 9.3.0/armtools/bin/../lib/gcc/arm-atollic-eabi/6.3.1/armv6-m\libgcc.a(_clzsi2.o)
                              c:/program files (x86)/atollic/truestudio for stm32 9.3.0/armtools/bin/../lib/gcc/arm-atollic-eabi/6.3.1/armv6-m\libgcc.a(mulsf3.o) (__clzsi2)
c:/program files (x86)/atollic/truestudio for stm32 9.3.0/armtools/bin/../lib/gcc/arm-atollic-eabi/6.3.1/armv6-m\libgcc.a(eqdf2.o)
                              c:/program files (x86)/atollic/truestudio for stm32 9.3.0/armtools/bin/../lib/gcc/arm-atollic-eabi/6.3.1/armv6-m\libgcc.a(_arm_cmpdf2.o) (__eqdf2)
c:/program files (x86)/atollic/truestudio for stm32 9.3.0/armtools/bin/../lib/gcc/arm-atollic-eabi/6.3.1/armv6-m\libgcc.a(gedf2.o)
                              c:/program files (x86)/atollic/truestudio for stm32 9.3.0/armtools/bin/../lib/gcc/arm-atollic-eabi/6.3.1/armv6-m\libgcc.a(_arm_cmpdf2.o) (__gedf2)
c:/program files (x86)/atollic/truestudio for stm32 9.3.0/armtools/bin/../lib/gcc/arm-atollic-eabi/6.3.1/armv6-m\libgcc.a(ledf2.o)
                              c:/program files (x86)/atollic/truestudio for stm32 9.3.0/armtools/bin/../lib/gcc/arm-atollic-eabi/6.3.1/armv6-m\libgcc.a(_arm_cmpdf2.o) (__ledf2)

Allocating common symbols
Common symbol       size              file

imu_ay_si           0x4               app\src\I2C.o
imu_az_si           0x4               app\src\I2C.o
raw_az              0x2               app\src\I2C.o
raw_gz              0x2               app\src\I2C.o
imu_mx              0x4               app\src\I2C.o
xComQueue           0x4               app\src\main.o
RecorderData        0x1918            TraceRecorder\trcSnapshotRecorder.o
imu_gy              0x4               app\src\I2C.o
raw_my              0x2               app\src\I2C.o
raw_ay              0x2               app\src\I2C.o
[...]
Memory Configuration

Name             Origin             Length             Attributes
FLASH            0x08000000         0x00020000         xr
RAM              0x20000000         0x00004000         xrw
MEMORY_B1        0x60000000         0x00000000         xr
*default*        0x00000000         0xffffffff

Linker script and memory map

LOAD c:/program files (x86)/atollic/truestudio for stm32 9.3.0/armtools/bin/../lib/gcc/arm-atollic-eabi/6.3.1/armv6-m/crti.o
LOAD c:/program files (x86)/atollic/truestudio for stm32 9.3.0/armtools/bin/../lib/gcc/arm-atollic-eabi/6.3.1/armv6-m/crtbegin.o
LOAD FreeRTOS\croutine.o
LOAD FreeRTOS\event_groups.o
LOAD FreeRTOS\list.o
LOAD FreeRTOS\portable\GCC\ARM_CM0\port.o
LOAD FreeRTOS\portable\MemMang\heap_1.o
LOAD FreeRTOS\queue.o
LOAD FreeRTOS\stream_buffer.o
LOAD FreeRTOS\tasks.o
LOAD FreeRTOS\timers.o
LOAD TraceRecorder\trcKernelPort.o
LOAD TraceRecorder\trcSnapshotRecorder.o
LOAD TraceRecorder\trcStreamingRecorder.o
LOAD app\src\I2C.o
LOAD app\src\MPU9250.o
LOAD app\src\SPI.o
LOAD app\src\events.o
LOAD app\src\main.o
LOAD app\src\printf-stdarg.o
LOAD app\src\stm32f0xx_it.o
LOAD bsp\src\bsp.o
LOAD bsp\src\delay.o
LOAD cmsis\device\src\startup_stm32f072xb.o
LOAD cmsis\device\src\system_stm32f0xx.o
                0x00000080                malloc_getpagesize_P = 0x80
START GROUP
LOAD c:/program files (x86)/atollic/truestudio for stm32 9.3.0/armtools/bin/../lib/gcc/arm-atollic-eabi/6.3.1/../../../../arm-atollic-eabi/lib/armv6-m\libc_nano.a
LOAD c:/program files (x86)/atollic/truestudio for stm32 9.3.0/armtools/bin/../lib/gcc/arm-atollic-eabi/6.3.1/../../../../arm-atollic-eabi/lib/armv6-m\libm.a
END GROUP
START GROUP
LOAD c:/program files (x86)/atollic/truestudio for stm32 9.3.0/armtools/bin/../lib/gcc/arm-atollic-eabi/6.3.1/armv6-m\libgcc.a
LOAD c:/program files (x86)/atollic/truestudio for stm32 9.3.0/armtools/bin/../lib/gcc/arm-atollic-eabi/6.3.1/../../../../arm-atollic-eabi/lib/armv6-m\libc_nano.a
END GROUP
START GROUP
LOAD c:/program files (x86)/atollic/truestudio for stm32 9.3.0/armtools/bin/../lib/gcc/arm-atollic-eabi/6.3.1/armv6-m\libgcc.a
LOAD c:/program files (x86)/atollic/truestudio for stm32 9.3.0/armtools/bin/../lib/gcc/arm-atollic-eabi/6.3.1/../../../../arm-atollic-eabi/lib/armv6-m\libc_nano.a
LOAD c:/program files (x86)/atollic/truestudio for stm32 9.3.0/armtools/bin/../lib/gcc/arm-atollic-eabi/6.3.1/../../../../arm-atollic-eabi/lib/armv6-m\libnosys.a
END GROUP
START GROUP
LOAD c:/program files (x86)/atollic/truestudio for stm32 9.3.0/armtools/bin/../lib/gcc/arm-atollic-eabi/6.3.1/armv6-m\libgcc.a
LOAD c:/program files (x86)/atollic/truestudio for stm32 9.3.0/armtools/bin/../lib/gcc/arm-atollic-eabi/6.3.1/../../../../arm-atollic-eabi/lib/armv6-m\libc_nano.a
LOAD c:/program files (x86)/atollic/truestudio for stm32 9.3.0/armtools/bin/../lib/gcc/arm-atollic-eabi/6.3.1/../../../../arm-atollic-eabi/lib/armv6-m\libnosys.a
END GROUP
LOAD c:/program files (x86)/atollic/truestudio for stm32 9.3.0/armtools/bin/../lib/gcc/arm-atollic-eabi/6.3.1/armv6-m/crtend.o
LOAD c:/program files (x86)/atollic/truestudio for stm32 9.3.0/armtools/bin/../lib/gcc/arm-atollic-eabi/6.3.1/armv6-m/crtn.o
                0x20004000                _estack = 0x20004000
                0x00000000                _Min_Heap_Size = 0x0
                0x00000080                _Min_Stack_Size = 0x80

.isr_vector     0x08000000       0xc0
                0x08000000                . = ALIGN (0x4)
 *(.isr_vector)
 .isr_vector    0x08000000       0xc0 cmsis\device\src\startup_stm32f072xb.o
                0x08000000                g_pfnVectors
                0x080000c0                . = ALIGN (0x4)

.text           0x080000c0     0xb998
                0x080000c0                . = ALIGN (0x4)
 *(.text)
 .text          0x080000c0        0x0 c:/program files (x86)/atollic/truestudio for stm32 9.3.0/armtools/bin/../lib/gcc/arm-atollic-eabi/6.3.1/armv6-m/crti.o
 .text          0x080000c0       0x48 c:/program files (x86)/atollic/truestudio for stm32 9.3.0/armtools/bin/../lib/gcc/arm-atollic-eabi/6.3.1/armv6-m/crtbegin.o
 .text          0x08000108        0x0 FreeRTOS\croutine.o
 .text          0x08000108      0x938 FreeRTOS\event_groups.o
                0x08000108                xEventGroupCreate
                0x080001fc                xEventGroupSync
                0x08000408                xEventGroupWaitBits
                0x08000678                xEventGroupClearBits
                0x08000714                xEventGroupGetBitsFromISR
                0x08000740                xEventGroupSetBits
                0x08000884                vEventGroupDelete
                0x08000984                vEventGroupSetBitsCallback
                0x080009a2                vEventGroupClearBitsCallback
                0x080009fe                uxEventGroupGetNumber
                0x08000a26                vEventGroupSetNumber
 .text          0x08000a40      0x152 FreeRTOS\list.o
                0x08000a40                vListInitialise
                0x08000a7c                vListInitialiseItem
                0x08000a92                vListInsertEnd
                0x08000ad6                vListInsert
                0x08000b42                uxListRemove
 *fill*         0x08000b92        0xe 
 .text          0x08000ba0      0x25c FreeRTOS\portable\GCC\ARM_CM0\port.o
                0x08000ba0                pxPortInitialiseStack
                0x08000c20                SVC_Handler
                0x08000c56                xPortStartScheduler
                0x08000c9c                vPortEndScheduler
                0x08000cbc                vPortYield
                0x08000cdc                vPortEnterCritical
                0x08000d00                vPortExitCritical
                0x08000d30                ulSetInterruptMaskFromISR
                0x08000d3c                vClearInterruptMaskFromISR
                0x08000d44                PendSV_Handler
                0x08000d96                SysTick_Handler
 .text          0x08000dfc       0xf8 FreeRTOS\portable\MemMang\heap_1.o
                0x08000dfc                pvPortMalloc
                0x08000ea8                vPortFree
                0x08000ec2                vPortInitialiseBlocks
                0x08000ed8                xPortGetFreeHeapSize
 .text          0x08000ef4     0x1d7c FreeRTOS\queue.o
                0x08000ef4                xQueueGenericReset
                0x08000f9c                xQueueGenericCreate
                0x080011bc                xQueueCreateMutex
                0x080011f4                xQueueGenericSend
                0x080015b8                xQueueGenericSendFromISR
                0x08001790                xQueueGiveFromISR
                0x080017b0                MyWrapper_xQueueGiveFromISR
                0x08001974                xQueueReceive
                0x08001d48                xQueueSemaphoreTake
                0x08002170                xQueuePeek
                0x080024f0                xQueueReceiveFromISR
                0x08002698                xQueuePeekFromISR
                0x0800271c                uxQueueMessagesWaiting
                0x08002746                uxQueueSpacesAvailable
                0x0800277a                uxQueueMessagesWaitingFromISR
                0x080027a0                vQueueDelete
                0x080028f4                uxQueueGetQueueNumber
                0x08002908                vQueueSetQueueNumber
                0x08002920                ucQueueGetQueueType
                0x08002b70                xQueueIsQueueEmptyFromISR
                0x08002bd2                xQueueIsQueueFullFromISR
                0x08002c08                vQueueWaitForMessageRestricted
 .text          0x08002c70      0xa5c FreeRTOS\stream_buffer.o
                0x08002c70                xStreamBufferGenericCreate
                0x08002cfa                vStreamBufferDelete
                0x08002d3a                xStreamBufferReset
                0x08002da0                xStreamBufferSetTriggerLevel
                0x08002de6                xStreamBufferSpacesAvailable
                0x08002e36                xStreamBufferBytesAvailable
                0x08002e62                xStreamBufferSend
                0x08002f90                xStreamBufferSendFromISR
                0x080030bc                xStreamBufferReceive
                0x080031c0                xStreamBufferNextMessageLengthBytes
                0x08003232                xStreamBufferReceiveFromISR
                0x08003342                xStreamBufferIsEmpty
                0x0800337c                xStreamBufferIsFull
                0x080033cc                xStreamBufferSendCompletedFromISR
                0x08003428                xStreamBufferReceiveCompletedFromISR
                0x08003686                uxStreamBufferGetStreamBufferNumber
                0x0800369a                vStreamBufferSetStreamBufferNumber
                0x080036b2                ucStreamBufferGetStreamBufferType
 .text          0x080036cc     0x2054 FreeRTOS\tasks.o
                0x080036cc                xTaskCreate
                0x08003a14                vTaskDelayUntil
                0x08003b3c                vTaskDelay
                0x08003bf8                eTaskGetState
                0x08003c78                vTaskStartScheduler
                0x08003d38                vTaskEndScheduler
                0x08003d54                vTaskSuspendAll
                0x08003d6c                xTaskResumeAll
                0x08003eb4                xTaskGetTickCount
                0x08003ed0                xTaskGetTickCountFromISR
                0x08003ef0                uxTaskGetNumberOfTasks
                0x08003f04                pcTaskGetName
                0x08003f38                uxTaskGetSystemState
                0x08004008                xTaskIncrementTick
                0x080041bc                vTaskSwitchContext
                0x080042a4                vTaskPlaceOnEventList
                0x080042e0                vTaskPlaceOnUnorderedEventList
                0x0800433c                vTaskPlaceOnEventListRestricted
                0x08004400                xTaskRemoveFromEventList
                0x080044e8                vTaskRemoveFromUnorderedEventList
                0x080045bc                vTaskSetTimeOutState
                0x080045f8                vTaskInternalSetTimeOutState
                0x08004620                xTaskCheckForTimeOut
                0x080046b4                vTaskMissedYield
                0x080046c8                uxTaskGetTaskNumber
                0x080046f0                vTaskSetTaskNumber
                0x080047aa                vTaskGetInfo
                0x0800493e                uxTaskGetStackHighWaterMark
                0x080049b4                xTaskGetCurrentTaskHandle
                0x080049d0                xTaskGetSchedulerState
                0x08004a08                xTaskPriorityInherit
                0x08004b6c                xTaskPriorityDisinherit
                0x08004cb4                vTaskPriorityDisinheritAfterTimeout
                0x08004e28                uxTaskResetEventItemValue
                0x08004e54                pvTaskIncrementMutexHeldCount
                0x08004e78                ulTaskNotifyTake
                0x08005030                xTaskNotifyWait
                0x080051a0                xTaskGenericNotify
                0x08005340                xTaskGenericNotifyFromISR
                0x08005500                vTaskNotifyGiveFromISR
                0x0800564c                xTaskNotifyStateClear
 .text          0x08005720      0xb40 FreeRTOS\timers.o
                0x08005720                xTimerCreateTimerTask
                0x08005774                xTimerCreate
                0x080058bc                xTimerGenericCommand
                0x08005b0c                xTimerGetTimerDaemonTaskHandle
                0x08005b2c                xTimerGetPeriod
                0x08005b4e                vTimerSetReloadMode
                0x08005ba2                xTimerGetExpiryTime
                0x08005bc8                pcTimerGetName
                0x08006198                xTimerIsTimerActive
                0x080061d8                pvTimerGetTimerID
                0x08006206                vTimerSetTimerID
                0x08006234                uxTimerGetTimerNumber
                0x08006248                vTimerSetTimerNumber
 .text          0x08006260      0x6b0 TraceRecorder\trcKernelPort.o
                0x08006260                prvTraceGetQueueNumber
                0x0800627a                prvTraceGetQueueType
                0x08006294                prvTraceGetTaskNumberLow16
                0x080062b0                prvTraceGetTaskNumberHigh16
                0x080062ce                prvTraceSetTaskNumberLow16
                0x08006302                prvTraceSetTaskNumberHigh16
                0x08006338                prvTraceGetQueueNumberLow16
                0x08006354                prvTraceGetQueueNumberHigh16
                0x08006372                prvTraceSetQueueNumberLow16
                0x080063a6                prvTraceSetQueueNumberHigh16
                0x080063dc                prvTraceGetTimerNumberLow16
                0x080063f8                prvTraceGetTimerNumberHigh16
                0x08006416                prvTraceSetTimerNumberLow16
                0x0800644a                prvTraceSetTimerNumberHigh16
                0x08006480                prvTraceGetEventGroupNumberLow16
                0x0800649c                prvTraceGetEventGroupNumberHigh16
                0x080064ba                prvTraceSetEventGroupNumberLow16
                0x080064ee                prvTraceSetEventGroupNumberHigh16
                0x08006524                vTraceSetQueueName
                0x0800654c                vTraceSetSemaphoreName
                0x08006574                vTraceSetMutexName
                0x0800659c                vTraceSetEventGroupName
                0x080065c4                prvTraceGetCurrentTaskHandle
                0x080065d4                vTraceEnable
                0x0800661c                vTraceInitObjectPropertyTable
                0x080067bc                vTraceInitObjectHandleStack
                0x08006880                pszTraceGetErrorNotEnoughHandles
                0x080068f8                prvTraceIsSchedulerSuspended
 .text          0x08006910     0x2a1c TraceRecorder\trcSnapshotRecorder.o
                0x08006910                vTraceSetStopHook
                0x0800692c                vTraceClear
                0x080069dc                uiTraceStart
                0x08006ad8                vTraceStart
                0x08006ae6                vTraceStop
                0x08006b18                xTraceIsRecordingEnabled
                0x08006b38                xTraceGetLastError
                0x08006b4c                vTraceClearError
                0x08006b7c                xTraceGetTraceBuffer
                0x08006b90                uiTraceGetTraceBufferSize
                0x08006c48                vTraceInstanceFinishedNext
                0x08006c58                vTraceInstanceFinishedNow
                0x08006c68                xTraceSetISRProperties
                0x08006d04                vTraceStoreISRBegin
                0x08006e48                vTraceStoreISREnd
                0x080074d0                vTracePrintF
                0x08007500                vTraceVPrintF
                0x08007664                vTracePrint
                0x08007714                xTraceRegisterString
                0x08007764                prvTraceSetReadyEventsEnabled
                0x08007780                prvTraceStoreTaskReady
                0x08007868                prvTraceStoreLowPower
                0x08007920                vTraceStoreMemMangEvent
                0x08007a60                prvTraceStoreKernelCall
                0x08007b80                prvTraceStoreKernelCallWithParam
                0x08007d38                prvTraceStoreKernelCallWithNumericParamOnly
                0x08007e20                prvTraceStoreTaskswitch
                0x08007f20                prvTraceStoreObjectNameOnCloseEvent
                0x08007ff8                prvTraceStoreObjectPropertiesOnCloseEvent
                0x080080f8                prvTraceSetPriorityProperty
                0x08008194                prvTraceGetPriorityProperty
                0x08008228                prvTraceSetObjectState
                0x08008354                prvTraceSetTaskInstanceFinished
                0x080083b0                prvTraceInitTraceData
                0x08008650                uiIndexOfObject
                0x08008724                prvTraceGetObjectHandle
                0x080088b4                prvTraceFreeObjectHandle
                0x08008978                prvMarkObjectAsUsed
                0x08008a0c                prvTraceSetObjectName
                0x08008bb8                vTraceSetFrequency
                0x08008bd4                prvTraceError
                0x08008c34                vTraceSetFilterMask
                0x08008c54                vTraceSetFilterGroup
                0x08009248                prvTracePortGetTimeStamp
 .text          0x0800932c        0x0 TraceRecorder\trcStreamingRecorder.o
 .text          0x0800932c      0x550 app\src\I2C.o
                0x0800932c                BSP_I2C2_Init
                0x080093f8                BSP_I2C1_Init
                0x080094cc                BSP_I2C1_Read
                0x0800967c                BSP_I2C1_Write
                0x080097d0                wait_for_flags
 .text          0x0800987c      0x1a8 app\src\MPU9250.o
                0x0800987c                BSP_MPU9250_Init
 .text          0x08009a24      0x114 app\src\SPI.o
                0x08009a24                BSP_SPI2_Common_Init
                0x08009acc                BSP_SPI2_CSPins_Init
 .text          0x08009b38        0x0 app\src\events.o
 .text          0x08009b38      0x7c0 app\src\main.o
                0x08009c40                main
                0x08009f88                vTask1
                0x08009f92                vTask2
                0x0800a074                Task_Write
 .text          0x0800a2f8      0x41c app\src\printf-stdarg.o
                0x0800a6bc                my_printf
                0x0800a6e6                my_sprintf
 .text          0x0800a714       0xc0 app\src\stm32f0xx_it.o
                0x0800a714                NMI_Handler
                0x0800a71e                HardFault_Handler
                0x0800a724                USART2_IRQHandler
                0x0800a778                DMA1_Channel4_5_6_7_IRQHandler
 .text          0x0800a7d4      0x214 bsp\src\bsp.o
                0x0800a7d4                BSP_LED_Init
                0x0800a864                BSP_LED_On
                0x0800a876                BSP_LED_Off
                0x0800a88a                BSP_LED_Toggle
                0x0800a8a4                BSP_PB_Init
                0x0800a8e8                BSP_PB_GetState
                0x0800a920                BSP_Console_Init
 .text          0x0800a9e8       0x58 bsp\src\delay.o
                0x0800a9e8                delay_ms
                0x0800aa14                delay_us
 .text          0x0800aa40       0x14 cmsis\device\src\startup_stm32f072xb.o
 .text          0x0800aa54      0x188 cmsis\device\src\system_stm32f0xx.o
                0x0800aa54                SystemInit
                0x0800aadc                SystemCoreClockUpdate
 .text          0x0800abdc        0x0 c:/program files (x86)/atollic/truestudio for stm32 9.3.0/armtools/bin/../lib/gcc/arm-atollic-eabi/6.3.1/../../../../arm-atollic-eabi/lib/armv6-m\libc_nano.a(lib_a-init.o)
 .text          0x0800abdc        0x0 c:/program files (x86)/atollic/truestudio for stm32 9.3.0/armtools/bin/../lib/gcc/arm-atollic-eabi/6.3.1/../../../../arm-atollic-eabi/lib/armv6-m\libc_nano.a(lib_a-memcpy-stub.o)
 .text          0x0800abdc        0x0 c:/program files (x86)/atollic/truestudio for stm32 9.3.0/armtools/bin/../lib/gcc/arm-atollic-eabi/6.3.1/../../../../arm-atollic-eabi/lib/armv6-m\libc_nano.a(lib_a-memset.o)
 .text          0x0800abdc        0x0 c:/program files (x86)/atollic/truestudio for stm32 9.3.0/armtools/bin/../lib/gcc/arm-atollic-eabi/6.3.1/../../../../arm-atollic-eabi/lib/armv6-m\libc_nano.a(lib_a-strncmp.o)
 .text          0x0800abdc      0x114 c:/program files (x86)/atollic/truestudio for stm32 9.3.0/armtools/bin/../lib/gcc/arm-atollic-eabi/6.3.1/armv6-m\libgcc.a(_udivsi3.o)
                0x0800abdc                __aeabi_uidiv
                0x0800abdc                __udivsi3
                0x0800ace8                __aeabi_uidivmod
 .text          0x0800acf0        0x4 c:/program files (x86)/atollic/truestudio for stm32 9.3.0/armtools/bin/../lib/gcc/arm-atollic-eabi/6.3.1/armv6-m\libgcc.a(_dvmd_tls.o)
                0x0800acf0                __aeabi_idiv0
                0x0800acf0                __aeabi_ldiv0
 .text          0x0800acf4       0x3c c:/program files (x86)/atollic/truestudio for stm32 9.3.0/armtools/bin/../lib/gcc/arm-atollic-eabi/6.3.1/armv6-m\libgcc.a(_fixunsdfsi.o)
                0x0800acf4                __aeabi_d2uiz
                0x0800acf4                __fixunsdfsi
 .text          0x0800ad30      0x240 c:/program files (x86)/atollic/truestudio for stm32 9.3.0/armtools/bin/../lib/gcc/arm-atollic-eabi/6.3.1/armv6-m\libgcc.a(mulsf3.o)
                0x0800ad30                __aeabi_fmul
 .text          0x0800af70       0xa0 c:/program files (x86)/atollic/truestudio for stm32 9.3.0/armtools/bin/../lib/gcc/arm-atollic-eabi/6.3.1/armv6-m\libgcc.a(floatsisf.o)
                0x0800af70                __aeabi_i2f
 .text          0x0800b010      0x62c c:/program files (x86)/atollic/truestudio for stm32 9.3.0/armtools/bin/../lib/gcc/arm-atollic-eabi/6.3.1/armv6-m\libgcc.a(subdf3.o)
                0x0800b010                __aeabi_dsub
 .text          0x0800b63c       0x68 c:/program files (x86)/atollic/truestudio for stm32 9.3.0/armtools/bin/../lib/gcc/arm-atollic-eabi/6.3.1/armv6-m\libgcc.a(fixdfsi.o)
                0x0800b63c                __aeabi_d2iz
 .text          0x0800b6a4       0x7c c:/program files (x86)/atollic/truestudio for stm32 9.3.0/armtools/bin/../lib/gcc/arm-atollic-eabi/6.3.1/armv6-m\libgcc.a(_arm_cmpdf2.o)
                0x0800b6a4                __aeabi_cdrcmple
                0x0800b6b4                __aeabi_cdcmple
                0x0800b6b4                __aeabi_cdcmpeq
                0x0800b6c4                __aeabi_dcmpeq
                0x0800b6d0                __aeabi_dcmplt
                0x0800b6e4                __aeabi_dcmple
                0x0800b6f8                __aeabi_dcmpgt
                0x0800b70c                __aeabi_dcmpge
 .text          0x0800b720       0x3c c:/program files (x86)/atollic/truestudio for stm32 9.3.0/armtools/bin/../lib/gcc/arm-atollic-eabi/6.3.1/armv6-m\libgcc.a(_clzsi2.o)
                0x0800b720                __clzsi2
 .text          0x0800b75c       0x74 c:/program files (x86)/atollic/truestudio for stm32 9.3.0/armtools/bin/../lib/gcc/arm-atollic-eabi/6.3.1/armv6-m\libgcc.a(eqdf2.o)
                0x0800b75c                __nedf2
                0x0800b75c                __eqdf2
 .text          0x0800b7d0       0xc8 c:/program files (x86)/atollic/truestudio for stm32 9.3.0/armtools/bin/../lib/gcc/arm-atollic-eabi/6.3.1/armv6-m\libgcc.a(gedf2.o)
                0x0800b7d0                __gedf2
                0x0800b7d0                __gtdf2
 .text          0x0800b898       0xc4 c:/program files (x86)/atollic/truestudio for stm32 9.3.0/armtools/bin/../lib/gcc/arm-atollic-eabi/6.3.1/armv6-m\libgcc.a(ledf2.o)
                0x0800b898                __ledf2
                0x0800b898                __ltdf2
 .text          0x0800b95c        0x0 c:/program files (x86)/atollic/truestudio for stm32 9.3.0/armtools/bin/../lib/gcc/arm-atollic-eabi/6.3.1/armv6-m/crtend.o
 .text          0x0800b95c        0x0 c:/program files (x86)/atollic/truestudio for stm32 9.3.0/armtools/bin/../lib/gcc/arm-atollic-eabi/6.3.1/armv6-m/crtn.o
 *(.text*)
 .text.Reset_Handler
                0x0800b95c       0x50 cmsis\device\src\startup_stm32f072xb.o
                0x0800b95c                Reset_Handler
 .text.Default_Handler
                0x0800b9ac        0x2 cmsis\device\src\startup_stm32f072xb.o
                0x0800b9ac                TIM1_CC_IRQHandler
                0x0800b9ac                TSC_IRQHandler
                0x0800b9ac                ADC1_COMP_IRQHandler
                0x0800b9ac                I2C1_IRQHandler
                0x0800b9ac                RCC_CRS_IRQHandler
                0x0800b9ac                SPI1_IRQHandler
                0x0800b9ac                TIM6_DAC_IRQHandler
                0x0800b9ac                USART3_4_IRQHandler
                0x0800b9ac                EXTI2_3_IRQHandler
                0x0800b9ac                I2C2_IRQHandler
                0x0800b9ac                TIM17_IRQHandler
                0x0800b9ac                CEC_CAN_IRQHandler
                0x0800b9ac                RTC_IRQHandler
                0x0800b9ac                PVD_VDDIO2_IRQHandler
                0x0800b9ac                TIM16_IRQHandler
                0x0800b9ac                TIM3_IRQHandler
                0x0800b9ac                EXTI4_15_IRQHandler
                0x0800b9ac                DMA1_Channel1_IRQHandler
                0x0800b9ac                Default_Handler
                0x0800b9ac                TIM14_IRQHandler
                0x0800b9ac                TIM7_IRQHandler
                0x0800b9ac                TIM15_IRQHandler
                0x0800b9ac                EXTI0_1_IRQHandler
                0x0800b9ac                USB_IRQHandler
                0x0800b9ac                SPI2_IRQHandler
                0x0800b9ac                WWDG_IRQHandler
                0x0800b9ac                TIM2_IRQHandler
                0x0800b9ac                DMA1_Channel2_3_IRQHandler
                0x0800b9ac                FLASH_IRQHandler
                0x0800b9ac                USART1_IRQHandler
                0x0800b9ac                TIM1_BRK_UP_TRG_COM_IRQHandler
 *fill*         0x0800b9ae        0x2 
 .text.__libc_init_array
                0x0800b9b0       0x48 c:/program files (x86)/atollic/truestudio for stm32 9.3.0/armtools/bin/../lib/gcc/arm-atollic-eabi/6.3.1/../../../../arm-atollic-eabi/lib/armv6-m\libc_nano.a(lib_a-init.o)
                0x0800b9b0                __libc_init_array
 .text.memcpy   0x0800b9f8       0x12 c:/program files (x86)/atollic/truestudio for stm32 9.3.0/armtools/bin/../lib/gcc/arm-atollic-eabi/6.3.1/../../../../arm-atollic-eabi/lib/armv6-m\libc_nano.a(lib_a-memcpy-stub.o)
                0x0800b9f8                memcpy
 .text.memset   0x0800ba0a       0x10 c:/program files (x86)/atollic/truestudio for stm32 9.3.0/armtools/bin/../lib/gcc/arm-atollic-eabi/6.3.1/../../../../arm-atollic-eabi/lib/armv6-m\libc_nano.a(lib_a-memset.o)
                0x0800ba0a                memset
 .text.strncmp  0x0800ba1a       0x22 c:/program files (x86)/atollic/truestudio for stm32 9.3.0/armtools/bin/../lib/gcc/arm-atollic-eabi/6.3.1/../../../../arm-atollic-eabi/lib/armv6-m\libc_nano.a(lib_a-strncmp.o)
                0x0800ba1a                strncmp
 *(.glue_7)
 .glue_7        0x0800ba3c        0x0 linker stubs
 *(.glue_7t)
 .glue_7t       0x0800ba3c        0x0 linker stubs
 *(.eh_frame)
 .eh_frame      0x0800ba3c        0x0 c:/program files (x86)/atollic/truestudio for stm32 9.3.0/armtools/bin/../lib/gcc/arm-atollic-eabi/6.3.1/armv6-m/crtbegin.o
 .eh_frame      0x0800ba3c        0x4 c:/program files (x86)/atollic/truestudio for stm32 9.3.0/armtools/bin/../lib/gcc/arm-atollic-eabi/6.3.1/armv6-m/crtend.o
 *(.init)
 .init          0x0800ba40        0x4 c:/program files (x86)/atollic/truestudio for stm32 9.3.0/armtools/bin/../lib/gcc/arm-atollic-eabi/6.3.1/armv6-m/crti.o
                0x0800ba40                _init
 .init          0x0800ba44        0x8 c:/program files (x86)/atollic/truestudio for stm32 9.3.0/armtools/bin/../lib/gcc/arm-atollic-eabi/6.3.1/armv6-m/crtn.o
 *(.fini)
 .fini          0x0800ba4c        0x4 c:/program files (x86)/atollic/truestudio for stm32 9.3.0/armtools/bin/../lib/gcc/arm-atollic-eabi/6.3.1/armv6-m/crti.o
                0x0800ba4c                _fini
 .fini          0x0800ba50        0x8 c:/program files (x86)/atollic/truestudio for stm32 9.3.0/armtools/bin/../lib/gcc/arm-atollic-eabi/6.3.1/armv6-m/crtn.o
                0x0800ba58                . = ALIGN (0x4)
                0x0800ba58                _etext = .

.vfp11_veneer   0x0800ba58        0x0
 .vfp11_veneer  0x0800ba58        0x0 linker stubs

.v4_bx          0x0800ba58        0x0
 .v4_bx         0x0800ba58        0x0 linker stubs

.iplt           0x0800ba58        0x0
 .iplt          0x0800ba58        0x0 c:/program files (x86)/atollic/truestudio for stm32 9.3.0/armtools/bin/../lib/gcc/arm-atollic-eabi/6.3.1/armv6-m/crtbegin.o

.rodata         0x0800ba58     0x1584
                0x0800ba58                . = ALIGN (0x4)
 *(.rodata)
 .rodata        0x0800ba58       0x30 FreeRTOS\tasks.o
 .rodata        0x0800ba88       0x30 FreeRTOS\timers.o
 .rodata        0x0800bab8      0x398 TraceRecorder\trcKernelPort.o
 .rodata        0x0800be50     0x10a7 TraceRecorder\trcSnapshotRecorder.o
 *fill*         0x0800cef7        0x1 
 .rodata        0x0800cef8       0x81 app\src\main.o
 *fill*         0x0800cf79        0x3 
 .rodata        0x0800cf7c        0x7 app\src\printf-stdarg.o
 *fill*         0x0800cf83        0x1 
 .rodata        0x0800cf84       0x18 cmsis\device\src\system_stm32f0xx.o
                0x0800cf84                AHBPrescTable
                0x0800cf94                APBPrescTable
 .rodata        0x0800cf9c       0x40 c:/program files (x86)/atollic/truestudio for stm32 9.3.0/armtools/bin/../lib/gcc/arm-atollic-eabi/6.3.1/armv6-m\libgcc.a(mulsf3.o)
 *(.rodata*)
                0x0800cfdc                . = ALIGN (0x4)

.rel.dyn        0x0800cfdc        0x0
 .rel.iplt      0x0800cfdc        0x0 c:/program files (x86)/atollic/truestudio for stm32 9.3.0/armtools/bin/../lib/gcc/arm-atollic-eabi/6.3.1/armv6-m/crtbegin.o

.ARM.extab
 *(.ARM.extab* .gnu.linkonce.armextab.*)

.ARM            0x0800cfdc        0x0
                0x0800cfdc                __exidx_start = .
 *(.ARM.exidx*)
                0x0800cfdc                __exidx_end = .

.preinit_array  0x0800cfdc        0x0
                0x0800cfdc                PROVIDE (__preinit_array_start, .)
 *(.preinit_array*)
                0x0800cfdc                PROVIDE (__preinit_array_end, .)

.init_array     0x0800cfdc        0x4
                0x0800cfdc                PROVIDE (__init_array_start, .)
 *(SORT(.init_array.*))
 *(.init_array*)
 .init_array    0x0800cfdc        0x4 c:/program files (x86)/atollic/truestudio for stm32 9.3.0/armtools/bin/../lib/gcc/arm-atollic-eabi/6.3.1/armv6-m/crtbegin.o
                0x0800cfe0                PROVIDE (__init_array_end, .)

.fini_array     0x0800cfe0        0x4
                [!provide]                PROVIDE (__fini_array_start, .)
 *(SORT(.fini_array.*))
 *(.fini_array*)
 .fini_array    0x0800cfe0        0x4 c:/program files (x86)/atollic/truestudio for stm32 9.3.0/armtools/bin/../lib/gcc/arm-atollic-eabi/6.3.1/armv6-m/crtbegin.o
                [!provide]                PROVIDE (__fini_array_end, .)
                0x0800cfe4                _sidata = LOADADDR (.data)

.data           0x20000000       0x30 load address 0x0800cfe4
                0x20000000                . = ALIGN (0x4)
                0x20000000                _sdata = .
 *(.data)
 .data          0x20000000        0x0 c:/program files (x86)/atollic/truestudio for stm32 9.3.0/armtools/bin/../lib/gcc/arm-atollic-eabi/6.3.1/armv6-m/crti.o
 .data          0x20000000        0x4 c:/program files (x86)/atollic/truestudio for stm32 9.3.0/armtools/bin/../lib/gcc/arm-atollic-eabi/6.3.1/armv6-m/crtbegin.o
                0x20000000                __dso_handle
 .data          0x20000004        0x0 FreeRTOS\croutine.o
 .data          0x20000004        0x0 FreeRTOS\event_groups.o
 .data          0x20000004        0x0 FreeRTOS\list.o
 .data          0x20000004        0x4 FreeRTOS\portable\GCC\ARM_CM0\port.o
 .data          0x20000008        0x0 FreeRTOS\portable\MemMang\heap_1.o
 .data          0x20000008        0x0 FreeRTOS\queue.o
 .data          0x20000008        0x0 FreeRTOS\stream_buffer.o
 .data          0x20000008        0x0 FreeRTOS\tasks.o
 .data          0x20000008        0x0 FreeRTOS\timers.o
 .data          0x20000008        0x5 TraceRecorder\trcKernelPort.o
                0x20000008                TraceQueueClassTable
 *fill*         0x2000000d        0x3 
 .data          0x20000010        0x8 TraceRecorder\trcSnapshotRecorder.o
                0x20000014                CurrentFilterMask
                0x20000016                CurrentFilterGroup
 .data          0x20000018        0x0 TraceRecorder\trcStreamingRecorder.o
 .data          0x20000018        0x0 app\src\I2C.o
 .data          0x20000018        0x0 app\src\MPU9250.o
 .data          0x20000018        0x0 app\src\SPI.o
 .data          0x20000018        0x0 app\src\events.o
 .data          0x20000018       0x13 app\src\main.o
                0x20000018                inventory_with_report
 .data          0x2000002b        0x0 app\src\printf-stdarg.o
 .data          0x2000002b        0x0 app\src\stm32f0xx_it.o
 .data          0x2000002b        0x0 bsp\src\bsp.o
 .data          0x2000002b        0x0 bsp\src\delay.o
 .data          0x2000002b        0x0 cmsis\device\src\startup_stm32f072xb.o
 *fill*         0x2000002b        0x1 
 .data          0x2000002c        0x4 cmsis\device\src\system_stm32f0xx.o
                0x2000002c                SystemCoreClock
 .data          0x20000030        0x0 c:/program files (x86)/atollic/truestudio for stm32 9.3.0/armtools/bin/../lib/gcc/arm-atollic-eabi/6.3.1/../../../../arm-atollic-eabi/lib/armv6-m\libc_nano.a(lib_a-init.o)
 .data          0x20000030        0x0 c:/program files (x86)/atollic/truestudio for stm32 9.3.0/armtools/bin/../lib/gcc/arm-atollic-eabi/6.3.1/../../../../arm-atollic-eabi/lib/armv6-m\libc_nano.a(lib_a-memcpy-stub.o)
 .data          0x20000030        0x0 c:/program files (x86)/atollic/truestudio for stm32 9.3.0/armtools/bin/../lib/gcc/arm-atollic-eabi/6.3.1/../../../../arm-atollic-eabi/lib/armv6-m\libc_nano.a(lib_a-memset.o)
 .data          0x20000030        0x0 c:/program files (x86)/atollic/truestudio for stm32 9.3.0/armtools/bin/../lib/gcc/arm-atollic-eabi/6.3.1/../../../../arm-atollic-eabi/lib/armv6-m\libc_nano.a(lib_a-strncmp.o)
 .data          0x20000030        0x0 c:/program files (x86)/atollic/truestudio for stm32 9.3.0/armtools/bin/../lib/gcc/arm-atollic-eabi/6.3.1/armv6-m\libgcc.a(_udivsi3.o)
 .data          0x20000030        0x0 c:/program files (x86)/atollic/truestudio for stm32 9.3.0/armtools/bin/../lib/gcc/arm-atollic-eabi/6.3.1/armv6-m\libgcc.a(_dvmd_tls.o)
 .data          0x20000030        0x0 c:/program files (x86)/atollic/truestudio for stm32 9.3.0/armtools/bin/../lib/gcc/arm-atollic-eabi/6.3.1/armv6-m\libgcc.a(_fixunsdfsi.o)
 .data          0x20000030        0x0 c:/program files (x86)/atollic/truestudio for stm32 9.3.0/armtools/bin/../lib/gcc/arm-atollic-eabi/6.3.1/armv6-m\libgcc.a(mulsf3.o)
 .data          0x20000030        0x0 c:/program files (x86)/atollic/truestudio for stm32 9.3.0/armtools/bin/../lib/gcc/arm-atollic-eabi/6.3.1/armv6-m\libgcc.a(floatsisf.o)
 .data          0x20000030        0x0 c:/program files (x86)/atollic/truestudio for stm32 9.3.0/armtools/bin/../lib/gcc/arm-atollic-eabi/6.3.1/armv6-m\libgcc.a(subdf3.o)
 .data          0x20000030        0x0 c:/program files (x86)/atollic/truestudio for stm32 9.3.0/armtools/bin/../lib/gcc/arm-atollic-eabi/6.3.1/armv6-m\libgcc.a(fixdfsi.o)
 .data          0x20000030        0x0 c:/program files (x86)/atollic/truestudio for stm32 9.3.0/armtools/bin/../lib/gcc/arm-atollic-eabi/6.3.1/armv6-m\libgcc.a(_arm_cmpdf2.o)
 .data          0x20000030        0x0 c:/program files (x86)/atollic/truestudio for stm32 9.3.0/armtools/bin/../lib/gcc/arm-atollic-eabi/6.3.1/armv6-m\libgcc.a(_clzsi2.o)
 .data          0x20000030        0x0 c:/program files (x86)/atollic/truestudio for stm32 9.3.0/armtools/bin/../lib/gcc/arm-atollic-eabi/6.3.1/armv6-m\libgcc.a(eqdf2.o)
 .data          0x20000030        0x0 c:/program files (x86)/atollic/truestudio for stm32 9.3.0/armtools/bin/../lib/gcc/arm-atollic-eabi/6.3.1/armv6-m\libgcc.a(gedf2.o)
 .data          0x20000030        0x0 c:/program files (x86)/atollic/truestudio for stm32 9.3.0/armtools/bin/../lib/gcc/arm-atollic-eabi/6.3.1/armv6-m\libgcc.a(ledf2.o)
 .data          0x20000030        0x0 c:/program files (x86)/atollic/truestudio for stm32 9.3.0/armtools/bin/../lib/gcc/arm-atollic-eabi/6.3.1/armv6-m/crtend.o
 .data          0x20000030        0x0 c:/program files (x86)/atollic/truestudio for stm32 9.3.0/armtools/bin/../lib/gcc/arm-atollic-eabi/6.3.1/armv6-m/crtn.o
 *(.data*)
                0x20000030                . = ALIGN (0x4)
                0x20000030                _edata = .

.igot.plt       0x20000030        0x0 load address 0x0800d014
 .igot.plt      0x20000030        0x0 c:/program files (x86)/atollic/truestudio for stm32 9.3.0/armtools/bin/../lib/gcc/arm-atollic-eabi/6.3.1/armv6-m/crtbegin.o
                0x20000030                . = ALIGN (0x4)

.bss            0x20000030     0x27f8 load address 0x0800d014
                0x20000030                _sbss = .
                0x20000030                __bss_start__ = _sbss
 *(.bss)
 .bss           0x20000030        0x0 c:/program files (x86)/atollic/truestudio for stm32 9.3.0/armtools/bin/../lib/gcc/arm-atollic-eabi/6.3.1/armv6-m/crti.o
 .bss           0x20000030       0x1c c:/program files (x86)/atollic/truestudio for stm32 9.3.0/armtools/bin/../lib/gcc/arm-atollic-eabi/6.3.1/armv6-m/crtbegin.o
 .bss           0x2000004c        0x0 FreeRTOS\croutine.o
 .bss           0x2000004c        0x0 FreeRTOS\event_groups.o
 .bss           0x2000004c        0x0 FreeRTOS\list.o
 .bss           0x2000004c        0x0 FreeRTOS\portable\GCC\ARM_CM0\port.o
 .bss           0x2000004c      0xc08 FreeRTOS\portable\MemMang\heap_1.o
 .bss           0x20000c54        0x0 FreeRTOS\queue.o
 .bss           0x20000c54        0x0 FreeRTOS\stream_buffer.o
 .bss           0x20000c54       0xd8 FreeRTOS\tasks.o
                0x20000c54                pxCurrentTCB
 .bss           0x20000d2c       0x3c FreeRTOS\timers.o
 .bss           0x20000d68        0x4 TraceRecorder\trcKernelPort.o
                0x20000d68                uiInEventGroupSetBitsFromISR
 .bss           0x20000d6c       0xe0 TraceRecorder\trcSnapshotRecorder.o
                0x20000d74                isPendingContextSwitch
                0x20000d78                uiTraceTickCount
                0x20000d7c                trace_disable_timestamp
                0x20000d84                uiTraceSystemState
                0x20000d88                recorder_busy
                0x20000d8c                timestampFrequency
                0x20000d90                traceErrorMessage
                0x20000d94                nISRactive
                0x20000d95                handle_of_last_logged_task
                0x20000d98                vTraceStopHookPtr
                0x20000da0                objectHandleStacks
                0x20000e30                RecorderDataPtr
 .bss           0x20000e4c        0x0 TraceRecorder\trcStreamingRecorder.o
 .bss           0x20000e4c        0x0 app\src\I2C.o
 .bss           0x20000e4c        0x0 app\src\MPU9250.o
 .bss           0x20000e4c        0x0 app\src\SPI.o
 .bss           0x20000e4c        0x0 app\src\events.o
 .bss           0x20000e4c        0x0 app\src\main.o
 .bss           0x20000e4c        0x0 app\src\printf-stdarg.o
 .bss           0x20000e4c        0x0 app\src\stm32f0xx_it.o
 .bss           0x20000e4c        0x0 bsp\src\bsp.o
 .bss           0x20000e4c        0x0 bsp\src\delay.o
 .bss           0x20000e4c        0x0 cmsis\device\src\startup_stm32f072xb.o
 .bss           0x20000e4c        0x0 cmsis\device\src\system_stm32f0xx.o
 .bss           0x20000e4c        0x0 c:/program files (x86)/atollic/truestudio for stm32 9.3.0/armtools/bin/../lib/gcc/arm-atollic-eabi/6.3.1/../../../../arm-atollic-eabi/lib/armv6-m\libc_nano.a(lib_a-init.o)
 .bss           0x20000e4c        0x0 c:/program files (x86)/atollic/truestudio for stm32 9.3.0/armtools/bin/../lib/gcc/arm-atollic-eabi/6.3.1/../../../../arm-atollic-eabi/lib/armv6-m\libc_nano.a(lib_a-memcpy-stub.o)
 .bss           0x20000e4c        0x0 c:/program files (x86)/atollic/truestudio for stm32 9.3.0/armtools/bin/../lib/gcc/arm-atollic-eabi/6.3.1/../../../../arm-atollic-eabi/lib/armv6-m\libc_nano.a(lib_a-memset.o)
 .bss           0x20000e4c        0x0 c:/program files (x86)/atollic/truestudio for stm32 9.3.0/armtools/bin/../lib/gcc/arm-atollic-eabi/6.3.1/../../../../arm-atollic-eabi/lib/armv6-m\libc_nano.a(lib_a-strncmp.o)
 .bss           0x20000e4c        0x0 c:/program files (x86)/atollic/truestudio for stm32 9.3.0/armtools/bin/../lib/gcc/arm-atollic-eabi/6.3.1/armv6-m\libgcc.a(_udivsi3.o)
 .bss           0x20000e4c        0x0 c:/program files (x86)/atollic/truestudio for stm32 9.3.0/armtools/bin/../lib/gcc/arm-atollic-eabi/6.3.1/armv6-m\libgcc.a(_dvmd_tls.o)
 .bss           0x20000e4c        0x0 c:/program files (x86)/atollic/truestudio for stm32 9.3.0/armtools/bin/../lib/gcc/arm-atollic-eabi/6.3.1/armv6-m\libgcc.a(_fixunsdfsi.o)
 .bss           0x20000e4c        0x0 c:/program files (x86)/atollic/truestudio for stm32 9.3.0/armtools/bin/../lib/gcc/arm-atollic-eabi/6.3.1/armv6-m\libgcc.a(mulsf3.o)
 .bss           0x20000e4c        0x0 c:/program files (x86)/atollic/truestudio for stm32 9.3.0/armtools/bin/../lib/gcc/arm-atollic-eabi/6.3.1/armv6-m\libgcc.a(floatsisf.o)
 .bss           0x20000e4c        0x0 c:/program files (x86)/atollic/truestudio for stm32 9.3.0/armtools/bin/../lib/gcc/arm-atollic-eabi/6.3.1/armv6-m\libgcc.a(subdf3.o)
 .bss           0x20000e4c        0x0 c:/program files (x86)/atollic/truestudio for stm32 9.3.0/armtools/bin/../lib/gcc/arm-atollic-eabi/6.3.1/armv6-m\libgcc.a(fixdfsi.o)
 .bss           0x20000e4c        0x0 c:/program files (x86)/atollic/truestudio for stm32 9.3.0/armtools/bin/../lib/gcc/arm-atollic-eabi/6.3.1/armv6-m\libgcc.a(_arm_cmpdf2.o)
 .bss           0x20000e4c        0x0 c:/program files (x86)/atollic/truestudio for stm32 9.3.0/armtools/bin/../lib/gcc/arm-atollic-eabi/6.3.1/armv6-m\libgcc.a(_clzsi2.o)
 .bss           0x20000e4c        0x0 c:/program files (x86)/atollic/truestudio for stm32 9.3.0/armtools/bin/../lib/gcc/arm-atollic-eabi/6.3.1/armv6-m\libgcc.a(eqdf2.o)
 .bss           0x20000e4c        0x0 c:/program files (x86)/atollic/truestudio for stm32 9.3.0/armtools/bin/../lib/gcc/arm-atollic-eabi/6.3.1/armv6-m\libgcc.a(gedf2.o)
 .bss           0x20000e4c        0x0 c:/program files (x86)/atollic/truestudio for stm32 9.3.0/armtools/bin/../lib/gcc/arm-atollic-eabi/6.3.1/armv6-m\libgcc.a(ledf2.o)
 .bss           0x20000e4c        0x0 c:/program files (x86)/atollic/truestudio for stm32 9.3.0/armtools/bin/../lib/gcc/arm-atollic-eabi/6.3.1/armv6-m/crtend.o
 .bss           0x20000e4c        0x0 c:/program files (x86)/atollic/truestudio for stm32 9.3.0/armtools/bin/../lib/gcc/arm-atollic-eabi/6.3.1/armv6-m/crtn.o
 *(.bss*)
 *(COMMON)
 COMMON         0x20000e4c     0x191c TraceRecorder\trcSnapshotRecorder.o
                0x20000e4c                RecorderData
                0x20002764                init_hwtc_count
 COMMON         0x20002768       0x48 app\src\I2C.o
                0x20002768                imu_ay_si
                0x2000276c                imu_az_si
                0x20002770                raw_az
                0x20002772                raw_gz
                0x20002774                imu_mx
                0x20002778                imu_gy
                0x2000277c                raw_my
                0x2000277e                raw_ay
                0x20002780                imu_gx
                0x20002784                imu_az
                0x20002788                imu_mz
                0x2000278c                imu_ax
                0x20002790                raw_gy
                0x20002794                imu_my
                0x20002798                raw_mz
                0x2000279a                raw_mx
                0x2000279c                imu_ax_si
                0x200027a0                imu_ay
                0x200027a4                imu_temp
                0x200027a8                imu_gz
                0x200027ac                raw_ax
                0x200027ae                raw_gx
 COMMON         0x200027b0       0x78 app\src\main.o
                0x200027b0                xComQueue
                0x200027b4                Tx_dma_buffer_lecteur
                0x20002818                mpu_data
                0x20002820                xSEM_DMA_TC
                0x20002824                xSem_UART_TC
                0x20002828                . = ALIGN (0x4)
                0x20002828                _ebss = .
                0x20002828                __bss_end__ = _ebss

._user_heap_stack
                0x20002828       0x80 load address 0x0800d014
                0x20002828                . = ALIGN (0x4)
                [!provide]                PROVIDE (end, .)
                [!provide]                PROVIDE (_end, .)
                0x20002828                . = (. + _Min_Heap_Size)
                0x200028a8                . = (. + _Min_Stack_Size)
 *fill*         0x20002828       0x80 
                0x200028a8                . = ALIGN (0x4)

.memory_b1_text
 *(.mb1text)
 *(.mb1text*)
 *(.mb1rodata)
 *(.mb1rodata*)

/DISCARD/
 libc.a(*)
 libm.a(*)
 libgcc.a(*)

.ARM.attributes
                0x00000000       0x28
 *(.ARM.attributes)
 .ARM.attributes
                0x00000000       0x1e c:/program files (x86)/atollic/truestudio for stm32 9.3.0/armtools/bin/../lib/gcc/arm-atollic-eabi/6.3.1/armv6-m/crti.o
 .ARM.attributes
                0x0000001e       0x2c c:/program files (x86)/atollic/truestudio for stm32 9.3.0/armtools/bin/../lib/gcc/arm-atollic-eabi/6.3.1/armv6-m/crtbegin.o
 .ARM.attributes
                0x0000004a       0x31 FreeRTOS\croutine.o
 .ARM.attributes
                0x0000007b       0x31 FreeRTOS\event_groups.o
 .ARM.attributes
                0x000000ac       0x31 FreeRTOS\list.o
 .ARM.attributes
                0x000000dd       0x31 FreeRTOS\portable\GCC\ARM_CM0\port.o
 .ARM.attributes
                0x0000010e       0x31 FreeRTOS\portable\MemMang\heap_1.o
 .ARM.attributes
                0x0000013f       0x31 FreeRTOS\queue.o
 .ARM.attributes
                0x00000170       0x31 FreeRTOS\stream_buffer.o
 .ARM.attributes
                0x000001a1       0x31 FreeRTOS\tasks.o
 .ARM.attributes
                0x000001d2       0x31 FreeRTOS\timers.o
 .ARM.attributes
                0x00000203       0x31 TraceRecorder\trcKernelPort.o
 .ARM.attributes
                0x00000234       0x31 TraceRecorder\trcSnapshotRecorder.o
 .ARM.attributes
                0x00000265       0x31 TraceRecorder\trcStreamingRecorder.o
 .ARM.attributes
                0x00000296       0x31 app\src\I2C.o
 .ARM.attributes
                0x000002c7       0x31 app\src\MPU9250.o
 .ARM.attributes
                0x000002f8       0x31 app\src\SPI.o
 .ARM.attributes
                0x00000329       0x31 app\src\events.o
 .ARM.attributes
                0x0000035a       0x31 app\src\main.o
 .ARM.attributes
                0x0000038b       0x31 app\src\printf-stdarg.o
 .ARM.attributes
                0x000003bc       0x31 app\src\stm32f0xx_it.o
 .ARM.attributes
                0x000003ed       0x31 bsp\src\bsp.o
 .ARM.attributes
                0x0000041e       0x31 bsp\src\delay.o
 .ARM.attributes
                0x0000044f       0x21 cmsis\device\src\startup_stm32f072xb.o
 .ARM.attributes
                0x00000470       0x31 cmsis\device\src\system_stm32f0xx.o
 .ARM.attributes
                0x000004a1       0x2c c:/program files (x86)/atollic/truestudio for stm32 9.3.0/armtools/bin/../lib/gcc/arm-atollic-eabi/6.3.1/../../../../arm-atollic-eabi/lib/armv6-m\libc_nano.a(lib_a-init.o)
 .ARM.attributes
                0x000004cd       0x2c c:/program files (x86)/atollic/truestudio for stm32 9.3.0/armtools/bin/../lib/gcc/arm-atollic-eabi/6.3.1/../../../../arm-atollic-eabi/lib/armv6-m\libc_nano.a(lib_a-memcpy-stub.o)
 .ARM.attributes
                0x000004f9       0x2c c:/program files (x86)/atollic/truestudio for stm32 9.3.0/armtools/bin/../lib/gcc/arm-atollic-eabi/6.3.1/../../../../arm-atollic-eabi/lib/armv6-m\libc_nano.a(lib_a-memset.o)
 .ARM.attributes
                0x00000525       0x2c c:/program files (x86)/atollic/truestudio for stm32 9.3.0/armtools/bin/../lib/gcc/arm-atollic-eabi/6.3.1/../../../../arm-atollic-eabi/lib/armv6-m\libc_nano.a(lib_a-strncmp.o)
 .ARM.attributes
                0x00000551       0x1e c:/program files (x86)/atollic/truestudio for stm32 9.3.0/armtools/bin/../lib/gcc/arm-atollic-eabi/6.3.1/armv6-m\libgcc.a(_udivsi3.o)
 .ARM.attributes
                0x0000056f       0x1e c:/program files (x86)/atollic/truestudio for stm32 9.3.0/armtools/bin/../lib/gcc/arm-atollic-eabi/6.3.1/armv6-m\libgcc.a(_dvmd_tls.o)
 .ARM.attributes
                0x0000058d       0x2c c:/program files (x86)/atollic/truestudio for stm32 9.3.0/armtools/bin/../lib/gcc/arm-atollic-eabi/6.3.1/armv6-m\libgcc.a(_fixunsdfsi.o)
 .ARM.attributes
                0x000005b9       0x2c c:/program files (x86)/atollic/truestudio for stm32 9.3.0/armtools/bin/../lib/gcc/arm-atollic-eabi/6.3.1/armv6-m\libgcc.a(mulsf3.o)
 .ARM.attributes
                0x000005e5       0x2c c:/program files (x86)/atollic/truestudio for stm32 9.3.0/armtools/bin/../lib/gcc/arm-atollic-eabi/6.3.1/armv6-m\libgcc.a(floatsisf.o)
 .ARM.attributes
                0x00000611       0x2c c:/program files (x86)/atollic/truestudio for stm32 9.3.0/armtools/bin/../lib/gcc/arm-atollic-eabi/6.3.1/armv6-m\libgcc.a(subdf3.o)
 .ARM.attributes
                0x0000063d       0x2c c:/program files (x86)/atollic/truestudio for stm32 9.3.0/armtools/bin/../lib/gcc/arm-atollic-eabi/6.3.1/armv6-m\libgcc.a(fixdfsi.o)
 .ARM.attributes
                0x00000669       0x1e c:/program files (x86)/atollic/truestudio for stm32 9.3.0/armtools/bin/../lib/gcc/arm-atollic-eabi/6.3.1/armv6-m\libgcc.a(_arm_cmpdf2.o)
 .ARM.attributes
                0x00000687       0x1e c:/program files (x86)/atollic/truestudio for stm32 9.3.0/armtools/bin/../lib/gcc/arm-atollic-eabi/6.3.1/armv6-m\libgcc.a(_clzsi2.o)
 .ARM.attributes
                0x000006a5       0x2c c:/program files (x86)/atollic/truestudio for stm32 9.3.0/armtools/bin/../lib/gcc/arm-atollic-eabi/6.3.1/armv6-m\libgcc.a(eqdf2.o)
 .ARM.attributes
                0x000006d1       0x2c c:/program files (x86)/atollic/truestudio for stm32 9.3.0/armtools/bin/../lib/gcc/arm-atollic-eabi/6.3.1/armv6-m\libgcc.a(gedf2.o)
 .ARM.attributes
                0x000006fd       0x2c c:/program files (x86)/atollic/truestudio for stm32 9.3.0/armtools/bin/../lib/gcc/arm-atollic-eabi/6.3.1/armv6-m\libgcc.a(ledf2.o)
 .ARM.attributes
                0x00000729       0x2c c:/program files (x86)/atollic/truestudio for stm32 9.3.0/armtools/bin/../lib/gcc/arm-atollic-eabi/6.3.1/armv6-m/crtend.o
 .ARM.attributes
                0x00000755       0x1e c:/program files (x86)/atollic/truestudio for stm32 9.3.0/armtools/bin/../lib/gcc/arm-atollic-eabi/6.3.1/armv6-m/crtn.o
OUTPUT(Projet_S7.elf elf32-littlearm)

.debug_info     0x00000000    0x1439d
 .debug_info    0x00000000      0x66b FreeRTOS\croutine.o
 .debug_info    0x0000066b     0x1548 FreeRTOS\event_groups.o
 .debug_info    0x00001bb3     0x1098 FreeRTOS\list.o
 .debug_info    0x00002c4b      0x837 FreeRTOS\portable\GCC\ARM_CM0\port.o
 .debug_info    0x00003482      0xf52 FreeRTOS\portable\MemMang\heap_1.o
 .debug_info    0x000043d4     0x1cd7 FreeRTOS\queue.o
 .debug_info    0x000060ab     0x198e FreeRTOS\stream_buffer.o
 .debug_info    0x00007a39     0x2284 FreeRTOS\tasks.o
 .debug_info    0x00009cbd     0x17e7 FreeRTOS\timers.o
 .debug_info    0x0000b4a4      0xb3a TraceRecorder\trcKernelPort.o
 .debug_info    0x0000bfde     0x2a3a TraceRecorder\trcSnapshotRecorder.o
 .debug_info    0x0000ea18      0x66b TraceRecorder\trcStreamingRecorder.o
 .debug_info    0x0000f083      0xb4b app\src\I2C.o
 .debug_info    0x0000fbce      0x817 app\src\MPU9250.o
 .debug_info    0x000103e5      0xa29 app\src\SPI.o
 .debug_info    0x00010e0e     0x182a app\src\main.o
 .debug_info    0x00012638      0x4c5 app\src\printf-stdarg.o
 .debug_info    0x00012afd      0x9a6 app\src\stm32f0xx_it.o
 .debug_info    0x000134a3      0xad0 bsp\src\bsp.o
 .debug_info    0x00013f73      0x14b bsp\src\delay.o
 .debug_info    0x000140be       0x95 cmsis\device\src\startup_stm32f072xb.o
 .debug_info    0x00014153      0x24a cmsis\device\src\system_stm32f0xx.o

.debug_abbrev   0x00000000     0x289f
 .debug_abbrev  0x00000000       0xd3 FreeRTOS\croutine.o
 .debug_abbrev  0x000000d3      0x2e7 FreeRTOS\event_groups.o
 .debug_abbrev  0x000003ba      0x1fe FreeRTOS\list.o
 .debug_abbrev  0x000005b8      0x220 FreeRTOS\portable\GCC\ARM_CM0\port.o
 .debug_abbrev  0x000007d8      0x225 FreeRTOS\portable\MemMang\heap_1.o
 .debug_abbrev  0x000009fd      0x31a FreeRTOS\queue.o
 .debug_abbrev  0x00000d17      0x2c6 FreeRTOS\stream_buffer.o
 .debug_abbrev  0x00000fdd      0x346 FreeRTOS\tasks.o
 .debug_abbrev  0x00001323      0x2c1 FreeRTOS\timers.o
 .debug_abbrev  0x000015e4      0x1c1 TraceRecorder\trcKernelPort.o
 .debug_abbrev  0x000017a5      0x422 TraceRecorder\trcSnapshotRecorder.o
 .debug_abbrev  0x00001bc7       0xd3 TraceRecorder\trcStreamingRecorder.o
 .debug_abbrev  0x00001c9a      0x186 app\src\I2C.o
 .debug_abbrev  0x00001e20       0xfe app\src\MPU9250.o
 .debug_abbrev  0x00001f1e      0x10d app\src\SPI.o
 .debug_abbrev  0x0000202b      0x2b2 app\src\main.o
 .debug_abbrev  0x000022dd      0x189 app\src\printf-stdarg.o
 .debug_abbrev  0x00002466      0x13f app\src\stm32f0xx_it.o
 .debug_abbrev  0x000025a5      0x13a bsp\src\bsp.o
 .debug_abbrev  0x000026df       0xb1 bsp\src\delay.o
 .debug_abbrev  0x00002790       0x12 cmsis\device\src\startup_stm32f072xb.o
 .debug_abbrev  0x000027a2       0xfd cmsis\device\src\system_stm32f0xx.o

.debug_aranges  0x00000000      0x2b8
 .debug_aranges
                0x00000000       0x18 FreeRTOS\croutine.o
 .debug_aranges
                0x00000018       0x20 FreeRTOS\event_groups.o
 .debug_aranges
                0x00000038       0x20 FreeRTOS\list.o
 .debug_aranges
                0x00000058       0x20 FreeRTOS\portable\GCC\ARM_CM0\port.o
 .debug_aranges
                0x00000078       0x20 FreeRTOS\portable\MemMang\heap_1.o
 .debug_aranges
                0x00000098       0x20 FreeRTOS\queue.o
 .debug_aranges
                0x000000b8       0x20 FreeRTOS\stream_buffer.o
 .debug_aranges
                0x000000d8       0x20 FreeRTOS\tasks.o
 .debug_aranges
                0x000000f8       0x20 FreeRTOS\timers.o
 .debug_aranges
                0x00000118       0x20 TraceRecorder\trcKernelPort.o
 .debug_aranges
                0x00000138       0x20 TraceRecorder\trcSnapshotRecorder.o
 .debug_aranges
                0x00000158       0x18 TraceRecorder\trcStreamingRecorder.o
 .debug_aranges
                0x00000170       0x20 app\src\I2C.o
 .debug_aranges
                0x00000190       0x20 app\src\MPU9250.o
 .debug_aranges
                0x000001b0       0x20 app\src\SPI.o
 .debug_aranges
                0x000001d0       0x20 app\src\main.o
 .debug_aranges
                0x000001f0       0x20 app\src\printf-stdarg.o
 .debug_aranges
                0x00000210       0x20 app\src\stm32f0xx_it.o
 .debug_aranges
                0x00000230       0x20 bsp\src\bsp.o
 .debug_aranges
                0x00000250       0x20 bsp\src\delay.o
 .debug_aranges
                0x00000270       0x28 cmsis\device\src\startup_stm32f072xb.o
 .debug_aranges
                0x00000298       0x20 cmsis\device\src\system_stm32f0xx.o

.debug_line     0x00000000     0x62d7
 .debug_line    0x00000000      0x1e3 FreeRTOS\croutine.o
 .debug_line    0x000001e3      0x681 FreeRTOS\event_groups.o
 .debug_line    0x00000864      0x409 FreeRTOS\list.o
 .debug_line    0x00000c6d      0x35c FreeRTOS\portable\GCC\ARM_CM0\port.o
 .debug_line    0x00000fc9      0x350 FreeRTOS\portable\MemMang\heap_1.o
 .debug_line    0x00001319      0xbf1 FreeRTOS\queue.o
 .debug_line    0x00001f0a      0x619 FreeRTOS\stream_buffer.o
 .debug_line    0x00002523      0xb82 FreeRTOS\tasks.o
 .debug_line    0x000030a5      0x653 FreeRTOS\timers.o
 .debug_line    0x000036f8      0x33b TraceRecorder\trcKernelPort.o
 .debug_line    0x00003a33      0xb32 TraceRecorder\trcSnapshotRecorder.o
 .debug_line    0x00004565      0x1e3 TraceRecorder\trcStreamingRecorder.o
 .debug_line    0x00004748      0x329 app\src\I2C.o
 .debug_line    0x00004a71      0x28b app\src\MPU9250.o
 .debug_line    0x00004cfc      0x27f app\src\SPI.o
 .debug_line    0x00004f7b        0x0 app\src\events.o
 .debug_line    0x00004f7b      0x5ea app\src\main.o
 .debug_line    0x00005565      0x350 app\src\printf-stdarg.o
 .debug_line    0x000058b5      0x36d app\src\stm32f0xx_it.o
 .debug_line    0x00005c22      0x29b bsp\src\bsp.o
 .debug_line    0x00005ebd      0x1ab bsp\src\delay.o
 .debug_line    0x00006068       0x8c cmsis\device\src\startup_stm32f072xb.o
 .debug_line    0x000060f4      0x1e3 cmsis\device\src\system_stm32f0xx.o

.debug_str      0x00000000     0x3f7e
 .debug_str     0x00000000      0x6a9 FreeRTOS\croutine.o
                                0x720 (size before relaxing)
 .debug_str     0x000006a9      0x776 FreeRTOS\event_groups.o
                                0xf1a (size before relaxing)
 .debug_str     0x00000e1f       0xa0 FreeRTOS\list.o
                                0xc81 (size before relaxing)
 .debug_str     0x00000ebf      0x19c FreeRTOS\portable\GCC\ARM_CM0\port.o
                                0x8c7 (size before relaxing)
 .debug_str     0x0000105b       0xa8 FreeRTOS\portable\MemMang\heap_1.o
                                0xbd7 (size before relaxing)
 .debug_str     0x00001103      0x545 FreeRTOS\queue.o
                               0x11de (size before relaxing)
 .debug_str     0x00001648      0x4eb FreeRTOS\stream_buffer.o
                               0x1104 (size before relaxing)
 .debug_str     0x00001b33      0xa9e FreeRTOS\tasks.o
                               0x1803 (size before relaxing)
 .debug_str     0x000025d1      0x456 FreeRTOS\timers.o
                               0x10f3 (size before relaxing)
 .debug_str     0x00002a27      0x33b TraceRecorder\trcKernelPort.o
                                0xa61 (size before relaxing)
 .debug_str     0x00002d62      0x92f TraceRecorder\trcSnapshotRecorder.o
                               0x1533 (size before relaxing)
 .debug_str     0x00003691       0x28 TraceRecorder\trcStreamingRecorder.o
                                0x731 (size before relaxing)
 .debug_str     0x000036b9      0x1f3 app\src\I2C.o
                                0x915 (size before relaxing)
 .debug_str     0x000038ac       0x26 app\src\MPU9250.o
                                0x7ec (size before relaxing)
 .debug_str     0x000038d2       0x69 app\src\SPI.o
                                0x8b4 (size before relaxing)
 .debug_str     0x0000393b       0x14 app\src\events.o
                                 0xdb (size before relaxing)
 .debug_str     0x0000394f      0x436 app\src\main.o
                               0x1100 (size before relaxing)
 .debug_str     0x00003d85       0x7c app\src\printf-stdarg.o
                                0x292 (size before relaxing)
 .debug_str     0x00003e01       0x7a app\src\stm32f0xx_it.o
                                0x8d9 (size before relaxing)
 .debug_str     0x00003e7b       0x71 bsp\src\bsp.o
                                0x8ee (size before relaxing)
 .debug_str     0x00003eec       0x2b bsp\src\delay.o
                                0x1d1 (size before relaxing)
 .debug_str     0x00003f17       0x67 cmsis\device\src\system_stm32f0xx.o
                                0x260 (size before relaxing)

.comment        0x00000000       0x7c
 .comment       0x00000000       0x7c FreeRTOS\croutine.o
                                 0x7d (size before relaxing)
 .comment       0x0000007c       0x7d FreeRTOS\event_groups.o
 .comment       0x0000007c       0x7d FreeRTOS\list.o
 .comment       0x0000007c       0x7d FreeRTOS\portable\GCC\ARM_CM0\port.o
 .comment       0x0000007c       0x7d FreeRTOS\portable\MemMang\heap_1.o
 .comment       0x0000007c       0x7d FreeRTOS\queue.o
 .comment       0x0000007c       0x7d FreeRTOS\stream_buffer.o
 .comment       0x0000007c       0x7d FreeRTOS\tasks.o
 .comment       0x0000007c       0x7d FreeRTOS\timers.o
 .comment       0x0000007c       0x7d TraceRecorder\trcKernelPort.o
 .comment       0x0000007c       0x7d TraceRecorder\trcSnapshotRecorder.o
 .comment       0x0000007c       0x7d TraceRecorder\trcStreamingRecorder.o
 .comment       0x0000007c       0x7d app\src\I2C.o
 .comment       0x0000007c       0x7d app\src\MPU9250.o
 .comment       0x0000007c       0x7d app\src\SPI.o
 .comment       0x0000007c       0x7d app\src\events.o
 .comment       0x0000007c       0x7d app\src\main.o
 .comment       0x0000007c       0x7d app\src\printf-stdarg.o
 .comment       0x0000007c       0x7d app\src\stm32f0xx_it.o
 .comment       0x0000007c       0x7d bsp\src\bsp.o
 .comment       0x0000007c       0x7d bsp\src\delay.o
 .comment       0x0000007c       0x7d cmsis\device\src\system_stm32f0xx.o

.debug_frame    0x00000000     0x2670
 .debug_frame   0x00000000      0x190 FreeRTOS\event_groups.o
 .debug_frame   0x00000190       0xb0 FreeRTOS\list.o
 .debug_frame   0x00000240      0x174 FreeRTOS\portable\GCC\ARM_CM0\port.o
 .debug_frame   0x000003b4       0x88 FreeRTOS\portable\MemMang\heap_1.o
 .debug_frame   0x0000043c      0x3f4 FreeRTOS\queue.o
 .debug_frame   0x00000830      0x310 FreeRTOS\stream_buffer.o
 .debug_frame   0x00000b40      0x638 FreeRTOS\tasks.o
 .debug_frame   0x00001178      0x2e8 FreeRTOS\timers.o
 .debug_frame   0x00001460      0x380 TraceRecorder\trcKernelPort.o
 .debug_frame   0x000017e0      0x744 TraceRecorder\trcSnapshotRecorder.o
 .debug_frame   0x00001f24       0xac app\src\I2C.o
 .debug_frame   0x00001fd0       0x2c app\src\MPU9250.o
 .debug_frame   0x00001ffc       0x48 app\src\SPI.o
 .debug_frame   0x00002044       0xf0 app\src\main.o
 .debug_frame   0x00002134       0xe0 app\src\printf-stdarg.o
 .debug_frame   0x00002214       0x88 app\src\stm32f0xx_it.o
 .debug_frame   0x0000229c       0xd8 bsp\src\bsp.o
 .debug_frame   0x00002374       0x50 bsp\src\delay.o
 .debug_frame   0x000023c4       0x4c cmsis\device\src\system_stm32f0xx.o
 .debug_frame   0x00002410       0x2c c:/program files (x86)/atollic/truestudio for stm32 9.3.0/armtools/bin/../lib/gcc/arm-atollic-eabi/6.3.1/../../../../arm-atollic-eabi/lib/armv6-m\libc_nano.a(lib_a-init.o)
 .debug_frame   0x0000243c       0x28 c:/program files (x86)/atollic/truestudio for stm32 9.3.0/armtools/bin/../lib/gcc/arm-atollic-eabi/6.3.1/../../../../arm-atollic-eabi/lib/armv6-m\libc_nano.a(lib_a-memcpy-stub.o)
 .debug_frame   0x00002464       0x20 c:/program files (x86)/atollic/truestudio for stm32 9.3.0/armtools/bin/../lib/gcc/arm-atollic-eabi/6.3.1/../../../../arm-atollic-eabi/lib/armv6-m\libc_nano.a(lib_a-memset.o)
 .debug_frame   0x00002484       0x2c c:/program files (x86)/atollic/truestudio for stm32 9.3.0/armtools/bin/../lib/gcc/arm-atollic-eabi/6.3.1/../../../../arm-atollic-eabi/lib/armv6-m\libc_nano.a(lib_a-strncmp.o)
 .debug_frame   0x000024b0       0x20 c:/program files (x86)/atollic/truestudio for stm32 9.3.0/armtools/bin/../lib/gcc/arm-atollic-eabi/6.3.1/armv6-m\libgcc.a(_udivsi3.o)
 .debug_frame   0x000024d0       0x2c c:/program files (x86)/atollic/truestudio for stm32 9.3.0/armtools/bin/../lib/gcc/arm-atollic-eabi/6.3.1/armv6-m\libgcc.a(_fixunsdfsi.o)
 .debug_frame   0x000024fc       0x3c c:/program files (x86)/atollic/truestudio for stm32 9.3.0/armtools/bin/../lib/gcc/arm-atollic-eabi/6.3.1/armv6-m\libgcc.a(mulsf3.o)
 .debug_frame   0x00002538       0x2c c:/program files (x86)/atollic/truestudio for stm32 9.3.0/armtools/bin/../lib/gcc/arm-atollic-eabi/6.3.1/armv6-m\libgcc.a(floatsisf.o)
 .debug_frame   0x00002564       0x38 c:/program files (x86)/atollic/truestudio for stm32 9.3.0/armtools/bin/../lib/gcc/arm-atollic-eabi/6.3.1/armv6-m\libgcc.a(subdf3.o)
 .debug_frame   0x0000259c       0x2c c:/program files (x86)/atollic/truestudio for stm32 9.3.0/armtools/bin/../lib/gcc/arm-atollic-eabi/6.3.1/armv6-m\libgcc.a(fixdfsi.o)
 .debug_frame   0x000025c8       0x38 c:/program files (x86)/atollic/truestudio for stm32 9.3.0/armtools/bin/../lib/gcc/arm-atollic-eabi/6.3.1/armv6-m\libgcc.a(eqdf2.o)
 .debug_frame   0x00002600       0x38 c:/program files (x86)/atollic/truestudio for stm32 9.3.0/armtools/bin/../lib/gcc/arm-atollic-eabi/6.3.1/armv6-m\libgcc.a(gedf2.o)
 .debug_frame   0x00002638       0x38 c:/program files (x86)/atollic/truestudio for stm32 9.3.0/armtools/bin/../lib/gcc/arm-atollic-eabi/6.3.1/armv6-m\libgcc.a(ledf2.o)

.debug_ranges   0x00000000       0x20
 .debug_ranges  0x00000000       0x20 cmsis\device\src\startup_stm32f072xb.o

Cross Reference Table

Symbol                                            File
ADC1_COMP_IRQHandler                              cmsis\device\src\startup_stm32f072xb.o
AHBPrescTable                                     cmsis\device\src\system_stm32f0xx.o
APBPrescTable                                     cmsis\device\src\system_stm32f0xx.o
BSP_Console_Init                                  bsp\src\bsp.o
                                                  app\src\main.o
BSP_I2C1_Init                                     app\src\I2C.o
                                                  app\src\main.o
BSP_I2C1_Read                                     app\src\I2C.o
                                                  app\src\main.o
BSP_I2C1_Write                                    app\src\I2C.o
                                                  app\src\MPU9250.o
BSP_I2C2_Init                                     app\src\I2C.o
BSP_LED_Init                                      bsp\src\bsp.o
                                                  app\src\main.o
BSP_LED_Off                                       bsp\src\bsp.o
BSP_LED_On                                        bsp\src\bsp.o
BSP_LED_Toggle                                    bsp\src\bsp.o
BSP_MPU9250_Init                                  app\src\MPU9250.o
                                                  app\src\main.o
BSP_PB_GetState                                   bsp\src\bsp.o
BSP_PB_Init                                       bsp\src\bsp.o
                                                  app\src\main.o
BSP_SPI2_CSPins_Init                              app\src\SPI.o
BSP_SPI2_Common_Init                              app\src\SPI.o
CEC_CAN_IRQHandler                                cmsis\device\src\startup_stm32f072xb.o
CurrentFilterGroup                                TraceRecorder\trcSnapshotRecorder.o
                                                  FreeRTOS\timers.o
                                                  FreeRTOS\tasks.o
                                                  FreeRTOS\queue.o
                                                  FreeRTOS\event_groups.o
CurrentFilterMask                                 TraceRecorder\trcSnapshotRecorder.o
                                                  FreeRTOS\timers.o
                                                  FreeRTOS\tasks.o
                                                  FreeRTOS\queue.o
                                                  FreeRTOS\event_groups.o
DMA1_Channel1_IRQHandler                          cmsis\device\src\startup_stm32f072xb.o
DMA1_Channel2_3_IRQHandler                        cmsis\device\src\startup_stm32f072xb.o
DMA1_Channel4_5_6_7_IRQHandler                    app\src\stm32f0xx_it.o
Default_Handler                                   cmsis\device\src\startup_stm32f072xb.o
EXTI0_1_IRQHandler                                cmsis\device\src\startup_stm32f072xb.o
EXTI2_3_IRQHandler                                cmsis\device\src\startup_stm32f072xb.o
EXTI4_15_IRQHandler                               cmsis\device\src\startup_stm32f072xb.o
FLASH_IRQHandler                                  cmsis\device\src\startup_stm32f072xb.o
HardFault_Handler                                 app\src\stm32f0xx_it.o
I2C1_IRQHandler                                   cmsis\device\src\startup_stm32f072xb.o
I2C2_IRQHandler                                   cmsis\device\src\startup_stm32f072xb.o
MyWrapper_xQueueGiveFromISR                       FreeRTOS\queue.o
NMI_Handler                                       app\src\stm32f0xx_it.o
PVD_VDDIO2_IRQHandler                             cmsis\device\src\startup_stm32f072xb.o
PendSV_Handler                                    FreeRTOS\portable\GCC\ARM_CM0\port.o
RCC_CRS_IRQHandler                                cmsis\device\src\startup_stm32f072xb.o
RTC_IRQHandler                                    cmsis\device\src\startup_stm32f072xb.o
RecorderData                                      TraceRecorder\trcSnapshotRecorder.o
RecorderDataPtr                                   TraceRecorder\trcSnapshotRecorder.o
                                                  TraceRecorder\trcKernelPort.o
Reset_Handler                                     cmsis\device\src\startup_stm32f072xb.o
SPI1_IRQHandler                                   cmsis\device\src\startup_stm32f072xb.o
SPI2_IRQHandler                                   cmsis\device\src\startup_stm32f072xb.o
SVC_Handler                                       FreeRTOS\portable\GCC\ARM_CM0\port.o
SysTick_Handler                                   FreeRTOS\portable\GCC\ARM_CM0\port.o
SystemCoreClock                                   cmsis\device\src\system_stm32f0xx.o
                                                  app\src\main.o
SystemCoreClockUpdate                             cmsis\device\src\system_stm32f0xx.o
                                                  app\src\main.o
SystemInit                                        cmsis\device\src\system_stm32f0xx.o
                                                  cmsis\device\src\startup_stm32f072xb.o
TIM14_IRQHandler                                  cmsis\device\src\startup_stm32f072xb.o
TIM15_IRQHandler                                  cmsis\device\src\startup_stm32f072xb.o
TIM16_IRQHandler                                  cmsis\device\src\startup_stm32f072xb.o
TIM17_IRQHandler                                  cmsis\device\src\startup_stm32f072xb.o
TIM1_BRK_UP_TRG_COM_IRQHandler                    cmsis\device\src\startup_stm32f072xb.o
TIM1_CC_IRQHandler                                cmsis\device\src\startup_stm32f072xb.o
TIM2_IRQHandler                                   cmsis\device\src\startup_stm32f072xb.o
TIM3_IRQHandler                                   cmsis\device\src\startup_stm32f072xb.o
TIM6_DAC_IRQHandler                               cmsis\device\src\startup_stm32f072xb.o
TIM7_IRQHandler                                   cmsis\device\src\startup_stm32f072xb.o
TSC_IRQHandler                                    cmsis\device\src\startup_stm32f072xb.o
Task_Write                                        app\src\main.o
TraceQueueClassTable                              TraceRecorder\trcKernelPort.o
                                                  FreeRTOS\queue.o
Tx_dma_buffer_lecteur                             app\src\main.o
USART1_IRQHandler                                 cmsis\device\src\startup_stm32f072xb.o
USART2_IRQHandler                                 app\src\stm32f0xx_it.o
USART3_4_IRQHandler                               cmsis\device\src\startup_stm32f072xb.o
USB_IRQHandler                                    cmsis\device\src\startup_stm32f072xb.o
WWDG_IRQHandler                                   cmsis\device\src\startup_stm32f072xb.o
__aeabi_cdcmpeq                                   c:/program files (x86)/atollic/truestudio for stm32 9.3.0/armtools/bin/../lib/gcc/arm-atollic-eabi/6.3.1/armv6-m\libgcc.a(_arm_cmpdf2.o)
__aeabi_cdcmple                                   c:/program files (x86)/atollic/truestudio for stm32 9.3.0/armtools/bin/../lib/gcc/arm-atollic-eabi/6.3.1/armv6-m\libgcc.a(_arm_cmpdf2.o)
__aeabi_cdrcmple                                  c:/program files (x86)/atollic/truestudio for stm32 9.3.0/armtools/bin/../lib/gcc/arm-atollic-eabi/6.3.1/armv6-m\libgcc.a(_arm_cmpdf2.o)
__aeabi_d2iz                                      c:/program files (x86)/atollic/truestudio for stm32 9.3.0/armtools/bin/../lib/gcc/arm-atollic-eabi/6.3.1/armv6-m\libgcc.a(fixdfsi.o)
                                                  c:/program files (x86)/atollic/truestudio for stm32 9.3.0/armtools/bin/../lib/gcc/arm-atollic-eabi/6.3.1/armv6-m\libgcc.a(_fixunsdfsi.o)
__aeabi_d2uiz                                     c:/program files (x86)/atollic/truestudio for stm32 9.3.0/armtools/bin/../lib/gcc/arm-atollic-eabi/6.3.1/armv6-m\libgcc.a(_fixunsdfsi.o)
                                                  TraceRecorder\trcSnapshotRecorder.o
__aeabi_dcmpeq                                    c:/program files (x86)/atollic/truestudio for stm32 9.3.0/armtools/bin/../lib/gcc/arm-atollic-eabi/6.3.1/armv6-m\libgcc.a(_arm_cmpdf2.o)
__aeabi_dcmpge                                    c:/program files (x86)/atollic/truestudio for stm32 9.3.0/armtools/bin/../lib/gcc/arm-atollic-eabi/6.3.1/armv6-m\libgcc.a(_arm_cmpdf2.o)
                                                  c:/program files (x86)/atollic/truestudio for stm32 9.3.0/armtools/bin/../lib/gcc/arm-atollic-eabi/6.3.1/armv6-m\libgcc.a(_fixunsdfsi.o)
__aeabi_dcmpgt                                    c:/program files (x86)/atollic/truestudio for stm32 9.3.0/armtools/bin/../lib/gcc/arm-atollic-eabi/6.3.1/armv6-m\libgcc.a(_arm_cmpdf2.o)
__aeabi_dcmple                                    c:/program files (x86)/atollic/truestudio for stm32 9.3.0/armtools/bin/../lib/gcc/arm-atollic-eabi/6.3.1/armv6-m\libgcc.a(_arm_cmpdf2.o)
__aeabi_dcmplt                                    c:/program files (x86)/atollic/truestudio for stm32 9.3.0/armtools/bin/../lib/gcc/arm-atollic-eabi/6.3.1/armv6-m\libgcc.a(_arm_cmpdf2.o)
__aeabi_dsub                                      c:/program files (x86)/atollic/truestudio for stm32 9.3.0/armtools/bin/../lib/gcc/arm-atollic-eabi/6.3.1/armv6-m\libgcc.a(subdf3.o)
                                                  c:/program files (x86)/atollic/truestudio for stm32 9.3.0/armtools/bin/../lib/gcc/arm-atollic-eabi/6.3.1/armv6-m\libgcc.a(_fixunsdfsi.o)
__aeabi_fmul                                      c:/program files (x86)/atollic/truestudio for stm32 9.3.0/armtools/bin/../lib/gcc/arm-atollic-eabi/6.3.1/armv6-m\libgcc.a(mulsf3.o)
                                                  app\src\main.o
__aeabi_i2f                                       c:/program files (x86)/atollic/truestudio for stm32 9.3.0/armtools/bin/../lib/gcc/arm-atollic-eabi/6.3.1/armv6-m\libgcc.a(floatsisf.o)
                                                  app\src\main.o
__aeabi_idiv0                                     c:/program files (x86)/atollic/truestudio for stm32 9.3.0/armtools/bin/../lib/gcc/arm-atollic-eabi/6.3.1/armv6-m\libgcc.a(_dvmd_tls.o)
                                                  c:/program files (x86)/atollic/truestudio for stm32 9.3.0/armtools/bin/../lib/gcc/arm-atollic-eabi/6.3.1/armv6-m\libgcc.a(_udivsi3.o)
__aeabi_ldiv0                                     c:/program files (x86)/atollic/truestudio for stm32 9.3.0/armtools/bin/../lib/gcc/arm-atollic-eabi/6.3.1/armv6-m\libgcc.a(_dvmd_tls.o)
__aeabi_uidiv                                     c:/program files (x86)/atollic/truestudio for stm32 9.3.0/armtools/bin/../lib/gcc/arm-atollic-eabi/6.3.1/armv6-m\libgcc.a(_udivsi3.o)
                                                  cmsis\device\src\system_stm32f0xx.o
                                                  app\src\printf-stdarg.o
                                                  TraceRecorder\trcSnapshotRecorder.o
__aeabi_uidivmod                                  c:/program files (x86)/atollic/truestudio for stm32 9.3.0/armtools/bin/../lib/gcc/arm-atollic-eabi/6.3.1/armv6-m\libgcc.a(_udivsi3.o)
                                                  app\src\printf-stdarg.o
                                                  TraceRecorder\trcSnapshotRecorder.o
__clzsi2                                          c:/program files (x86)/atollic/truestudio for stm32 9.3.0/armtools/bin/../lib/gcc/arm-atollic-eabi/6.3.1/armv6-m\libgcc.a(_clzsi2.o)
                                                  c:/program files (x86)/atollic/truestudio for stm32 9.3.0/armtools/bin/../lib/gcc/arm-atollic-eabi/6.3.1/armv6-m\libgcc.a(subdf3.o)
                                                  c:/program files (x86)/atollic/truestudio for stm32 9.3.0/armtools/bin/../lib/gcc/arm-atollic-eabi/6.3.1/armv6-m\libgcc.a(floatsisf.o)
                                                  c:/program files (x86)/atollic/truestudio for stm32 9.3.0/armtools/bin/../lib/gcc/arm-atollic-eabi/6.3.1/armv6-m\libgcc.a(mulsf3.o)
__deregister_frame_info                           c:/program files (x86)/atollic/truestudio for stm32 9.3.0/armtools/bin/../lib/gcc/arm-atollic-eabi/6.3.1/armv6-m/crtbegin.o
__dso_handle                                      c:/program files (x86)/atollic/truestudio for stm32 9.3.0/armtools/bin/../lib/gcc/arm-atollic-eabi/6.3.1/armv6-m/crtbegin.o
__eqdf2                                           c:/program files (x86)/atollic/truestudio for stm32 9.3.0/armtools/bin/../lib/gcc/arm-atollic-eabi/6.3.1/armv6-m\libgcc.a(eqdf2.o)
                                                  c:/program files (x86)/atollic/truestudio for stm32 9.3.0/armtools/bin/../lib/gcc/arm-atollic-eabi/6.3.1/armv6-m\libgcc.a(_arm_cmpdf2.o)
__fixunsdfsi                                      c:/program files (x86)/atollic/truestudio for stm32 9.3.0/armtools/bin/../lib/gcc/arm-atollic-eabi/6.3.1/armv6-m\libgcc.a(_fixunsdfsi.o)
__gedf2                                           c:/program files (x86)/atollic/truestudio for stm32 9.3.0/armtools/bin/../lib/gcc/arm-atollic-eabi/6.3.1/armv6-m\libgcc.a(gedf2.o)
                                                  c:/program files (x86)/atollic/truestudio for stm32 9.3.0/armtools/bin/../lib/gcc/arm-atollic-eabi/6.3.1/armv6-m\libgcc.a(_arm_cmpdf2.o)
__gtdf2                                           c:/program files (x86)/atollic/truestudio for stm32 9.3.0/armtools/bin/../lib/gcc/arm-atollic-eabi/6.3.1/armv6-m\libgcc.a(gedf2.o)
__init_array_end                                  c:/program files (x86)/atollic/truestudio for stm32 9.3.0/armtools/bin/../lib/gcc/arm-atollic-eabi/6.3.1/../../../../arm-atollic-eabi/lib/armv6-m\libc_nano.a(lib_a-init.o)
__init_array_start                                c:/program files (x86)/atollic/truestudio for stm32 9.3.0/armtools/bin/../lib/gcc/arm-atollic-eabi/6.3.1/../../../../arm-atollic-eabi/lib/armv6-m\libc_nano.a(lib_a-init.o)
__ledf2                                           c:/program files (x86)/atollic/truestudio for stm32 9.3.0/armtools/bin/../lib/gcc/arm-atollic-eabi/6.3.1/armv6-m\libgcc.a(ledf2.o)
                                                  c:/program files (x86)/atollic/truestudio for stm32 9.3.0/armtools/bin/../lib/gcc/arm-atollic-eabi/6.3.1/armv6-m\libgcc.a(_arm_cmpdf2.o)
__libc_init_array                                 c:/program files (x86)/atollic/truestudio for stm32 9.3.0/armtools/bin/../lib/gcc/arm-atollic-eabi/6.3.1/../../../../arm-atollic-eabi/lib/armv6-m\libc_nano.a(lib_a-init.o)
                                                  cmsis\device\src\startup_stm32f072xb.o
__ltdf2                                           c:/program files (x86)/atollic/truestudio for stm32 9.3.0/armtools/bin/../lib/gcc/arm-atollic-eabi/6.3.1/armv6-m\libgcc.a(ledf2.o)
__nedf2                                           c:/program files (x86)/atollic/truestudio for stm32 9.3.0/armtools/bin/../lib/gcc/arm-atollic-eabi/6.3.1/armv6-m\libgcc.a(eqdf2.o)
__preinit_array_end                               c:/program files (x86)/atollic/truestudio for stm32 9.3.0/armtools/bin/../lib/gcc/arm-atollic-eabi/6.3.1/../../../../arm-atollic-eabi/lib/armv6-m\libc_nano.a(lib_a-init.o)
__preinit_array_start                             c:/program files (x86)/atollic/truestudio for stm32 9.3.0/armtools/bin/../lib/gcc/arm-atollic-eabi/6.3.1/../../../../arm-atollic-eabi/lib/armv6-m\libc_nano.a(lib_a-init.o)
__register_frame_info                             c:/program files (x86)/atollic/truestudio for stm32 9.3.0/armtools/bin/../lib/gcc/arm-atollic-eabi/6.3.1/armv6-m/crtbegin.o
__udivsi3                                         c:/program files (x86)/atollic/truestudio for stm32 9.3.0/armtools/bin/../lib/gcc/arm-atollic-eabi/6.3.1/armv6-m\libgcc.a(_udivsi3.o)
_ebss                                             cmsis\device\src\startup_stm32f072xb.o
_edata                                            cmsis\device\src\startup_stm32f072xb.o
_estack                                           cmsis\device\src\startup_stm32f072xb.o
_fini                                             c:/program files (x86)/atollic/truestudio for stm32 9.3.0/armtools/bin/../lib/gcc/arm-atollic-eabi/6.3.1/armv6-m/crti.o
_init                                             c:/program files (x86)/atollic/truestudio for stm32 9.3.0/armtools/bin/../lib/gcc/arm-atollic-eabi/6.3.1/armv6-m/crti.o
                                                  c:/program files (x86)/atollic/truestudio for stm32 9.3.0/armtools/bin/../lib/gcc/arm-atollic-eabi/6.3.1/../../../../arm-atollic-eabi/lib/armv6-m\libc_nano.a(lib_a-init.o)
_sbss                                             cmsis\device\src\startup_stm32f072xb.o
_sdata                                            cmsis\device\src\startup_stm32f072xb.o
_sidata                                           cmsis\device\src\startup_stm32f072xb.o
delay_ms                                          bsp\src\delay.o
                                                  app\src\MPU9250.o
                                                  app\src\I2C.o
delay_us                                          bsp\src\delay.o
eTaskGetState                                     FreeRTOS\tasks.o
g_pfnVectors                                      cmsis\device\src\startup_stm32f072xb.o
handle_of_last_logged_task                        TraceRecorder\trcSnapshotRecorder.o
imu_ax                                            bsp\src\bsp.o
                                                  app\src\stm32f0xx_it.o
                                                  app\src\main.o
                                                  app\src\SPI.o
                                                  app\src\MPU9250.o
                                                  app\src\I2C.o
imu_ax_si                                         bsp\src\bsp.o
                                                  app\src\stm32f0xx_it.o
                                                  app\src\main.o
                                                  app\src\SPI.o
                                                  app\src\MPU9250.o
                                                  app\src\I2C.o
imu_ay                                            bsp\src\bsp.o
                                                  app\src\stm32f0xx_it.o
                                                  app\src\main.o
                                                  app\src\SPI.o
                                                  app\src\MPU9250.o
                                                  app\src\I2C.o
imu_ay_si                                         bsp\src\bsp.o
                                                  app\src\stm32f0xx_it.o
                                                  app\src\main.o
                                                  app\src\SPI.o
                                                  app\src\MPU9250.o
                                                  app\src\I2C.o
imu_az                                            bsp\src\bsp.o
                                                  app\src\stm32f0xx_it.o
                                                  app\src\main.o
                                                  app\src\SPI.o
                                                  app\src\MPU9250.o
                                                  app\src\I2C.o
imu_az_si                                         bsp\src\bsp.o
                                                  app\src\stm32f0xx_it.o
                                                  app\src\main.o
                                                  app\src\SPI.o
                                                  app\src\MPU9250.o
                                                  app\src\I2C.o
imu_gx                                            bsp\src\bsp.o
                                                  app\src\stm32f0xx_it.o
                                                  app\src\main.o
                                                  app\src\SPI.o
                                                  app\src\MPU9250.o
                                                  app\src\I2C.o
imu_gy                                            bsp\src\bsp.o
                                                  app\src\stm32f0xx_it.o
                                                  app\src\main.o
                                                  app\src\SPI.o
                                                  app\src\MPU9250.o
                                                  app\src\I2C.o
imu_gz                                            bsp\src\bsp.o
                                                  app\src\stm32f0xx_it.o
                                                  app\src\main.o
                                                  app\src\SPI.o
                                                  app\src\MPU9250.o
                                                  app\src\I2C.o
imu_mx                                            bsp\src\bsp.o
                                                  app\src\stm32f0xx_it.o
                                                  app\src\main.o
                                                  app\src\SPI.o
                                                  app\src\MPU9250.o
                                                  app\src\I2C.o
imu_my                                            bsp\src\bsp.o
                                                  app\src\stm32f0xx_it.o
                                                  app\src\main.o
                                                  app\src\SPI.o
                                                  app\src\MPU9250.o
                                                  app\src\I2C.o
imu_mz                                            bsp\src\bsp.o
                                                  app\src\stm32f0xx_it.o
                                                  app\src\main.o
                                                  app\src\SPI.o
                                                  app\src\MPU9250.o
                                                  app\src\I2C.o
imu_temp                                          bsp\src\bsp.o
                                                  app\src\stm32f0xx_it.o
                                                  app\src\main.o
                                                  app\src\SPI.o
                                                  app\src\MPU9250.o
                                                  app\src\I2C.o
init_hwtc_count                                   TraceRecorder\trcSnapshotRecorder.o
inventory_with_report                             app\src\main.o
isPendingContextSwitch                            TraceRecorder\trcSnapshotRecorder.o
main                                              app\src\main.o
                                                  cmsis\device\src\startup_stm32f072xb.o
memcpy                                            c:/program files (x86)/atollic/truestudio for stm32 9.3.0/armtools/bin/../lib/gcc/arm-atollic-eabi/6.3.1/../../../../arm-atollic-eabi/lib/armv6-m\libc_nano.a(lib_a-memcpy-stub.o)
                                                  TraceRecorder\trcSnapshotRecorder.o
                                                  FreeRTOS\stream_buffer.o
                                                  FreeRTOS\queue.o
memset                                            c:/program files (x86)/atollic/truestudio for stm32 9.3.0/armtools/bin/../lib/gcc/arm-atollic-eabi/6.3.1/../../../../arm-atollic-eabi/lib/armv6-m\libc_nano.a(lib_a-memset.o)
                                                  TraceRecorder\trcSnapshotRecorder.o
                                                  FreeRTOS\tasks.o
                                                  FreeRTOS\stream_buffer.o
mpu_data                                          app\src\main.o
my_printf                                         app\src\printf-stdarg.o
                                                  app\src\main.o
my_sprintf                                        app\src\printf-stdarg.o
nISRactive                                        TraceRecorder\trcSnapshotRecorder.o
objectHandleStacks                                TraceRecorder\trcSnapshotRecorder.o
                                                  TraceRecorder\trcKernelPort.o
pcTaskGetName                                     FreeRTOS\tasks.o
pcTimerGetName                                    FreeRTOS\timers.o
prvMarkObjectAsUsed                               TraceRecorder\trcSnapshotRecorder.o
                                                  FreeRTOS\timers.o
                                                  FreeRTOS\queue.o
                                                  FreeRTOS\event_groups.o
prvTraceError                                     TraceRecorder\trcSnapshotRecorder.o
                                                  TraceRecorder\trcKernelPort.o
prvTraceFreeObjectHandle                          TraceRecorder\trcSnapshotRecorder.o
                                                  FreeRTOS\timers.o
                                                  FreeRTOS\queue.o
                                                  FreeRTOS\event_groups.o
prvTraceGetCurrentTaskHandle                      TraceRecorder\trcKernelPort.o
                                                  TraceRecorder\trcSnapshotRecorder.o
                                                  FreeRTOS\timers.o
                                                  FreeRTOS\tasks.o
                                                  FreeRTOS\queue.o
                                                  FreeRTOS\event_groups.o
prvTraceGetEventGroupNumberHigh16                 TraceRecorder\trcKernelPort.o
                                                  FreeRTOS\event_groups.o
prvTraceGetEventGroupNumberLow16                  TraceRecorder\trcKernelPort.o
                                                  FreeRTOS\event_groups.o
prvTraceGetObjectHandle                           TraceRecorder\trcSnapshotRecorder.o
                                                  FreeRTOS\timers.o
                                                  FreeRTOS\tasks.o
                                                  FreeRTOS\queue.o
                                                  FreeRTOS\event_groups.o
prvTraceGetPriorityProperty                       TraceRecorder\trcSnapshotRecorder.o
                                                  FreeRTOS\tasks.o
prvTraceGetQueueNumber                            TraceRecorder\trcKernelPort.o
prvTraceGetQueueNumberHigh16                      TraceRecorder\trcKernelPort.o
                                                  FreeRTOS\queue.o
prvTraceGetQueueNumberLow16                       TraceRecorder\trcKernelPort.o
                                                  FreeRTOS\queue.o
prvTraceGetQueueType                              TraceRecorder\trcKernelPort.o
                                                  FreeRTOS\queue.o
prvTraceGetTaskNumberHigh16                       TraceRecorder\trcKernelPort.o
                                                  FreeRTOS\timers.o
                                                  FreeRTOS\tasks.o
                                                  FreeRTOS\queue.o
                                                  FreeRTOS\event_groups.o
prvTraceGetTaskNumberLow16                        TraceRecorder\trcKernelPort.o
                                                  TraceRecorder\trcSnapshotRecorder.o
                                                  FreeRTOS\tasks.o
                                                  FreeRTOS\queue.o
                                                  FreeRTOS\event_groups.o
prvTraceGetTimerNumberHigh16                      TraceRecorder\trcKernelPort.o
                                                  FreeRTOS\timers.o
prvTraceGetTimerNumberLow16                       TraceRecorder\trcKernelPort.o
                                                  FreeRTOS\timers.o
prvTraceInitTraceData                             TraceRecorder\trcSnapshotRecorder.o
                                                  TraceRecorder\trcKernelPort.o
prvTraceIsSchedulerSuspended                      TraceRecorder\trcKernelPort.o
                                                  TraceRecorder\trcSnapshotRecorder.o
prvTracePortGetTimeStamp                          TraceRecorder\trcSnapshotRecorder.o
                                                  FreeRTOS\tasks.o
prvTraceSetEventGroupNumberHigh16                 TraceRecorder\trcKernelPort.o
                                                  FreeRTOS\event_groups.o
prvTraceSetEventGroupNumberLow16                  TraceRecorder\trcKernelPort.o