Archive member included to satisfy reference by file (symbol)

c:/program files (x86)/atollic/truestudio for stm32 9.3.0/armtools/bin/../lib/gcc/arm-atollic-eabi/6.3.1/../../../../arm-atollic-eabi/lib/armv6-m\libc_nano.a(lib_a-init.o)
                              cmsis\device\src\startup_stm32f072xb.o (__libc_init_array)
c:/program files (x86)/atollic/truestudio for stm32 9.3.0/armtools/bin/../lib/gcc/arm-atollic-eabi/6.3.1/../../../../arm-atollic-eabi/lib/armv6-m\libc_nano.a(lib_a-memcpy-stub.o)
                              FreeRTOS\queue.o (memcpy)
c:/program files (x86)/atollic/truestudio for stm32 9.3.0/armtools/bin/../lib/gcc/arm-atollic-eabi/6.3.1/../../../../arm-atollic-eabi/lib/armv6-m\libc_nano.a(lib_a-memset.o)
                              FreeRTOS\stream_buffer.o (memset)
c:/program files (x86)/atollic/truestudio for stm32 9.3.0/armtools/bin/../lib/gcc/arm-atollic-eabi/6.3.1/../../../../arm-atollic-eabi/lib/armv6-m\libc_nano.a(lib_a-strncmp.o)
                              TraceRecorder\trcSnapshotRecorder.o (strncmp)
c:/program files (x86)/atollic/truestudio for stm32 9.3.0/armtools/bin/../lib/gcc/arm-atollic-eabi/6.3.1/armv6-m\libgcc.a(_udivsi3.o)
                              TraceRecorder\trcSnapshotRecorder.o (__aeabi_uidiv)
c:/program files (x86)/atollic/truestudio for stm32 9.3.0/armtools/bin/../lib/gcc/arm-atollic-eabi/6.3.1/armv6-m\libgcc.a(_dvmd_tls.o)
                              c:/program files (x86)/atollic/truestudio for stm32 9.3.0/armtools/bin/../lib/gcc/arm-atollic-eabi/6.3.1/armv6-m\libgcc.a(_udivsi3.o) (__aeabi_idiv0)
c:/program files (x86)/atollic/truestudio for stm32 9.3.0/armtools/bin/../lib/gcc/arm-atollic-eabi/6.3.1/armv6-m\libgcc.a(_fixunsdfsi.o)
                              TraceRecorder\trcSnapshotRecorder.o (__aeabi_d2uiz)
c:/program files (x86)/atollic/truestudio for stm32 9.3.0/armtools/bin/../lib/gcc/arm-atollic-eabi/6.3.1/armv6-m\libgcc.a(subdf3.o)
                              c:/program files (x86)/atollic/truestudio for stm32 9.3.0/armtools/bin/../lib/gcc/arm-atollic-eabi/6.3.1/armv6-m\libgcc.a(_fixunsdfsi.o) (__aeabi_dsub)
c:/program files (x86)/atollic/truestudio for stm32 9.3.0/armtools/bin/../lib/gcc/arm-atollic-eabi/6.3.1/armv6-m\libgcc.a(fixdfsi.o)
                              c:/program files (x86)/atollic/truestudio for stm32 9.3.0/armtools/bin/../lib/gcc/arm-atollic-eabi/6.3.1/armv6-m\libgcc.a(_fixunsdfsi.o) (__aeabi_d2iz)
c:/program files (x86)/atollic/truestudio for stm32 9.3.0/armtools/bin/../lib/gcc/arm-atollic-eabi/6.3.1/armv6-m\libgcc.a(_arm_cmpdf2.o)
                              c:/program files (x86)/atollic/truestudio for stm32 9.3.0/armtools/bin/../lib/gcc/arm-atollic-eabi/6.3.1/armv6-m\libgcc.a(_fixunsdfsi.o) (__aeabi_dcmpge)
c:/program files (x86)/atollic/truestudio for stm32 9.3.0/armtools/bin/../lib/gcc/arm-atollic-eabi/6.3.1/armv6-m\libgcc.a(_clzsi2.o)
                              c:/program files (x86)/atollic/truestudio for stm32 9.3.0/armtools/bin/../lib/gcc/arm-atollic-eabi/6.3.1/armv6-m\libgcc.a(subdf3.o) (__clzsi2)
c:/program files (x86)/atollic/truestudio for stm32 9.3.0/armtools/bin/../lib/gcc/arm-atollic-eabi/6.3.1/armv6-m\libgcc.a(eqdf2.o)
                              c:/program files (x86)/atollic/truestudio for stm32 9.3.0/armtools/bin/../lib/gcc/arm-atollic-eabi/6.3.1/armv6-m\libgcc.a(_arm_cmpdf2.o) (__eqdf2)
c:/program files (x86)/atollic/truestudio for stm32 9.3.0/armtools/bin/../lib/gcc/arm-atollic-eabi/6.3.1/armv6-m\libgcc.a(gedf2.o)
                              c:/program files (x86)/atollic/truestudio for stm32 9.3.0/armtools/bin/../lib/gcc/arm-atollic-eabi/6.3.1/armv6-m\libgcc.a(_arm_cmpdf2.o) (__gedf2)
c:/program files (x86)/atollic/truestudio for stm32 9.3.0/armtools/bin/../lib/gcc/arm-atollic-eabi/6.3.1/armv6-m\libgcc.a(ledf2.o)
                              c:/program files (x86)/atollic/truestudio for stm32 9.3.0/armtools/bin/../lib/gcc/arm-atollic-eabi/6.3.1/armv6-m\libgcc.a(_arm_cmpdf2.o) (__ledf2)

Allocating common symbols
Common symbol       size              file

xConsoleQueue       0x4               app\src\main.o
RecorderData        0x1918            TraceRecorder\trcSnapshotRecorder.o
actuators           0x3               app\src\main.o
xSem                0x8               app\src\main.o
xConsoleMutex       0x4               app\src\main.o
xSem_DMA_TC         0x4               app\src\main.o
tx_dma_buffer       0x64              app\src\main.o
xSubscribeQueue     0x4               app\src\main.o
init_hwtc_count     0x4               TraceRecorder\trcSnapshotRecorder.o
xSem_UART_TC        0x4               app\src\main.o

Memory Configuration

Name             Origin             Length             Attributes
FLASH            0x08000000         0x00020000         xr
RAM              0x20000000         0x00004000         xrw
MEMORY_B1        0x60000000         0x00000000         xr
*default*        0x00000000         0xffffffff

Linker script and memory map

LOAD c:/program files (x86)/atollic/truestudio for stm32 9.3.0/armtools/bin/../lib/gcc/arm-atollic-eabi/6.3.1/armv6-m/crti.o
LOAD c:/program files (x86)/atollic/truestudio for stm32 9.3.0/armtools/bin/../lib/gcc/arm-atollic-eabi/6.3.1/armv6-m/crtbegin.o
LOAD FreeRTOS\croutine.o
LOAD FreeRTOS\event_groups.o
LOAD FreeRTOS\list.o
LOAD FreeRTOS\portable\GCC\ARM_CM0\port.o
LOAD FreeRTOS\portable\MemMang\heap_1.o
LOAD FreeRTOS\queue.o
LOAD FreeRTOS\stream_buffer.o
LOAD FreeRTOS\tasks.o
LOAD FreeRTOS\timers.o
LOAD TraceRecorder\trcKernelPort.o
LOAD TraceRecorder\trcSnapshotRecorder.o
LOAD TraceRecorder\trcStreamingRecorder.o
LOAD app\src\main.o
LOAD app\src\printf-stdarg.o
LOAD app\src\stm32f0xx_it.o
LOAD bsp\src\bsp.o
LOAD bsp\src\delay.o
LOAD cmsis\device\src\startup_stm32f072xb.o
LOAD cmsis\device\src\system_stm32f0xx.o
                0x00000080                malloc_getpagesize_P = 0x80
START GROUP
LOAD c:/program files (x86)/atollic/truestudio for stm32 9.3.0/armtools/bin/../lib/gcc/arm-atollic-eabi/6.3.1/../../../../arm-atollic-eabi/lib/armv6-m\libc_nano.a
LOAD c:/program files (x86)/atollic/truestudio for stm32 9.3.0/armtools/bin/../lib/gcc/arm-atollic-eabi/6.3.1/../../../../arm-atollic-eabi/lib/armv6-m\libm.a
END GROUP
START GROUP
LOAD c:/program files (x86)/atollic/truestudio for stm32 9.3.0/armtools/bin/../lib/gcc/arm-atollic-eabi/6.3.1/armv6-m\libgcc.a
LOAD c:/program files (x86)/atollic/truestudio for stm32 9.3.0/armtools/bin/../lib/gcc/arm-atollic-eabi/6.3.1/../../../../arm-atollic-eabi/lib/armv6-m\libc_nano.a
END GROUP
START GROUP
LOAD c:/program files (x86)/atollic/truestudio for stm32 9.3.0/armtools/bin/../lib/gcc/arm-atollic-eabi/6.3.1/armv6-m\libgcc.a
LOAD c:/program files (x86)/atollic/truestudio for stm32 9.3.0/armtools/bin/../lib/gcc/arm-atollic-eabi/6.3.1/../../../../arm-atollic-eabi/lib/armv6-m\libc_nano.a
LOAD c:/program files (x86)/atollic/truestudio for stm32 9.3.0/armtools/bin/../lib/gcc/arm-atollic-eabi/6.3.1/../../../../arm-atollic-eabi/lib/armv6-m\libnosys.a
END GROUP
START GROUP
LOAD c:/program files (x86)/atollic/truestudio for stm32 9.3.0/armtools/bin/../lib/gcc/arm-atollic-eabi/6.3.1/armv6-m\libgcc.a
LOAD c:/program files (x86)/atollic/truestudio for stm32 9.3.0/armtools/bin/../lib/gcc/arm-atollic-eabi/6.3.1/../../../../arm-atollic-eabi/lib/armv6-m\libc_nano.a
LOAD c:/program files (x86)/atollic/truestudio for stm32 9.3.0/armtools/bin/../lib/gcc/arm-atollic-eabi/6.3.1/../../../../arm-atollic-eabi/lib/armv6-m\libnosys.a
END GROUP
LOAD c:/program files (x86)/atollic/truestudio for stm32 9.3.0/armtools/bin/../lib/gcc/arm-atollic-eabi/6.3.1/armv6-m/crtend.o
LOAD c:/program files (x86)/atollic/truestudio for stm32 9.3.0/armtools/bin/../lib/gcc/arm-atollic-eabi/6.3.1/armv6-m/crtn.o
                0x20004000                _estack = 0x20004000
                0x00000000                _Min_Heap_Size = 0x0
                0x00000080                _Min_Stack_Size = 0x80

.isr_vector     0x08000000       0xc0
                0x08000000                . = ALIGN (0x4)
 *(.isr_vector)
 .isr_vector    0x08000000       0xc0 cmsis\device\src\startup_stm32f072xb.o
                0x08000000                g_pfnVectors
                0x080000c0                . = ALIGN (0x4)

.text           0x080000c0     0xbdb4
                0x080000c0                . = ALIGN (0x4)
 *(.text)
 .text          0x080000c0        0x0 c:/program files (x86)/atollic/truestudio for stm32 9.3.0/armtools/bin/../lib/gcc/arm-atollic-eabi/6.3.1/armv6-m/crti.o
 .text          0x080000c0       0x48 c:/program files (x86)/atollic/truestudio for stm32 9.3.0/armtools/bin/../lib/gcc/arm-atollic-eabi/6.3.1/armv6-m/crtbegin.o
 .text          0x08000108        0x0 FreeRTOS\croutine.o
 .text          0x08000108      0x938 FreeRTOS\event_groups.o
                0x08000108                xEventGroupCreate
                0x080001fc                xEventGroupSync
                0x08000408                xEventGroupWaitBits
                0x08000678                xEventGroupClearBits
                0x08000714                xEventGroupGetBitsFromISR
                0x08000740                xEventGroupSetBits
                0x08000884                vEventGroupDelete
                0x08000984                vEventGroupSetBitsCallback
                0x080009a2                vEventGroupClearBitsCallback
                0x080009fe                uxEventGroupGetNumber
                0x08000a26                vEventGroupSetNumber
 .text          0x08000a40      0x152 FreeRTOS\list.o
                0x08000a40                vListInitialise
                0x08000a7c                vListInitialiseItem
                0x08000a92                vListInsertEnd
                0x08000ad6                vListInsert
                0x08000b42                uxListRemove
 *fill*         0x08000b92        0xe 
 .text          0x08000ba0      0x25c FreeRTOS\portable\GCC\ARM_CM0\port.o
                0x08000ba0                pxPortInitialiseStack
                0x08000c20                SVC_Handler
                0x08000c56                xPortStartScheduler
                0x08000c9c                vPortEndScheduler
                0x08000cbc                vPortYield
                0x08000cdc                vPortEnterCritical
                0x08000d00                vPortExitCritical
                0x08000d30                ulSetInterruptMaskFromISR
                0x08000d3c                vClearInterruptMaskFromISR
                0x08000d44                PendSV_Handler
                0x08000d96                SysTick_Handler
 .text          0x08000dfc       0xf8 FreeRTOS\portable\MemMang\heap_1.o
                0x08000dfc                pvPortMalloc
                0x08000ea8                vPortFree
                0x08000ec2                vPortInitialiseBlocks
                0x08000ed8                xPortGetFreeHeapSize
 .text          0x08000ef4     0x1d7c FreeRTOS\queue.o
                0x08000ef4                xQueueGenericReset
                0x08000f9c                xQueueGenericCreate
                0x080011bc                xQueueCreateMutex
                0x080011f4                xQueueGenericSend
                0x080015b8                xQueueGenericSendFromISR
                0x08001790                xQueueGiveFromISR
                0x080017b0                MyWrapper_xQueueGiveFromISR
                0x08001974                xQueueReceive
                0x08001d48                xQueueSemaphoreTake
                0x08002170                xQueuePeek
                0x080024f0                xQueueReceiveFromISR
                0x08002698                xQueuePeekFromISR
                0x0800271c                uxQueueMessagesWaiting
                0x08002746                uxQueueSpacesAvailable
                0x0800277a                uxQueueMessagesWaitingFromISR
                0x080027a0                vQueueDelete
                0x080028f4                uxQueueGetQueueNumber
                0x08002908                vQueueSetQueueNumber
                0x08002920                ucQueueGetQueueType
                0x08002b70                xQueueIsQueueEmptyFromISR
                0x08002bd2                xQueueIsQueueFullFromISR
                0x08002c08                vQueueWaitForMessageRestricted
 .text          0x08002c70      0xa5c FreeRTOS\stream_buffer.o
                0x08002c70                xStreamBufferGenericCreate
                0x08002cfa                vStreamBufferDelete
                0x08002d3a                xStreamBufferReset
                0x08002da0                xStreamBufferSetTriggerLevel
                0x08002de6                xStreamBufferSpacesAvailable
                0x08002e36                xStreamBufferBytesAvailable
                0x08002e62                xStreamBufferSend
                0x08002f90                xStreamBufferSendFromISR
                0x080030bc                xStreamBufferReceive
                0x080031c0                xStreamBufferNextMessageLengthBytes
                0x08003232                xStreamBufferReceiveFromISR
                0x08003342                xStreamBufferIsEmpty
                0x0800337c                xStreamBufferIsFull
                0x080033cc                xStreamBufferSendCompletedFromISR
                0x08003428                xStreamBufferReceiveCompletedFromISR
                0x08003686                uxStreamBufferGetStreamBufferNumber
                0x0800369a                vStreamBufferSetStreamBufferNumber
                0x080036b2                ucStreamBufferGetStreamBufferType
 .text          0x080036cc     0x28f8 FreeRTOS\tasks.o
                0x080036cc                xTaskCreate
                0x08003a14                vTaskDelete
                0x08003bb8                vTaskDelayUntil
                0x08003ce0                vTaskDelay
                0x08003d9c                eTaskGetState
                0x08003e78                uxTaskPriorityGet
                0x08003eac                uxTaskPriorityGetFromISR
                0x08003ee8                vTaskPrioritySet
                0x08004090                vTaskSuspend
                0x08004208                vTaskResume
                0x0800431c                xTaskResumeFromISR
                0x08004434                vTaskStartScheduler
                0x080044f4                vTaskEndScheduler
                0x08004510                vTaskSuspendAll
                0x08004528                xTaskResumeAll
                0x08004670                xTaskGetTickCount
                0x0800468c                xTaskGetTickCountFromISR
                0x080046ac                uxTaskGetNumberOfTasks
                0x080046c0                pcTaskGetName
                0x080046f4                uxTaskGetSystemState
                0x08004810                xTaskIncrementTick
                0x080049c4                vTaskSwitchContext
                0x08004aac                vTaskPlaceOnEventList
                0x08004ae8                vTaskPlaceOnUnorderedEventList
                0x08004b44                vTaskPlaceOnEventListRestricted
                0x08004c08                xTaskRemoveFromEventList
                0x08004cf0                vTaskRemoveFromUnorderedEventList
                0x08004dc4                vTaskSetTimeOutState
                0x08004e00                vTaskInternalSetTimeOutState
                0x08004e28                xTaskCheckForTimeOut
                0x08004ec8                vTaskMissedYield
                0x08004edc                uxTaskGetTaskNumber
                0x08004f04                vTaskSetTaskNumber
                0x08005028                vTaskGetInfo
                0x08005238                xTaskGetCurrentTaskHandle
                0x08005254                xTaskGetSchedulerState
                0x0800528c                xTaskPriorityInherit
                0x080053f0                xTaskPriorityDisinherit
                0x08005538                vTaskPriorityDisinheritAfterTimeout
                0x080056ac                uxTaskResetEventItemValue
                0x080056d8                pvTaskIncrementMutexHeldCount
                0x080056fc                ulTaskNotifyTake
                0x080058b4                xTaskNotifyWait
                0x08005a24                xTaskGenericNotify
                0x08005bc4                xTaskGenericNotifyFromISR
                0x08005d84                vTaskNotifyGiveFromISR
                0x08005ed0                xTaskNotifyStateClear
 .text          0x08005fc4      0xb40 FreeRTOS\timers.o
                0x08005fc4                xTimerCreateTimerTask
                0x08006018                xTimerCreate
                0x08006160                xTimerGenericCommand
                0x080063b0                xTimerGetTimerDaemonTaskHandle
                0x080063d0                xTimerGetPeriod
                0x080063f2                vTimerSetReloadMode
                0x08006446                xTimerGetExpiryTime
                0x0800646c                pcTimerGetName
                0x08006a3c                xTimerIsTimerActive
                0x08006a7c                pvTimerGetTimerID
                0x08006aaa                vTimerSetTimerID
                0x08006ad8                uxTimerGetTimerNumber
                0x08006aec                vTimerSetTimerNumber
 .text          0x08006b04      0x6b0 TraceRecorder\trcKernelPort.o
                0x08006b04                prvTraceGetQueueNumber
                0x08006b1e                prvTraceGetQueueType
                0x08006b38                prvTraceGetTaskNumberLow16
                0x08006b54                prvTraceGetTaskNumberHigh16
                0x08006b72                prvTraceSetTaskNumberLow16
                0x08006ba6                prvTraceSetTaskNumberHigh16
                0x08006bdc                prvTraceGetQueueNumberLow16
                0x08006bf8                prvTraceGetQueueNumberHigh16
                0x08006c16                prvTraceSetQueueNumberLow16
                0x08006c4a                prvTraceSetQueueNumberHigh16
                0x08006c80                prvTraceGetTimerNumberLow16
                0x08006c9c                prvTraceGetTimerNumberHigh16
                0x08006cba                prvTraceSetTimerNumberLow16
                0x08006cee                prvTraceSetTimerNumberHigh16
                0x08006d24                prvTraceGetEventGroupNumberLow16
                0x08006d40                prvTraceGetEventGroupNumberHigh16
                0x08006d5e                prvTraceSetEventGroupNumberLow16
                0x08006d92                prvTraceSetEventGroupNumberHigh16
                0x08006dc8                vTraceSetQueueName
                0x08006df0                vTraceSetSemaphoreName
                0x08006e18                vTraceSetMutexName
                0x08006e40                vTraceSetEventGroupName
                0x08006e68                prvTraceGetCurrentTaskHandle
                0x08006e78                vTraceEnable
                0x08006ec0                vTraceInitObjectPropertyTable
                0x08007060                vTraceInitObjectHandleStack
                0x08007124                pszTraceGetErrorNotEnoughHandles
                0x0800719c                prvTraceIsSchedulerSuspended
 .text          0x080071b4     0x2a1c TraceRecorder\trcSnapshotRecorder.o
                0x080071b4                vTraceSetStopHook
                0x080071d0                vTraceClear
                0x08007280                uiTraceStart
                0x0800737c                vTraceStart
                0x0800738a                vTraceStop
                0x080073bc                xTraceIsRecordingEnabled
                0x080073dc                xTraceGetLastError
                0x080073f0                vTraceClearError
                0x08007420                xTraceGetTraceBuffer
                0x08007434                uiTraceGetTraceBufferSize
                0x080074ec                vTraceInstanceFinishedNext
                0x080074fc                vTraceInstanceFinishedNow
                0x0800750c                xTraceSetISRProperties
                0x080075a8                vTraceStoreISRBegin
                0x080076ec                vTraceStoreISREnd
                0x08007d74                vTracePrintF
                0x08007da4                vTraceVPrintF
                0x08007f08                vTracePrint
                0x08007fb8                xTraceRegisterString
                0x08008008                prvTraceSetReadyEventsEnabled
                0x08008024                prvTraceStoreTaskReady
                0x0800810c                prvTraceStoreLowPower
                0x080081c4                vTraceStoreMemMangEvent
                0x08008304                prvTraceStoreKernelCall
                0x08008424                prvTraceStoreKernelCallWithParam
                0x080085dc                prvTraceStoreKernelCallWithNumericParamOnly
                0x080086c4                prvTraceStoreTaskswitch
                0x080087c4                prvTraceStoreObjectNameOnCloseEvent
                0x0800889c                prvTraceStoreObjectPropertiesOnCloseEvent
                0x0800899c                prvTraceSetPriorityProperty
                0x08008a38                prvTraceGetPriorityProperty
                0x08008acc                prvTraceSetObjectState
                0x08008bf8                prvTraceSetTaskInstanceFinished
                0x08008c54                prvTraceInitTraceData
                0x08008ef4                uiIndexOfObject
                0x08008fc8                prvTraceGetObjectHandle
                0x08009158                prvTraceFreeObjectHandle
                0x0800921c                prvMarkObjectAsUsed
                0x080092b0                prvTraceSetObjectName
                0x0800945c                vTraceSetFrequency
                0x08009478                prvTraceError
                0x080094d8                vTraceSetFilterMask
                0x080094f8                vTraceSetFilterGroup
                0x08009aec                prvTracePortGetTimeStamp
 .text          0x08009bd0        0x0 TraceRecorder\trcStreamingRecorder.o
 .text          0x08009bd0      0xc9c app\src\main.o
                0x08009cd8                main
                0x08009e8c                vTaskPub
                0x0800a25c                vTaskWrite
                0x0800a360                vTask1
                0x0800a494                vTask2
 .text          0x0800a86c      0x440 app\src\printf-stdarg.o
                0x0800ac54                my_printf
                0x0800ac7e                my_sprintf
 .text          0x0800acac       0x6c app\src\stm32f0xx_it.o
                0x0800acac                NMI_Handler
                0x0800acb6                HardFault_Handler
                0x0800acbc                DMA1_Channel4_5_6_7_IRQHandler
 .text          0x0800ad18      0x344 bsp\src\bsp.o
                0x0800ad18                BSP_LED_Init
                0x0800adb0                BSP_LED_On
                0x0800adc2                BSP_LED_Off
                0x0800add6                BSP_LED_Toggle
                0x0800adf0                BSP_Console_Init
                0x0800af24                BSP_NVIC_Init
                0x0800af2e                BSP_DBG_Pins_Init
                0x0800afc4                BSP_DBG_Pin_Init
 .text          0x0800b05c       0xe0 bsp\src\delay.o
                0x0800b05c                BSP_DELAY_ms
                0x0800b088                BSP_DELAY_us
                0x0800b0b2                BSP_DELAY_TIM_init
                0x0800b0f0                BSP_DELAY_TIM_ms
 .text          0x0800b13c       0x14 cmsis\device\src\startup_stm32f072xb.o
 .text          0x0800b150      0x188 cmsis\device\src\system_stm32f0xx.o
                0x0800b150                SystemInit
                0x0800b1d8                SystemCoreClockUpdate
 .text          0x0800b2d8        0x0 c:/program files (x86)/atollic/truestudio for stm32 9.3.0/armtools/bin/../lib/gcc/arm-atollic-eabi/6.3.1/../../../../arm-atollic-eabi/lib/armv6-m\libc_nano.a(lib_a-init.o)
 .text          0x0800b2d8        0x0 c:/program files (x86)/atollic/truestudio for stm32 9.3.0/armtools/bin/../lib/gcc/arm-atollic-eabi/6.3.1/../../../../arm-atollic-eabi/lib/armv6-m\libc_nano.a(lib_a-memcpy-stub.o)
 .text          0x0800b2d8        0x0 c:/program files (x86)/atollic/truestudio for stm32 9.3.0/armtools/bin/../lib/gcc/arm-atollic-eabi/6.3.1/../../../../arm-atollic-eabi/lib/armv6-m\libc_nano.a(lib_a-memset.o)
 .text          0x0800b2d8        0x0 c:/program files (x86)/atollic/truestudio for stm32 9.3.0/armtools/bin/../lib/gcc/arm-atollic-eabi/6.3.1/../../../../arm-atollic-eabi/lib/armv6-m\libc_nano.a(lib_a-strncmp.o)
 .text          0x0800b2d8      0x114 c:/program files (x86)/atollic/truestudio for stm32 9.3.0/armtools/bin/../lib/gcc/arm-atollic-eabi/6.3.1/armv6-m\libgcc.a(_udivsi3.o)
                0x0800b2d8                __aeabi_uidiv
                0x0800b2d8                __udivsi3
                0x0800b3e4                __aeabi_uidivmod
 .text          0x0800b3ec        0x4 c:/program files (x86)/atollic/truestudio for stm32 9.3.0/armtools/bin/../lib/gcc/arm-atollic-eabi/6.3.1/armv6-m\libgcc.a(_dvmd_tls.o)
                0x0800b3ec                __aeabi_idiv0
                0x0800b3ec                __aeabi_ldiv0
 .text          0x0800b3f0       0x3c c:/program files (x86)/atollic/truestudio for stm32 9.3.0/armtools/bin/../lib/gcc/arm-atollic-eabi/6.3.1/armv6-m\libgcc.a(_fixunsdfsi.o)
                0x0800b3f0                __aeabi_d2uiz
                0x0800b3f0                __fixunsdfsi
 .text          0x0800b42c      0x62c c:/program files (x86)/atollic/truestudio for stm32 9.3.0/armtools/bin/../lib/gcc/arm-atollic-eabi/6.3.1/armv6-m\libgcc.a(subdf3.o)
                0x0800b42c                __aeabi_dsub
 .text          0x0800ba58       0x68 c:/program files (x86)/atollic/truestudio for stm32 9.3.0/armtools/bin/../lib/gcc/arm-atollic-eabi/6.3.1/armv6-m\libgcc.a(fixdfsi.o)
                0x0800ba58                __aeabi_d2iz
 .text          0x0800bac0       0x7c c:/program files (x86)/atollic/truestudio for stm32 9.3.0/armtools/bin/../lib/gcc/arm-atollic-eabi/6.3.1/armv6-m\libgcc.a(_arm_cmpdf2.o)
                0x0800bac0                __aeabi_cdrcmple
                0x0800bad0                __aeabi_cdcmple
                0x0800bad0                __aeabi_cdcmpeq
                0x0800bae0                __aeabi_dcmpeq
                0x0800baec                __aeabi_dcmplt
                0x0800bb00                __aeabi_dcmple
                0x0800bb14                __aeabi_dcmpgt
                0x0800bb28                __aeabi_dcmpge
 .text          0x0800bb3c       0x3c c:/program files (x86)/atollic/truestudio for stm32 9.3.0/armtools/bin/../lib/gcc/arm-atollic-eabi/6.3.1/armv6-m\libgcc.a(_clzsi2.o)
                0x0800bb3c                __clzsi2
 .text          0x0800bb78       0x74 c:/program files (x86)/atollic/truestudio for stm32 9.3.0/armtools/bin/../lib/gcc/arm-atollic-eabi/6.3.1/armv6-m\libgcc.a(eqdf2.o)
                0x0800bb78                __nedf2
                0x0800bb78                __eqdf2
 .text          0x0800bbec       0xc8 c:/program files (x86)/atollic/truestudio for stm32 9.3.0/armtools/bin/../lib/gcc/arm-atollic-eabi/6.3.1/armv6-m\libgcc.a(gedf2.o)
                0x0800bbec                __gedf2
                0x0800bbec                __gtdf2
 .text          0x0800bcb4       0xc4 c:/program files (x86)/atollic/truestudio for stm32 9.3.0/armtools/bin/../lib/gcc/arm-atollic-eabi/6.3.1/armv6-m\libgcc.a(ledf2.o)
                0x0800bcb4                __ledf2
                0x0800bcb4                __ltdf2
 .text          0x0800bd78        0x0 c:/program files (x86)/atollic/truestudio for stm32 9.3.0/armtools/bin/../lib/gcc/arm-atollic-eabi/6.3.1/armv6-m/crtend.o
 .text          0x0800bd78        0x0 c:/program files (x86)/atollic/truestudio for stm32 9.3.0/armtools/bin/../lib/gcc/arm-atollic-eabi/6.3.1/armv6-m/crtn.o
 *(.text*)
 .text.Reset_Handler
                0x0800bd78       0x50 cmsis\device\src\startup_stm32f072xb.o
                0x0800bd78                Reset_Handler
 .text.Default_Handler
                0x0800bdc8        0x2 cmsis\device\src\startup_stm32f072xb.o
                0x0800bdc8                TIM1_CC_IRQHandler
                0x0800bdc8                TSC_IRQHandler
                0x0800bdc8                ADC1_COMP_IRQHandler
                0x0800bdc8                I2C1_IRQHandler
                0x0800bdc8                RCC_CRS_IRQHandler
                0x0800bdc8                SPI1_IRQHandler
                0x0800bdc8                TIM6_DAC_IRQHandler
                0x0800bdc8                USART3_4_IRQHandler
                0x0800bdc8                EXTI2_3_IRQHandler
                0x0800bdc8                I2C2_IRQHandler
                0x0800bdc8                TIM17_IRQHandler
                0x0800bdc8                CEC_CAN_IRQHandler
                0x0800bdc8                RTC_IRQHandler
                0x0800bdc8                PVD_VDDIO2_IRQHandler
                0x0800bdc8                TIM16_IRQHandler
                0x0800bdc8                TIM3_IRQHandler
                0x0800bdc8                EXTI4_15_IRQHandler
                0x0800bdc8                DMA1_Channel1_IRQHandler
                0x0800bdc8                Default_Handler
                0x0800bdc8                TIM14_IRQHandler
                0x0800bdc8                TIM7_IRQHandler
                0x0800bdc8                TIM15_IRQHandler
                0x0800bdc8                EXTI0_1_IRQHandler
                0x0800bdc8                USB_IRQHandler
                0x0800bdc8                SPI2_IRQHandler
                0x0800bdc8                WWDG_IRQHandler
                0x0800bdc8                TIM2_IRQHandler
                0x0800bdc8                DMA1_Channel2_3_IRQHandler
                0x0800bdc8                USART2_IRQHandler
                0x0800bdc8                FLASH_IRQHandler
                0x0800bdc8                USART1_IRQHandler
                0x0800bdc8                TIM1_BRK_UP_TRG_COM_IRQHandler
 *fill*         0x0800bdca        0x2 
 .text.__libc_init_array
                0x0800bdcc       0x48 c:/program files (x86)/atollic/truestudio for stm32 9.3.0/armtools/bin/../lib/gcc/arm-atollic-eabi/6.3.1/../../../../arm-atollic-eabi/lib/armv6-m\libc_nano.a(lib_a-init.o)
                0x0800bdcc                __libc_init_array
 .text.memcpy   0x0800be14       0x12 c:/program files (x86)/atollic/truestudio for stm32 9.3.0/armtools/bin/../lib/gcc/arm-atollic-eabi/6.3.1/../../../../arm-atollic-eabi/lib/armv6-m\libc_nano.a(lib_a-memcpy-stub.o)
                0x0800be14                memcpy
 .text.memset   0x0800be26       0x10 c:/program files (x86)/atollic/truestudio for stm32 9.3.0/armtools/bin/../lib/gcc/arm-atollic-eabi/6.3.1/../../../../arm-atollic-eabi/lib/armv6-m\libc_nano.a(lib_a-memset.o)
                0x0800be26                memset
 .text.strncmp  0x0800be36       0x22 c:/program files (x86)/atollic/truestudio for stm32 9.3.0/armtools/bin/../lib/gcc/arm-atollic-eabi/6.3.1/../../../../arm-atollic-eabi/lib/armv6-m\libc_nano.a(lib_a-strncmp.o)
                0x0800be36                strncmp
 *(.glue_7)
 .glue_7        0x0800be58        0x0 linker stubs
 *(.glue_7t)
 .glue_7t       0x0800be58        0x0 linker stubs
 *(.eh_frame)
 .eh_frame      0x0800be58        0x0 c:/program files (x86)/atollic/truestudio for stm32 9.3.0/armtools/bin/../lib/gcc/arm-atollic-eabi/6.3.1/armv6-m/crtbegin.o
 .eh_frame      0x0800be58        0x4 c:/program files (x86)/atollic/truestudio for stm32 9.3.0/armtools/bin/../lib/gcc/arm-atollic-eabi/6.3.1/armv6-m/crtend.o
 *(.init)
 .init          0x0800be5c        0x4 c:/program files (x86)/atollic/truestudio for stm32 9.3.0/armtools/bin/../lib/gcc/arm-atollic-eabi/6.3.1/armv6-m/crti.o
                0x0800be5c                _init
 .init          0x0800be60        0x8 c:/program files (x86)/atollic/truestudio for stm32 9.3.0/armtools/bin/../lib/gcc/arm-atollic-eabi/6.3.1/armv6-m/crtn.o
 *(.fini)
 .fini          0x0800be68        0x4 c:/program files (x86)/atollic/truestudio for stm32 9.3.0/armtools/bin/../lib/gcc/arm-atollic-eabi/6.3.1/armv6-m/crti.o
                0x0800be68                _fini
 .fini          0x0800be6c        0x8 c:/program files (x86)/atollic/truestudio for stm32 9.3.0/armtools/bin/../lib/gcc/arm-atollic-eabi/6.3.1/armv6-m/crtn.o
                0x0800be74                . = ALIGN (0x4)
                0x0800be74                _etext = .

.vfp11_veneer   0x0800be74        0x0
 .vfp11_veneer  0x0800be74        0x0 linker stubs

.v4_bx          0x0800be74        0x0
 .v4_bx         0x0800be74        0x0 linker stubs

.iplt           0x0800be74        0x0
 .iplt          0x0800be74        0x0 c:/program files (x86)/atollic/truestudio for stm32 9.3.0/armtools/bin/../lib/gcc/arm-atollic-eabi/6.3.1/armv6-m/crtbegin.o

.rodata         0x0800be74     0x15f0
                0x0800be74                . = ALIGN (0x4)
 *(.rodata)
 .rodata        0x0800be74       0x30 FreeRTOS\tasks.o
 .rodata        0x0800bea4       0x30 FreeRTOS\timers.o
 .rodata        0x0800bed4      0x398 TraceRecorder\trcKernelPort.o
 .rodata        0x0800c26c     0x10a7 TraceRecorder\trcSnapshotRecorder.o
 *fill*         0x0800d313        0x1 
 .rodata        0x0800d314      0x12f app\src\main.o
 *fill*         0x0800d443        0x1 
 .rodata        0x0800d444        0x7 app\src\printf-stdarg.o
 *fill*         0x0800d44b        0x1 
 .rodata        0x0800d44c       0x18 cmsis\device\src\system_stm32f0xx.o
                0x0800d44c                AHBPrescTable
                0x0800d45c                APBPrescTable
 *(.rodata*)
                0x0800d464                . = ALIGN (0x4)

.rel.dyn        0x0800d464        0x0
 .rel.iplt      0x0800d464        0x0 c:/program files (x86)/atollic/truestudio for stm32 9.3.0/armtools/bin/../lib/gcc/arm-atollic-eabi/6.3.1/armv6-m/crtbegin.o

.ARM.extab
 *(.ARM.extab* .gnu.linkonce.armextab.*)

.ARM            0x0800d464        0x0
                0x0800d464                __exidx_start = .
 *(.ARM.exidx*)
                0x0800d464                __exidx_end = .

.preinit_array  0x0800d464        0x0
                0x0800d464                PROVIDE (__preinit_array_start, .)
 *(.preinit_array*)
                0x0800d464                PROVIDE (__preinit_array_end, .)

.init_array     0x0800d464        0x4
                0x0800d464                PROVIDE (__init_array_start, .)
 *(SORT(.init_array.*))
 *(.init_array*)
 .init_array    0x0800d464        0x4 c:/program files (x86)/atollic/truestudio for stm32 9.3.0/armtools/bin/../lib/gcc/arm-atollic-eabi/6.3.1/armv6-m/crtbegin.o
                0x0800d468                PROVIDE (__init_array_end, .)

.fini_array     0x0800d468        0x4
                [!provide]                PROVIDE (__fini_array_start, .)
 *(SORT(.fini_array.*))
 *(.fini_array*)
 .fini_array    0x0800d468        0x4 c:/program files (x86)/atollic/truestudio for stm32 9.3.0/armtools/bin/../lib/gcc/arm-atollic-eabi/6.3.1/armv6-m/crtbegin.o
                [!provide]                PROVIDE (__fini_array_end, .)
                0x0800d46c                _sidata = LOADADDR (.data)

.data           0x20000000       0x1c load address 0x0800d46c
                0x20000000                . = ALIGN (0x4)
                0x20000000                _sdata = .
 *(.data)
 .data          0x20000000        0x0 c:/program files (x86)/atollic/truestudio for stm32 9.3.0/armtools/bin/../lib/gcc/arm-atollic-eabi/6.3.1/armv6-m/crti.o
 .data          0x20000000        0x4 c:/program files (x86)/atollic/truestudio for stm32 9.3.0/armtools/bin/../lib/gcc/arm-atollic-eabi/6.3.1/armv6-m/crtbegin.o
                0x20000000                __dso_handle
 .data          0x20000004        0x0 FreeRTOS\croutine.o
 .data          0x20000004        0x0 FreeRTOS\event_groups.o
 .data          0x20000004        0x0 FreeRTOS\list.o
 .data          0x20000004        0x4 FreeRTOS\portable\GCC\ARM_CM0\port.o
 .data          0x20000008        0x0 FreeRTOS\portable\MemMang\heap_1.o
 .data          0x20000008        0x0 FreeRTOS\queue.o
 .data          0x20000008        0x0 FreeRTOS\stream_buffer.o
 .data          0x20000008        0x0 FreeRTOS\tasks.o
 .data          0x20000008        0x0 FreeRTOS\timers.o
 .data          0x20000008        0x5 TraceRecorder\trcKernelPort.o
                0x20000008                TraceQueueClassTable
 *fill*         0x2000000d        0x3 
 .data          0x20000010        0x8 TraceRecorder\trcSnapshotRecorder.o
                0x20000014                CurrentFilterMask
                0x20000016                CurrentFilterGroup
 .data          0x20000018        0x0 TraceRecorder\trcStreamingRecorder.o
 .data          0x20000018        0x0 app\src\main.o
 .data          0x20000018        0x0 app\src\printf-stdarg.o
 .data          0x20000018        0x0 app\src\stm32f0xx_it.o
 .data          0x20000018        0x0 bsp\src\bsp.o
 .data          0x20000018        0x0 bsp\src\delay.o
 .data          0x20000018        0x0 cmsis\device\src\startup_stm32f072xb.o
 .data          0x20000018        0x4 cmsis\device\src\system_stm32f0xx.o
                0x20000018                SystemCoreClock
 .data          0x2000001c        0x0 c:/program files (x86)/atollic/truestudio for stm32 9.3.0/armtools/bin/../lib/gcc/arm-atollic-eabi/6.3.1/../../../../arm-atollic-eabi/lib/armv6-m\libc_nano.a(lib_a-init.o)
 .data          0x2000001c        0x0 c:/program files (x86)/atollic/truestudio for stm32 9.3.0/armtools/bin/../lib/gcc/arm-atollic-eabi/6.3.1/../../../../arm-atollic-eabi/lib/armv6-m\libc_nano.a(lib_a-memcpy-stub.o)
 .data          0x2000001c        0x0 c:/program files (x86)/atollic/truestudio for stm32 9.3.0/armtools/bin/../lib/gcc/arm-atollic-eabi/6.3.1/../../../../arm-atollic-eabi/lib/armv6-m\libc_nano.a(lib_a-memset.o)
 .data          0x2000001c        0x0 c:/program files (x86)/atollic/truestudio for stm32 9.3.0/armtools/bin/../lib/gcc/arm-atollic-eabi/6.3.1/../../../../arm-atollic-eabi/lib/armv6-m\libc_nano.a(lib_a-strncmp.o)
 .data          0x2000001c        0x0 c:/program files (x86)/atollic/truestudio for stm32 9.3.0/armtools/bin/../lib/gcc/arm-atollic-eabi/6.3.1/armv6-m\libgcc.a(_udivsi3.o)
 .data          0x2000001c        0x0 c:/program files (x86)/atollic/truestudio for stm32 9.3.0/armtools/bin/../lib/gcc/arm-atollic-eabi/6.3.1/armv6-m\libgcc.a(_dvmd_tls.o)
 .data          0x2000001c        0x0 c:/program files (x86)/atollic/truestudio for stm32 9.3.0/armtools/bin/../lib/gcc/arm-atollic-eabi/6.3.1/armv6-m\libgcc.a(_fixunsdfsi.o)
 .data          0x2000001c        0x0 c:/program files (x86)/atollic/truestudio for stm32 9.3.0/armtools/bin/../lib/gcc/arm-atollic-eabi/6.3.1/armv6-m\libgcc.a(subdf3.o)
 .data          0x2000001c        0x0 c:/program files (x86)/atollic/truestudio for stm32 9.3.0/armtools/bin/../lib/gcc/arm-atollic-eabi/6.3.1/armv6-m\libgcc.a(fixdfsi.o)
 .data          0x2000001c        0x0 c:/program files (x86)/atollic/truestudio for stm32 9.3.0/armtools/bin/../lib/gcc/arm-atollic-eabi/6.3.1/armv6-m\libgcc.a(_arm_cmpdf2.o)
 .data          0x2000001c        0x0 c:/program files (x86)/atollic/truestudio for stm32 9.3.0/armtools/bin/../lib/gcc/arm-atollic-eabi/6.3.1/armv6-m\libgcc.a(_clzsi2.o)
 .data          0x2000001c        0x0 c:/program files (x86)/atollic/truestudio for stm32 9.3.0/armtools/bin/../lib/gcc/arm-atollic-eabi/6.3.1/armv6-m\libgcc.a(eqdf2.o)
 .data          0x2000001c        0x0 c:/program files (x86)/atollic/truestudio for stm32 9.3.0/armtools/bin/../lib/gcc/arm-atollic-eabi/6.3.1/armv6-m\libgcc.a(gedf2.o)
 .data          0x2000001c        0x0 c:/program files (x86)/atollic/truestudio for stm32 9.3.0/armtools/bin/../lib/gcc/arm-atollic-eabi/6.3.1/armv6-m\libgcc.a(ledf2.o)
 .data          0x2000001c        0x0 c:/program files (x86)/atollic/truestudio for stm32 9.3.0/armtools/bin/../lib/gcc/arm-atollic-eabi/6.3.1/armv6-m/crtend.o
 .data          0x2000001c        0x0 c:/program files (x86)/atollic/truestudio for stm32 9.3.0/armtools/bin/../lib/gcc/arm-atollic-eabi/6.3.1/armv6-m/crtn.o
 *(.data*)
                0x2000001c                . = ALIGN (0x4)
                0x2000001c                _edata = .

.igot.plt       0x2000001c        0x0 load address 0x0800d488
 .igot.plt      0x2000001c        0x0 c:/program files (x86)/atollic/truestudio for stm32 9.3.0/armtools/bin/../lib/gcc/arm-atollic-eabi/6.3.1/armv6-m/crtbegin.o
                0x2000001c                . = ALIGN (0x4)

.bss            0x2000001c     0x37e8 load address 0x0800d488
                0x2000001c                _sbss = .
                0x2000001c                __bss_start__ = _sbss
 *(.bss)
 .bss           0x2000001c        0x0 c:/program files (x86)/atollic/truestudio for stm32 9.3.0/armtools/bin/../lib/gcc/arm-atollic-eabi/6.3.1/armv6-m/crti.o
 .bss           0x2000001c       0x1c c:/program files (x86)/atollic/truestudio for stm32 9.3.0/armtools/bin/../lib/gcc/arm-atollic-eabi/6.3.1/armv6-m/crtbegin.o
 .bss           0x20000038        0x0 FreeRTOS\croutine.o
 .bss           0x20000038        0x0 FreeRTOS\event_groups.o
 .bss           0x20000038        0x0 FreeRTOS\list.o
 .bss           0x20000038        0x0 FreeRTOS\portable\GCC\ARM_CM0\port.o
 .bss           0x20000038     0x1c08 FreeRTOS\portable\MemMang\heap_1.o
 .bss           0x20001c40        0x0 FreeRTOS\queue.o
 .bss           0x20001c40        0x0 FreeRTOS\stream_buffer.o
 .bss           0x20001c40      0x104 FreeRTOS\tasks.o
                0x20001c40                pxCurrentTCB
 .bss           0x20001d44       0x3c FreeRTOS\timers.o
 .bss           0x20001d80        0x4 TraceRecorder\trcKernelPort.o
                0x20001d80                uiInEventGroupSetBitsFromISR
 .bss           0x20001d84       0xe0 TraceRecorder\trcSnapshotRecorder.o
                0x20001d8c                isPendingContextSwitch
                0x20001d90                uiTraceTickCount
                0x20001d94                trace_disable_timestamp
                0x20001d9c                uiTraceSystemState
                0x20001da0                recorder_busy
                0x20001da4                timestampFrequency
                0x20001da8                traceErrorMessage
                0x20001dac                nISRactive
                0x20001dad                handle_of_last_logged_task
                0x20001db0                vTraceStopHookPtr
                0x20001db8                objectHandleStacks
                0x20001e48                RecorderDataPtr
 .bss           0x20001e64        0x0 TraceRecorder\trcStreamingRecorder.o
 .bss           0x20001e64        0x0 app\src\main.o
 .bss           0x20001e64        0x0 app\src\printf-stdarg.o
 .bss           0x20001e64        0x0 app\src\stm32f0xx_it.o
 .bss           0x20001e64        0x0 bsp\src\bsp.o
 .bss           0x20001e64        0x0 bsp\src\delay.o
 .bss           0x20001e64        0x0 cmsis\device\src\startup_stm32f072xb.o
 .bss           0x20001e64        0x0 cmsis\device\src\system_stm32f0xx.o
 .bss           0x20001e64        0x0 c:/program files (x86)/atollic/truestudio for stm32 9.3.0/armtools/bin/../lib/gcc/arm-atollic-eabi/6.3.1/../../../../arm-atollic-eabi/lib/armv6-m\libc_nano.a(lib_a-init.o)
 .bss           0x20001e64        0x0 c:/program files (x86)/atollic/truestudio for stm32 9.3.0/armtools/bin/../lib/gcc/arm-atollic-eabi/6.3.1/../../../../arm-atollic-eabi/lib/armv6-m\libc_nano.a(lib_a-memcpy-stub.o)
 .bss           0x20001e64        0x0 c:/program files (x86)/atollic/truestudio for stm32 9.3.0/armtools/bin/../lib/gcc/arm-atollic-eabi/6.3.1/../../../../arm-atollic-eabi/lib/armv6-m\libc_nano.a(lib_a-memset.o)
 .bss           0x20001e64        0x0 c:/program files (x86)/atollic/truestudio for stm32 9.3.0/armtools/bin/../lib/gcc/arm-atollic-eabi/6.3.1/../../../../arm-atollic-eabi/lib/armv6-m\libc_nano.a(lib_a-strncmp.o)
 .bss           0x20001e64        0x0 c:/program files (x86)/atollic/truestudio for stm32 9.3.0/armtools/bin/../lib/gcc/arm-atollic-eabi/6.3.1/armv6-m\libgcc.a(_udivsi3.o)
 .bss           0x20001e64        0x0 c:/program files (x86)/atollic/truestudio for stm32 9.3.0/armtools/bin/../lib/gcc/arm-atollic-eabi/6.3.1/armv6-m\libgcc.a(_dvmd_tls.o)
 .bss           0x20001e64        0x0 c:/program files (x86)/atollic/truestudio for stm32 9.3.0/armtools/bin/../lib/gcc/arm-atollic-eabi/6.3.1/armv6-m\libgcc.a(_fixunsdfsi.o)
 .bss           0x20001e64        0x0 c:/program files (x86)/atollic/truestudio for stm32 9.3.0/armtools/bin/../lib/gcc/arm-atollic-eabi/6.3.1/armv6-m\libgcc.a(subdf3.o)
 .bss           0x20001e64        0x0 c:/program files (x86)/atollic/truestudio for stm32 9.3.0/armtools/bin/../lib/gcc/arm-atollic-eabi/6.3.1/armv6-m\libgcc.a(fixdfsi.o)
 .bss           0x20001e64        0x0 c:/program files (x86)/atollic/truestudio for stm32 9.3.0/armtools/bin/../lib/gcc/arm-atollic-eabi/6.3.1/armv6-m\libgcc.a(_arm_cmpdf2.o)
 .bss           0x20001e64        0x0 c:/program files (x86)/atollic/truestudio for stm32 9.3.0/armtools/bin/../lib/gcc/arm-atollic-eabi/6.3.1/armv6-m\libgcc.a(_clzsi2.o)
 .bss           0x20001e64        0x0 c:/program files (x86)/atollic/truestudio for stm32 9.3.0/armtools/bin/../lib/gcc/arm-atollic-eabi/6.3.1/armv6-m\libgcc.a(eqdf2.o)
 .bss           0x20001e64        0x0 c:/program files (x86)/atollic/truestudio for stm32 9.3.0/armtools/bin/../lib/gcc/arm-atollic-eabi/6.3.1/armv6-m\libgcc.a(gedf2.o)
 .bss           0x20001e64        0x0 c:/program files (x86)/atollic/truestudio for stm32 9.3.0/armtools/bin/../lib/gcc/arm-atollic-eabi/6.3.1/armv6-m\libgcc.a(ledf2.o)
 .bss           0x20001e64        0x0 c:/program files (x86)/atollic/truestudio for stm32 9.3.0/armtools/bin/../lib/gcc/arm-atollic-eabi/6.3.1/armv6-m/crtend.o
 .bss           0x20001e64        0x0 c:/program files (x86)/atollic/truestudio for stm32 9.3.0/armtools/bin/../lib/gcc/arm-atollic-eabi/6.3.1/armv6-m/crtn.o
 *(.bss*)
 *(COMMON)
 COMMON         0x20001e64     0x191c TraceRecorder\trcSnapshotRecorder.o
                0x20001e64                RecorderData
                0x2000377c                init_hwtc_count
 COMMON         0x20003780       0x84 app\src\main.o
                0x20003780                xConsoleQueue
                0x20003784                actuators
                0x20003788                xSem
                0x20003790                xConsoleMutex
                0x20003794                xSem_DMA_TC
                0x20003798                tx_dma_buffer
                0x200037fc                xSubscribeQueue
                0x20003800                xSem_UART_TC
                0x20003804                . = ALIGN (0x4)
                0x20003804                _ebss = .
                0x20003804                __bss_end__ = _ebss

._user_heap_stack
                0x20003804       0x80 load address 0x0800d488
                0x20003804                . = ALIGN (0x4)
                [!provide]                PROVIDE (end, .)
                [!provide]                PROVIDE (_end, .)
                0x20003804                . = (. + _Min_Heap_Size)
                0x20003884                . = (. + _Min_Stack_Size)
 *fill*         0x20003804       0x80 
                0x20003884                . = ALIGN (0x4)

.memory_b1_text
 *(.mb1text)
 *(.mb1text*)
 *(.mb1rodata)
 *(.mb1rodata*)

/DISCARD/
 libc.a(*)
 libm.a(*)
 libgcc.a(*)

.ARM.attributes
                0x00000000       0x28
 *(.ARM.attributes)
 .ARM.attributes
                0x00000000       0x1e c:/program files (x86)/atollic/truestudio for stm32 9.3.0/armtools/bin/../lib/gcc/arm-atollic-eabi/6.3.1/armv6-m/crti.o
 .ARM.attributes
                0x0000001e       0x2c c:/program files (x86)/atollic/truestudio for stm32 9.3.0/armtools/bin/../lib/gcc/arm-atollic-eabi/6.3.1/armv6-m/crtbegin.o
 .ARM.attributes
                0x0000004a       0x31 FreeRTOS\croutine.o
 .ARM.attributes
                0x0000007b       0x31 FreeRTOS\event_groups.o
 .ARM.attributes
                0x000000ac       0x31 FreeRTOS\list.o
 .ARM.attributes
                0x000000dd       0x31 FreeRTOS\portable\GCC\ARM_CM0\port.o
 .ARM.attributes
                0x0000010e       0x31 FreeRTOS\portable\MemMang\heap_1.o
 .ARM.attributes
                0x0000013f       0x31 FreeRTOS\queue.o
 .ARM.attributes
                0x00000170       0x31 FreeRTOS\stream_buffer.o
 .ARM.attributes
                0x000001a1       0x31 FreeRTOS\tasks.o
 .ARM.attributes
                0x000001d2       0x31 FreeRTOS\timers.o
 .ARM.attributes
                0x00000203       0x31 TraceRecorder\trcKernelPort.o
 .ARM.attributes
                0x00000234       0x31 TraceRecorder\trcSnapshotRecorder.o
 .ARM.attributes
                0x00000265       0x31 TraceRecorder\trcStreamingRecorder.o
 .ARM.attributes
                0x00000296       0x31 app\src\main.o
 .ARM.attributes
                0x000002c7       0x31 app\src\printf-stdarg.o
 .ARM.attributes
                0x000002f8       0x31 app\src\stm32f0xx_it.o
 .ARM.attributes
                0x00000329       0x31 bsp\src\bsp.o
 .ARM.attributes
                0x0000035a       0x31 bsp\src\delay.o
 .ARM.attributes
                0x0000038b       0x21 cmsis\device\src\startup_stm32f072xb.o
 .ARM.attributes
                0x000003ac       0x31 cmsis\device\src\system_stm32f0xx.o
 .ARM.attributes
                0x000003dd       0x2c c:/program files (x86)/atollic/truestudio for stm32 9.3.0/armtools/bin/../lib/gcc/arm-atollic-eabi/6.3.1/../../../../arm-atollic-eabi/lib/armv6-m\libc_nano.a(lib_a-init.o)
 .ARM.attributes
                0x00000409       0x2c c:/program files (x86)/atollic/truestudio for stm32 9.3.0/armtools/bin/../lib/gcc/arm-atollic-eabi/6.3.1/../../../../arm-atollic-eabi/lib/armv6-m\libc_nano.a(lib_a-memcpy-stub.o)
 .ARM.attributes
                0x00000435       0x2c c:/program files (x86)/atollic/truestudio for stm32 9.3.0/armtools/bin/../lib/gcc/arm-atollic-eabi/6.3.1/../../../../arm-atollic-eabi/lib/armv6-m\libc_nano.a(lib_a-memset.o)
 .ARM.attributes
                0x00000461       0x2c c:/program files (x86)/atollic/truestudio for stm32 9.3.0/armtools/bin/../lib/gcc/arm-atollic-eabi/6.3.1/../../../../arm-atollic-eabi/lib/armv6-m\libc_nano.a(lib_a-strncmp.o)
 .ARM.attributes
                0x0000048d       0x1e c:/program files (x86)/atollic/truestudio for stm32 9.3.0/armtools/bin/../lib/gcc/arm-atollic-eabi/6.3.1/armv6-m\libgcc.a(_udivsi3.o)
 .ARM.attributes
                0x000004ab       0x1e c:/program files (x86)/atollic/truestudio for stm32 9.3.0/armtools/bin/../lib/gcc/arm-atollic-eabi/6.3.1/armv6-m\libgcc.a(_dvmd_tls.o)
 .ARM.attributes
                0x000004c9       0x2c c:/program files (x86)/atollic/truestudio for stm32 9.3.0/armtools/bin/../lib/gcc/arm-atollic-eabi/6.3.1/armv6-m\libgcc.a(_fixunsdfsi.o)
 .ARM.attributes
                0x000004f5       0x2c c:/program files (x86)/atollic/truestudio for stm32 9.3.0/armtools/bin/../lib/gcc/arm-atollic-eabi/6.3.1/armv6-m\libgcc.a(subdf3.o)
 .ARM.attributes
                0x00000521       0x2c c:/program files (x86)/atollic/truestudio for stm32 9.3.0/armtools/bin/../lib/gcc/arm-atollic-eabi/6.3.1/armv6-m\libgcc.a(fixdfsi.o)
 .ARM.attributes
                0x0000054d       0x1e c:/program files (x86)/atollic/truestudio for stm32 9.3.0/armtools/bin/../lib/gcc/arm-atollic-eabi/6.3.1/armv6-m\libgcc.a(_arm_cmpdf2.o)
 .ARM.attributes
                0x0000056b       0x1e c:/program files (x86)/atollic/truestudio for stm32 9.3.0/armtools/bin/../lib/gcc/arm-atollic-eabi/6.3.1/armv6-m\libgcc.a(_clzsi2.o)
 .ARM.attributes
                0x00000589       0x2c c:/program files (x86)/atollic/truestudio for stm32 9.3.0/armtools/bin/../lib/gcc/arm-atollic-eabi/6.3.1/armv6-m\libgcc.a(eqdf2.o)
 .ARM.attributes
                0x000005b5       0x2c c:/program files (x86)/atollic/truestudio for stm32 9.3.0/armtools/bin/../lib/gcc/arm-atollic-eabi/6.3.1/armv6-m\libgcc.a(gedf2.o)
 .ARM.attributes
                0x000005e1       0x2c c:/program files (x86)/atollic/truestudio for stm32 9.3.0/armtools/bin/../lib/gcc/arm-atollic-eabi/6.3.1/armv6-m\libgcc.a(ledf2.o)
 .ARM.attributes
                0x0000060d       0x2c c:/program files (x86)/atollic/truestudio for stm32 9.3.0/armtools/bin/../lib/gcc/arm-atollic-eabi/6.3.1/armv6-m/crtend.o
 .ARM.attributes
                0x00000639       0x1e c:/program files (x86)/atollic/truestudio for stm32 9.3.0/armtools/bin/../lib/gcc/arm-atollic-eabi/6.3.1/armv6-m/crtn.o
OUTPUT(TP_FINAL_READWRITE.elf elf32-littlearm)

.debug_info     0x00000000    0x127f4
 .debug_info    0x00000000      0x66b FreeRTOS\croutine.o
 .debug_info    0x0000066b     0x1548 FreeRTOS\event_groups.o
 .debug_info    0x00001bb3     0x1098 FreeRTOS\list.o
 .debug_info    0x00002c4b      0x837 FreeRTOS\portable\GCC\ARM_CM0\port.o
 .debug_info    0x00003482      0xf52 FreeRTOS\portable\MemMang\heap_1.o
 .debug_info    0x000043d4     0x1cd7 FreeRTOS\queue.o
 .debug_info    0x000060ab     0x198e FreeRTOS\stream_buffer.o
 .debug_info    0x00007a39     0x2599 FreeRTOS\tasks.o
 .debug_info    0x00009fd2     0x17e7 FreeRTOS\timers.o
 .debug_info    0x0000b7b9      0xb3a TraceRecorder\trcKernelPort.o
 .debug_info    0x0000c2f3     0x2a3a TraceRecorder\trcSnapshotRecorder.o
 .debug_info    0x0000ed2d      0x66b TraceRecorder\trcStreamingRecorder.o
 .debug_info    0x0000f398     0x1828 app\src\main.o
 .debug_info    0x00010bc0      0xa6c app\src\printf-stdarg.o
 .debug_info    0x0001162c      0x720 app\src\stm32f0xx_it.o
 .debug_info    0x00011d4c      0x433 bsp\src\bsp.o
 .debug_info    0x0001217f      0x38a bsp\src\delay.o
 .debug_info    0x00012509       0xa1 cmsis\device\src\startup_stm32f072xb.o
 .debug_info    0x000125aa      0x24a cmsis\device\src\system_stm32f0xx.o

.debug_abbrev   0x00000000     0x259b
 .debug_abbrev  0x00000000       0xd3 FreeRTOS\croutine.o
 .debug_abbrev  0x000000d3      0x2e7 FreeRTOS\event_groups.o
 .debug_abbrev  0x000003ba      0x1fe FreeRTOS\list.o
 .debug_abbrev  0x000005b8      0x220 FreeRTOS\portable\GCC\ARM_CM0\port.o
 .debug_abbrev  0x000007d8      0x225 FreeRTOS\portable\MemMang\heap_1.o
 .debug_abbrev  0x000009fd      0x31a FreeRTOS\queue.o
 .debug_abbrev  0x00000d17      0x2c6 FreeRTOS\stream_buffer.o
 .debug_abbrev  0x00000fdd      0x384 FreeRTOS\tasks.o
 .debug_abbrev  0x00001361      0x2c1 FreeRTOS\timers.o
 .debug_abbrev  0x00001622      0x1c1 TraceRecorder\trcKernelPort.o
 .debug_abbrev  0x000017e3      0x422 TraceRecorder\trcSnapshotRecorder.o
 .debug_abbrev  0x00001c05       0xd3 TraceRecorder\trcStreamingRecorder.o
 .debug_abbrev  0x00001cd8      0x2d2 app\src\main.o
 .debug_abbrev  0x00001faa      0x1cf app\src\printf-stdarg.o
 .debug_abbrev  0x00002179      0x12e app\src\stm32f0xx_it.o
 .debug_abbrev  0x000022a7       0xce bsp\src\bsp.o
 .debug_abbrev  0x00002375      0x117 bsp\src\delay.o
 .debug_abbrev  0x0000248c       0x12 cmsis\device\src\startup_stm32f072xb.o
 .debug_abbrev  0x0000249e       0xfd cmsis\device\src\system_stm32f0xx.o

.debug_aranges  0x00000000      0x258
 .debug_aranges
                0x00000000       0x18 FreeRTOS\croutine.o
 .debug_aranges
                0x00000018       0x20 FreeRTOS\event_groups.o
 .debug_aranges
                0x00000038       0x20 FreeRTOS\list.o
 .debug_aranges
                0x00000058       0x20 FreeRTOS\portable\GCC\ARM_CM0\port.o
 .debug_aranges
                0x00000078       0x20 FreeRTOS\portable\MemMang\heap_1.o
 .debug_aranges
                0x00000098       0x20 FreeRTOS\queue.o
 .debug_aranges
                0x000000b8       0x20 FreeRTOS\stream_buffer.o
 .debug_aranges
                0x000000d8       0x20 FreeRTOS\tasks.o
 .debug_aranges
                0x000000f8       0x20 FreeRTOS\timers.o
 .debug_aranges
                0x00000118       0x20 TraceRecorder\trcKernelPort.o
 .debug_aranges
                0x00000138       0x20 TraceRecorder\trcSnapshotRecorder.o
 .debug_aranges
                0x00000158       0x18 TraceRecorder\trcStreamingRecorder.o
 .debug_aranges
                0x00000170       0x20 app\src\main.o
 .debug_aranges
                0x00000190       0x20 app\src\printf-stdarg.o
 .debug_aranges
                0x000001b0       0x20 app\src\stm32f0xx_it.o
 .debug_aranges
                0x000001d0       0x20 bsp\src\bsp.o
 .debug_aranges
                0x000001f0       0x20 bsp\src\delay.o
 .debug_aranges
                0x00000210       0x28 cmsis\device\src\startup_stm32f072xb.o
 .debug_aranges
                0x00000238       0x20 cmsis\device\src\system_stm32f0xx.o

.debug_line     0x00000000     0x6088
 .debug_line    0x00000000      0x1fb FreeRTOS\croutine.o
 .debug_line    0x000001fb      0x6bd FreeRTOS\event_groups.o
 .debug_line    0x000008b8      0x439 FreeRTOS\list.o
 .debug_line    0x00000cf1      0x38c FreeRTOS\portable\GCC\ARM_CM0\port.o
 .debug_line    0x0000107d      0x368 FreeRTOS\portable\MemMang\heap_1.o
 .debug_line    0x000013e5      0xc2d FreeRTOS\queue.o
 .debug_line    0x00002012      0x649 FreeRTOS\stream_buffer.o
 .debug_line    0x0000265b      0xe44 FreeRTOS\tasks.o
 .debug_line    0x0000349f      0x683 FreeRTOS\timers.o
 .debug_line    0x00003b22      0x35f TraceRecorder\trcKernelPort.o
 .debug_line    0x00003e81      0xb56 TraceRecorder\trcSnapshotRecorder.o
 .debug_line    0x000049d7      0x1fb TraceRecorder\trcStreamingRecorder.o
 .debug_line    0x00004bd2      0x659 app\src\main.o
 .debug_line    0x0000522b      0x4d7 app\src\printf-stdarg.o
 .debug_line    0x00005702      0x33d app\src\stm32f0xx_it.o
 .debug_line    0x00005a3f      0x1f0 bsp\src\bsp.o
 .debug_line    0x00005c2f      0x1de bsp\src\delay.o
 .debug_line    0x00005e0d       0x8c cmsis\device\src\startup_stm32f072xb.o
 .debug_line    0x00005e99      0x1ef cmsis\device\src\system_stm32f0xx.o

.debug_str      0x00000000     0x3fad
 .debug_str     0x00000000      0x6b5 FreeRTOS\croutine.o
                                0x72c (size before relaxing)
 .debug_str     0x000006b5      0x776 FreeRTOS\event_groups.o
                                0xf26 (size before relaxing)
 .debug_str     0x00000e2b       0xa0 FreeRTOS\list.o
                                0xc8d (size before relaxing)
 .debug_str     0x00000ecb      0x19c FreeRTOS\portable\GCC\ARM_CM0\port.o
                                0x8d3 (size before relaxing)
 .debug_str     0x00001067       0xa8 FreeRTOS\portable\MemMang\heap_1.o
                                0xbe3 (size before relaxing)
 .debug_str     0x0000110f      0x545 FreeRTOS\queue.o
                               0x11ea (size before relaxing)
 .debug_str     0x00001654      0x4eb FreeRTOS\stream_buffer.o
                               0x1110 (size before relaxing)
 .debug_str     0x00001b3f      0xbba FreeRTOS\tasks.o
                               0x1972 (size before relaxing)
 .debug_str     0x000026f9      0x456 FreeRTOS\timers.o
                               0x10ff (size before relaxing)
 .debug_str     0x00002b4f      0x33b TraceRecorder\trcKernelPort.o
                                0xa6d (size before relaxing)
 .debug_str     0x00002e8a      0x930 TraceRecorder\trcSnapshotRecorder.o
                               0x153f (size before relaxing)
 .debug_str     0x000037ba       0x28 TraceRecorder\trcStreamingRecorder.o
                                0x73d (size before relaxing)
 .debug_str     0x000037e2      0x556 app\src\main.o
                               0x10f3 (size before relaxing)
 .debug_str     0x00003d38       0x84 app\src\printf-stdarg.o
                                0x838 (size before relaxing)
 .debug_str     0x00003dbc       0x68 app\src\stm32f0xx_it.o
                                0x7dd (size before relaxing)
 .debug_str     0x00003e24       0x86 bsp\src\bsp.o
                                0x32f (size before relaxing)
 .debug_str     0x00003eaa       0x9c bsp\src\delay.o
                                0x2b5 (size before relaxing)
 .debug_str     0x00003f46       0x67 cmsis\device\src\system_stm32f0xx.o
                                0x26c (size before relaxing)

.comment        0x00000000       0x7c
 .comment       0x00000000       0x7c FreeRTOS\croutine.o
                                 0x7d (size before relaxing)
 .comment       0x0000007c       0x7d FreeRTOS\event_groups.o
 .comment       0x0000007c       0x7d FreeRTOS\list.o
 .comment       0x0000007c       0x7d FreeRTOS\portable\GCC\ARM_CM0\port.o
 .comment       0x0000007c       0x7d FreeRTOS\portable\MemMang\heap_1.o
 .comment       0x0000007c       0x7d FreeRTOS\queue.o
 .comment       0x0000007c       0x7d FreeRTOS\stream_buffer.o
 .comment       0x0000007c       0x7d FreeRTOS\tasks.o
 .comment       0x0000007c       0x7d FreeRTOS\timers.o
 .comment       0x0000007c       0x7d TraceRecorder\trcKernelPort.o
 .comment       0x0000007c       0x7d TraceRecorder\trcSnapshotRecorder.o
 .comment       0x0000007c       0x7d TraceRecorder\trcStreamingRecorder.o
 .comment       0x0000007c       0x7d app\src\main.o
 .comment       0x0000007c       0x7d app\src\printf-stdarg.o
 .comment       0x0000007c       0x7d app\src\stm32f0xx_it.o
 .comment       0x0000007c       0x7d bsp\src\bsp.o
 .comment       0x0000007c       0x7d bsp\src\delay.o
 .comment       0x0000007c       0x7d cmsis\device\src\system_stm32f0xx.o

.debug_frame    0x00000000     0x2644
 .debug_frame   0x00000000      0x190 FreeRTOS\event_groups.o
 .debug_frame   0x00000190       0xb0 FreeRTOS\list.o
 .debug_frame   0x00000240      0x174 FreeRTOS\portable\GCC\ARM_CM0\port.o
 .debug_frame   0x000003b4       0x88 FreeRTOS\portable\MemMang\heap_1.o
 .debug_frame   0x0000043c      0x3f4 FreeRTOS\queue.o
 .debug_frame   0x00000830      0x310 FreeRTOS\stream_buffer.o
 .debug_frame   0x00000b40      0x73c FreeRTOS\tasks.o
 .debug_frame   0x0000127c      0x2e8 FreeRTOS\timers.o
 .debug_frame   0x00001564      0x380 TraceRecorder\trcKernelPort.o
 .debug_frame   0x000018e4      0x744 TraceRecorder\trcSnapshotRecorder.o
 .debug_frame   0x00002028      0x114 app\src\main.o
 .debug_frame   0x0000213c       0xe0 app\src\printf-stdarg.o
 .debug_frame   0x0000221c       0x68 app\src\stm32f0xx_it.o
 .debug_frame   0x00002284       0xf0 bsp\src\bsp.o
 .debug_frame   0x00002374       0x8c bsp\src\delay.o
 .debug_frame   0x00002400       0x4c cmsis\device\src\system_stm32f0xx.o
 .debug_frame   0x0000244c       0x2c c:/program files (x86)/atollic/truestudio for stm32 9.3.0/armtools/bin/../lib/gcc/arm-atollic-eabi/6.3.1/../../../../arm-atollic-eabi/lib/armv6-m\libc_nano.a(lib_a-init.o)
 .debug_frame   0x00002478       0x28 c:/program files (x86)/atollic/truestudio for stm32 9.3.0/armtools/bin/../lib/gcc/arm-atollic-eabi/6.3.1/../../../../arm-atollic-eabi/lib/armv6-m\libc_nano.a(lib_a-memcpy-stub.o)
 .debug_frame   0x000024a0       0x20 c:/program files (x86)/atollic/truestudio for stm32 9.3.0/armtools/bin/../lib/gcc/arm-atollic-eabi/6.3.1/../../../../arm-atollic-eabi/lib/armv6-m\libc_nano.a(lib_a-memset.o)
 .debug_frame   0x000024c0       0x2c c:/program files (x86)/atollic/truestudio for stm32 9.3.0/armtools/bin/../lib/gcc/arm-atollic-eabi/6.3.1/../../../../arm-atollic-eabi/lib/armv6-m\libc_nano.a(lib_a-strncmp.o)
 .debug_frame   0x000024ec       0x20 c:/program files (x86)/atollic/truestudio for stm32 9.3.0/armtools/bin/../lib/gcc/arm-atollic-eabi/6.3.1/armv6-m\libgcc.a(_udivsi3.o)
 .debug_frame   0x0000250c       0x2c c:/program files (x86)/atollic/truestudio for stm32 9.3.0/armtools/bin/../lib/gcc/arm-atollic-eabi/6.3.1/armv6-m\libgcc.a(_fixunsdfsi.o)
 .debug_frame   0x00002538       0x38 c:/program files (x86)/atollic/truestudio for stm32 9.3.0/armtools/bin/../lib/gcc/arm-atollic-eabi/6.3.1/armv6-m\libgcc.a(subdf3.o)
 .debug_frame   0x00002570       0x2c c:/program files (x86)/atollic/truestudio for stm32 9.3.0/armtools/bin/../lib/gcc/arm-atollic-eabi/6.3.1/armv6-m\libgcc.a(fixdfsi.o)
 .debug_frame   0x0000259c       0x38 c:/program files (x86)/atollic/truestudio for stm32 9.3.0/armtools/bin/../lib/gcc/arm-atollic-eabi/6.3.1/armv6-m\libgcc.a(eqdf2.o)
 .debug_frame   0x000025d4       0x38 c:/program files (x86)/atollic/truestudio for stm32 9.3.0/armtools/bin/../lib/gcc/arm-atollic-eabi/6.3.1/armv6-m\libgcc.a(gedf2.o)
 .debug_frame   0x0000260c       0x38 c:/program files (x86)/atollic/truestudio for stm32 9.3.0/armtools/bin/../lib/gcc/arm-atollic-eabi/6.3.1/armv6-m\libgcc.a(ledf2.o)

.debug_ranges   0x00000000       0x20
 .debug_ranges  0x00000000       0x20 cmsis\device\src\startup_stm32f072xb.o

Cross Reference Table

Symbol                                            File
ADC1_COMP_IRQHandler                              cmsis\device\src\startup_stm32f072xb.o
AHBPrescTable                                     cmsis\device\src\system_stm32f0xx.o
APBPrescTable                                     cmsis\device\src\system_stm32f0xx.o
BSP_Console_Init                                  bsp\src\bsp.o
                                                  app\src\main.o
BSP_DBG_Pin_Init                                  bsp\src\bsp.o
BSP_DBG_Pins_Init                                 bsp\src\bsp.o
BSP_DELAY_TIM_init                                bsp\src\delay.o
BSP_DELAY_TIM_ms                                  bsp\src\delay.o
BSP_DELAY_ms                                      bsp\src\delay.o
BSP_DELAY_us                                      bsp\src\delay.o
BSP_LED_Init                                      bsp\src\bsp.o
                                                  app\src\main.o
BSP_LED_Off                                       bsp\src\bsp.o
BSP_LED_On                                        bsp\src\bsp.o
BSP_LED_Toggle                                    bsp\src\bsp.o
BSP_NVIC_Init                                     bsp\src\bsp.o
CEC_CAN_IRQHandler                                cmsis\device\src\startup_stm32f072xb.o
CurrentFilterGroup                                TraceRecorder\trcSnapshotRecorder.o
                                                  FreeRTOS\timers.o
                                                  FreeRTOS\tasks.o
                                                  FreeRTOS\queue.o
                                                  FreeRTOS\event_groups.o
CurrentFilterMask                                 TraceRecorder\trcSnapshotRecorder.o
                                                  FreeRTOS\timers.o
                                                  FreeRTOS\tasks.o
                                                  FreeRTOS\queue.o
                                                  FreeRTOS\event_groups.o
DMA1_Channel1_IRQHandler                          cmsis\device\src\startup_stm32f072xb.o
DMA1_Channel2_3_IRQHandler                        cmsis\device\src\startup_stm32f072xb.o
DMA1_Channel4_5_6_7_IRQHandler                    app\src\stm32f0xx_it.o
Default_Handler                                   cmsis\device\src\startup_stm32f072xb.o
EXTI0_1_IRQHandler                                cmsis\device\src\startup_stm32f072xb.o
EXTI2_3_IRQHandler                                cmsis\device\src\startup_stm32f072xb.o
EXTI4_15_IRQHandler                               cmsis\device\src\startup_stm32f072xb.o
FLASH_IRQHandler                                  cmsis\device\src\startup_stm32f072xb.o
HardFault_Handler                                 app\src\stm32f0xx_it.o
I2C1_IRQHandler                                   cmsis\device\src\startup_stm32f072xb.o
I2C2_IRQHandler                                   cmsis\device\src\startup_stm32f072xb.o
MyWrapper_xQueueGiveFromISR                       FreeRTOS\queue.o
NMI_Handler                                       app\src\stm32f0xx_it.o
PVD_VDDIO2_IRQHandler                             cmsis\device\src\startup_stm32f072xb.o
PendSV_Handler                                    FreeRTOS\portable\GCC\ARM_CM0\port.o
RCC_CRS_IRQHandler                                cmsis\device\src\startup_stm32f072xb.o
RTC_IRQHandler                                    cmsis\device\src\startup_stm32f072xb.o
RecorderData                                      TraceRecorder\trcSnapshotRecorder.o
RecorderDataPtr                                   TraceRecorder\trcSnapshotRecorder.o
                                                  TraceRecorder\trcKernelPort.o
Reset_Handler                                     cmsis\device\src\startup_stm32f072xb.o
SPI1_IRQHandler                                   cmsis\device\src\startup_stm32f072xb.o
SPI2_IRQHandler                                   cmsis\device\src\startup_stm32f072xb.o
SVC_Handler                                       FreeRTOS\portable\GCC\ARM_CM0\port.o
SysTick_Handler                                   FreeRTOS\portable\GCC\ARM_CM0\port.o
SystemCoreClock                                   cmsis\device\src\system_stm32f0xx.o
SystemCoreClockUpdate                             cmsis\device\src\system_stm32f0xx.o
                                                  app\src\main.o
SystemInit                                        cmsis\device\src\system_stm32f0xx.o
                                                  cmsis\device\src\startup_stm32f072xb.o
TIM14_IRQHandler                                  cmsis\device\src\startup_stm32f072xb.o
TIM15_IRQHandler                                  cmsis\device\src\startup_stm32f072xb.o
TIM16_IRQHandler                                  cmsis\device\src\startup_stm32f072xb.o
TIM17_IRQHandler                                  cmsis\device\src\startup_stm32f072xb.o
TIM1_BRK_UP_TRG_COM_IRQHandler                    cmsis\device\src\startup_stm32f072xb.o
TIM1_CC_IRQHandler                                cmsis\device\src\startup_stm32f072xb.o
TIM2_IRQHandler                                   cmsis\device\src\startup_stm32f072xb.o
TIM3_IRQHandler                                   cmsis\device\src\startup_stm32f072xb.o
TIM6_DAC_IRQHandler                               cmsis\device\src\startup_stm32f072xb.o
TIM7_IRQHandler                                   cmsis\device\src\startup_stm32f072xb.o
TSC_IRQHandler                                    cmsis\device\src\startup_stm32f072xb.o
TraceQueueClassTable                              TraceRecorder\trcKernelPort.o
                                                  FreeRTOS\queue.o
USART1_IRQHandler                                 cmsis\device\src\startup_stm32f072xb.o
USART2_IRQHandler                                 cmsis\device\src\startup_stm32f072xb.o
USART3_4_IRQHandler                               cmsis\device\src\startup_stm32f072xb.o
USB_IRQHandler                                    cmsis\device\src\startup_stm32f072xb.o
WWDG_IRQHandler                                   cmsis\device\src\startup_stm32f072xb.o
__aeabi_cdcmpeq                                   c:/program files (x86)/atollic/truestudio for stm32 9.3.0/armtools/bin/../lib/gcc/arm-atollic-eabi/6.3.1/armv6-m\libgcc.a(_arm_cmpdf2.o)
__aeabi_cdcmple                                   c:/program files (x86)/atollic/truestudio for stm32 9.3.0/armtools/bin/../lib/gcc/arm-atollic-eabi/6.3.1/armv6-m\libgcc.a(_arm_cmpdf2.o)
__aeabi_cdrcmple                                  c:/program files (x86)/atollic/truestudio for stm32 9.3.0/armtools/bin/../lib/gcc/arm-atollic-eabi/6.3.1/armv6-m\libgcc.a(_arm_cmpdf2.o)
__aeabi_d2iz                                      c:/program files (x86)/atollic/truestudio for stm32 9.3.0/armtools/bin/../lib/gcc/arm-atollic-eabi/6.3.1/armv6-m\libgcc.a(fixdfsi.o)
                                                  c:/program files (x86)/atollic/truestudio for stm32 9.3.0/armtools/bin/../lib/gcc/arm-atollic-eabi/6.3.1/armv6-m\libgcc.a(_fixunsdfsi.o)
__aeabi_d2uiz                                     c:/program files (x86)/atollic/truestudio for stm32 9.3.0/armtools/bin/../lib/gcc/arm-atollic-eabi/6.3.1/armv6-m\libgcc.a(_fixunsdfsi.o)
                                                  TraceRecorder\trcSnapshotRecorder.o
__aeabi_dcmpeq                                    c:/program files (x86)/atollic/truestudio for stm32 9.3.0/armtools/bin/../lib/gcc/arm-atollic-eabi/6.3.1/armv6-m\libgcc.a(_arm_cmpdf2.o)
__aeabi_dcmpge                                    c:/program files (x86)/atollic/truestudio for stm32 9.3.0/armtools/bin/../lib/gcc/arm-atollic-eabi/6.3.1/armv6-m\libgcc.a(_arm_cmpdf2.o)
                                                  c:/program files (x86)/atollic/truestudio for stm32 9.3.0/armtools/bin/../lib/gcc/arm-atollic-eabi/6.3.1/armv6-m\libgcc.a(_fixunsdfsi.o)
__aeabi_dcmpgt                                    c:/program files (x86)/atollic/truestudio for stm32 9.3.0/armtools/bin/../lib/gcc/arm-atollic-eabi/6.3.1/armv6-m\libgcc.a(_arm_cmpdf2.o)
__aeabi_dcmple                                    c:/program files (x86)/atollic/truestudio for stm32 9.3.0/armtools/bin/../lib/gcc/arm-atollic-eabi/6.3.1/armv6-m\libgcc.a(_arm_cmpdf2.o)
__aeabi_dcmplt                                    c:/program files (x86)/atollic/truestudio for stm32 9.3.0/armtools/bin/../lib/gcc/arm-atollic-eabi/6.3.1/armv6-m\libgcc.a(_arm_cmpdf2.o)
__aeabi_dsub                                      c:/program files (x86)/atollic/truestudio for stm32 9.3.0/armtools/bin/../lib/gcc/arm-atollic-eabi/6.3.1/armv6-m\libgcc.a(subdf3.o)
                                                  c:/program files (x86)/atollic/truestudio for stm32 9.3.0/armtools/bin/../lib/gcc/arm-atollic-eabi/6.3.1/armv6-m\libgcc.a(_fixunsdfsi.o)
__aeabi_idiv0                                     c:/program files (x86)/atollic/truestudio for stm32 9.3.0/armtools/bin/../lib/gcc/arm-atollic-eabi/6.3.1/armv6-m\libgcc.a(_dvmd_tls.o)
                                                  c:/program files (x86)/atollic/truestudio for stm32 9.3.0/armtools/bin/../lib/gcc/arm-atollic-eabi/6.3.1/armv6-m\libgcc.a(_udivsi3.o)
__aeabi_ldiv0                                     c:/program files (x86)/atollic/truestudio for stm32 9.3.0/armtools/bin/../lib/gcc/arm-atollic-eabi/6.3.1/armv6-m\libgcc.a(_dvmd_tls.o)
__aeabi_uidiv                                     c:/program files (x86)/atollic/truestudio for stm32 9.3.0/armtools/bin/../lib/gcc/arm-atollic-eabi/6.3.1/armv6-m\libgcc.a(_udivsi3.o)
                                                  cmsis\device\src\system_stm32f0xx.o
                                                  app\src\printf-stdarg.o
                                                  TraceRecorder\trcSnapshotRecorder.o
__aeabi_uidivmod                                  c:/program files (x86)/atollic/truestudio for stm32 9.3.0/armtools/bin/../lib/gcc/arm-atollic-eabi/6.3.1/armv6-m\libgcc.a(_udivsi3.o)
                                                  app\src\printf-stdarg.o
                                                  TraceRecorder\trcSnapshotRecorder.o
__clzsi2                                          c:/program files (x86)/atollic/truestudio for stm32 9.3.0/armtools/bin/../lib/gcc/arm-atollic-eabi/6.3.1/armv6-m\libgcc.a(_clzsi2.o)
                                                  c:/program files (x86)/atollic/truestudio for stm32 9.3.0/armtools/bin/../lib/gcc/arm-atollic-eabi/6.3.1/armv6-m\libgcc.a(subdf3.o)
__deregister_frame_info                           c:/program files (x86)/atollic/truestudio for stm32 9.3.0/armtools/bin/../lib/gcc/arm-atollic-eabi/6.3.1/armv6-m/crtbegin.o
__dso_handle                                      c:/program files (x86)/atollic/truestudio for stm32 9.3.0/armtools/bin/../lib/gcc/arm-atollic-eabi/6.3.1/armv6-m/crtbegin.o
__eqdf2                                           c:/program files (x86)/atollic/truestudio for stm32 9.3.0/armtools/bin/../lib/gcc/arm-atollic-eabi/6.3.1/armv6-m\libgcc.a(eqdf2.o)
                                                  c:/program files (x86)/atollic/truestudio for stm32 9.3.0/armtools/bin/../lib/gcc/arm-atollic-eabi/6.3.1/armv6-m\libgcc.a(_arm_cmpdf2.o)
__fixunsdfsi                                      c:/program files (x86)/atollic/truestudio for stm32 9.3.0/armtools/bin/../lib/gcc/arm-atollic-eabi/6.3.1/armv6-m\libgcc.a(_fixunsdfsi.o)
__gedf2                                           c:/program files (x86)/atollic/truestudio for stm32 9.3.0/armtools/bin/../lib/gcc/arm-atollic-eabi/6.3.1/armv6-m\libgcc.a(gedf2.o)
                                                  c:/program files (x86)/atollic/truestudio for stm32 9.3.0/armtools/bin/../lib/gcc/arm-atollic-eabi/6.3.1/armv6-m\libgcc.a(_arm_cmpdf2.o)
__gtdf2                                           c:/program files (x86)/atollic/truestudio for stm32 9.3.0/armtools/bin/../lib/gcc/arm-atollic-eabi/6.3.1/armv6-m\libgcc.a(gedf2.o)
__init_array_end                                  c:/program files (x86)/atollic/truestudio for stm32 9.3.0/armtools/bin/../lib/gcc/arm-atollic-eabi/6.3.1/../../../../arm-atollic-eabi/lib/armv6-m\libc_nano.a(lib_a-init.o)
__init_array_start                                c:/program files (x86)/atollic/truestudio for stm32 9.3.0/armtools/bin/../lib/gcc/arm-atollic-eabi/6.3.1/../../../../arm-atollic-eabi/lib/armv6-m\libc_nano.a(lib_a-init.o)
__ledf2                                           c:/program files (x86)/atollic/truestudio for stm32 9.3.0/armtools/bin/../lib/gcc/arm-atollic-eabi/6.3.1/armv6-m\libgcc.a(ledf2.o)
                                                  c:/program files (x86)/atollic/truestudio for stm32 9.3.0/armtools/bin/../lib/gcc/arm-atollic-eabi/6.3.1/armv6-m\libgcc.a(_arm_cmpdf2.o)
__libc_init_array                                 c:/program files (x86)/atollic/truestudio for stm32 9.3.0/armtools/bin/../lib/gcc/arm-atollic-eabi/6.3.1/../../../../arm-atollic-eabi/lib/armv6-m\libc_nano.a(lib_a-init.o)
                                                  cmsis\device\src\startup_stm32f072xb.o
__ltdf2                                           c:/program files (x86)/atollic/truestudio for stm32 9.3.0/armtools/bin/../lib/gcc/arm-atollic-eabi/6.3.1/armv6-m\libgcc.a(ledf2.o)
__nedf2                                           c:/program files (x86)/atollic/truestudio for stm32 9.3.0/armtools/bin/../lib/gcc/arm-atollic-eabi/6.3.1/armv6-m\libgcc.a(eqdf2.o)
__preinit_array_end                               c:/program files (x86)/atollic/truestudio for stm32 9.3.0/armtools/bin/../lib/gcc/arm-atollic-eabi/6.3.1/../../../../arm-atollic-eabi/lib/armv6-m\libc_nano.a(lib_a-init.o)
__preinit_array_start                             c:/program files (x86)/atollic/truestudio for stm32 9.3.0/armtools/bin/../lib/gcc/arm-atollic-eabi/6.3.1/../../../../arm-atollic-eabi/lib/armv6-m\libc_nano.a(lib_a-init.o)
__register_frame_info                             c:/program files (x86)/atollic/truestudio for stm32 9.3.0/armtools/bin/../lib/gcc/arm-atollic-eabi/6.3.1/armv6-m/crtbegin.o
__udivsi3                                         c:/program files (x86)/atollic/truestudio for stm32 9.3.0/armtools/bin/../lib/gcc/arm-atollic-eabi/6.3.1/armv6-m\libgcc.a(_udivsi3.o)
_ebss                                             cmsis\device\src\startup_stm32f072xb.o
_edata                                            cmsis\device\src\startup_stm32f072xb.o
_estack                                           cmsis\device\src\startup_stm32f072xb.o
_fini                                             c:/program files (x86)/atollic/truestudio for stm32 9.3.0/armtools/bin/../lib/gcc/arm-atollic-eabi/6.3.1/armv6-m/crti.o
[...]
uiTraceStart                                      TraceRecorder\trcSnapshotRecorder.o
uiTraceSystemState                                TraceRecorder\trcSnapshotRecorder.o
                                                  FreeRTOS\tasks.o
uiTraceTickCount                                  TraceRecorder\trcSnapshotRecorder.o
                                                  FreeRTOS\tasks.o
ulSetInterruptMaskFromISR                         FreeRTOS\portable\GCC\ARM_CM0\port.o
                                                  FreeRTOS\tasks.o
                                                  FreeRTOS\stream_buffer.o
                                                  FreeRTOS\queue.o
                                                  FreeRTOS\event_groups.o
ulTaskNotifyTake                                  FreeRTOS\tasks.o
uxEventGroupGetNumber                             FreeRTOS\event_groups.o
                                                  TraceRecorder\trcKernelPort.o
uxListRemove                                      FreeRTOS\list.o
                                                  FreeRTOS\timers.o
                                                  FreeRTOS\tasks.o
uxQueueGetQueueNumber                             FreeRTOS\queue.o
                                                  TraceRecorder\trcKernelPort.o
uxQueueMessagesWaiting                            FreeRTOS\queue.o
uxQueueMessagesWaitingFromISR                     FreeRTOS\queue.o
uxQueueSpacesAvailable                            FreeRTOS\queue.o
uxStreamBufferGetStreamBufferNumber               FreeRTOS\stream_buffer.o
uxTaskGetNumberOfTasks                            FreeRTOS\tasks.o
uxTaskGetSystemState                              FreeRTOS\tasks.o
uxTaskGetTaskNumber                               FreeRTOS\tasks.o
                                                  TraceRecorder\trcKernelPort.o
uxTaskPriorityGet                                 FreeRTOS\tasks.o
uxTaskPriorityGetFromISR                          FreeRTOS\tasks.o
uxTaskResetEventItemValue                         FreeRTOS\tasks.o
                                                  FreeRTOS\event_groups.o
uxTimerGetTimerNumber                             FreeRTOS\timers.o
                                                  TraceRecorder\trcKernelPort.o
vClearInterruptMaskFromISR                        FreeRTOS\portable\GCC\ARM_CM0\port.o
                                                  FreeRTOS\tasks.o
                                                  FreeRTOS\stream_buffer.o
                                                  FreeRTOS\queue.o
                                                  FreeRTOS\event_groups.o
vEventGroupClearBitsCallback                      FreeRTOS\event_groups.o
vEventGroupDelete                                 FreeRTOS\event_groups.o
vEventGroupSetBitsCallback                        FreeRTOS\event_groups.o
vEventGroupSetNumber                              FreeRTOS\event_groups.o
                                                  TraceRecorder\trcKernelPort.o
vListInitialise                                   FreeRTOS\list.o
                                                  FreeRTOS\timers.o
                                                  FreeRTOS\tasks.o
                                                  FreeRTOS\queue.o
                                                  FreeRTOS\event_groups.o
vListInitialiseItem                               FreeRTOS\list.o
                                                  FreeRTOS\timers.o
                                                  FreeRTOS\tasks.o
vListInsert                                       FreeRTOS\list.o
                                                  FreeRTOS\timers.o
                                                  FreeRTOS\tasks.o
vListInsertEnd                                    FreeRTOS\list.o
                                                  FreeRTOS\tasks.o
vPortEndScheduler                                 FreeRTOS\portable\GCC\ARM_CM0\port.o
                                                  FreeRTOS\tasks.o
vPortEnterCritical                                FreeRTOS\portable\GCC\ARM_CM0\port.o
                                                  FreeRTOS\timers.o
                                                  FreeRTOS\tasks.o
                                                  FreeRTOS\stream_buffer.o
                                                  FreeRTOS\queue.o
                                                  FreeRTOS\event_groups.o
vPortExitCritical                                 FreeRTOS\portable\GCC\ARM_CM0\port.o
                                                  FreeRTOS\timers.o
                                                  FreeRTOS\tasks.o
                                                  FreeRTOS\stream_buffer.o
                                                  FreeRTOS\queue.o
                                                  FreeRTOS\event_groups.o
vPortFree                                         FreeRTOS\portable\MemMang\heap_1.o
                                                  FreeRTOS\timers.o
                                                  FreeRTOS\tasks.o
                                                  FreeRTOS\stream_buffer.o
                                                  FreeRTOS\queue.o
                                                  FreeRTOS\event_groups.o
vPortInitialiseBlocks                             FreeRTOS\portable\MemMang\heap_1.o
vPortYield                                        FreeRTOS\portable\GCC\ARM_CM0\port.o
                                                  FreeRTOS\timers.o
                                                  FreeRTOS\tasks.o
                                                  FreeRTOS\queue.o
                                                  FreeRTOS\event_groups.o
vQueueDelete                                      FreeRTOS\queue.o
vQueueSetQueueNumber                              FreeRTOS\queue.o
                                                  TraceRecorder\trcKernelPort.o
vQueueWaitForMessageRestricted                    FreeRTOS\queue.o
                                                  FreeRTOS\timers.o
vStreamBufferDelete                               FreeRTOS\stream_buffer.o
vStreamBufferSetStreamBufferNumber                FreeRTOS\stream_buffer.o
vTask1                                            app\src\main.o
vTask2                                            app\src\main.o
vTaskDelay                                        FreeRTOS\tasks.o
                                                  app\src\main.o
vTaskDelayUntil                                   FreeRTOS\tasks.o
                                                  app\src\main.o
vTaskDelete                                       FreeRTOS\tasks.o
vTaskEndScheduler                                 FreeRTOS\tasks.o
vTaskGetInfo                                      FreeRTOS\tasks.o
vTaskInternalSetTimeOutState                      FreeRTOS\tasks.o
                                                  FreeRTOS\queue.o
vTaskMissedYield                                  FreeRTOS\tasks.o
                                                  FreeRTOS\queue.o
vTaskNotifyGiveFromISR                            FreeRTOS\tasks.o
vTaskPlaceOnEventList                             FreeRTOS\tasks.o
                                                  FreeRTOS\queue.o
vTaskPlaceOnEventListRestricted                   FreeRTOS\tasks.o
                                                  FreeRTOS\queue.o
vTaskPlaceOnUnorderedEventList                    FreeRTOS\tasks.o
                                                  FreeRTOS\event_groups.o
vTaskPriorityDisinheritAfterTimeout               FreeRTOS\tasks.o
                                                  FreeRTOS\queue.o
vTaskPrioritySet                                  FreeRTOS\tasks.o
vTaskPub                                          app\src\main.o
vTaskRemoveFromUnorderedEventList                 FreeRTOS\tasks.o
                                                  FreeRTOS\event_groups.o
vTaskResume                                       FreeRTOS\tasks.o
vTaskSetTaskNumber                                FreeRTOS\tasks.o
                                                  TraceRecorder\trcKernelPort.o
vTaskSetTimeOutState                              FreeRTOS\tasks.o
                                                  FreeRTOS\stream_buffer.o
vTaskStartScheduler                               FreeRTOS\tasks.o
                                                  app\src\main.o
vTaskSuspend                                      FreeRTOS\tasks.o
vTaskSuspendAll                                   FreeRTOS\tasks.o
                                                  FreeRTOS\timers.o
                                                  FreeRTOS\stream_buffer.o
                                                  FreeRTOS\queue.o
                                                  FreeRTOS\portable\MemMang\heap_1.o
                                                  FreeRTOS\event_groups.o
vTaskSwitchContext                                FreeRTOS\tasks.o
                                                  FreeRTOS\portable\GCC\ARM_CM0\port.o
vTaskWrite                                        app\src\main.o
vTimerSetReloadMode                               FreeRTOS\timers.o
vTimerSetTimerID                                  FreeRTOS\timers.o
vTimerSetTimerNumber                              FreeRTOS\timers.o
                                                  TraceRecorder\trcKernelPort.o
vTraceClear                                       TraceRecorder\trcSnapshotRecorder.o
vTraceClearError                                  TraceRecorder\trcSnapshotRecorder.o
vTraceEnable                                      TraceRecorder\trcKernelPort.o
                                                  app\src\main.o
vTraceInitObjectHandleStack                       TraceRecorder\trcKernelPort.o
                                                  TraceRecorder\trcSnapshotRecorder.o
vTraceInitObjectPropertyTable                     TraceRecorder\trcKernelPort.o
                                                  TraceRecorder\trcSnapshotRecorder.o
vTraceInstanceFinishedNext                        TraceRecorder\trcSnapshotRecorder.o
vTraceInstanceFinishedNow                         TraceRecorder\trcSnapshotRecorder.o
vTracePrint                                       TraceRecorder\trcSnapshotRecorder.o
vTracePrintF                                      TraceRecorder\trcSnapshotRecorder.o
vTraceSetEventGroupName                           TraceRecorder\trcKernelPort.o
vTraceSetFilterGroup                              TraceRecorder\trcSnapshotRecorder.o
vTraceSetFilterMask                               TraceRecorder\trcSnapshotRecorder.o
vTraceSetFrequency                                TraceRecorder\trcSnapshotRecorder.o
vTraceSetMutexName                                TraceRecorder\trcKernelPort.o
                                                  app\src\main.o
vTraceSetQueueName                                TraceRecorder\trcKernelPort.o
                                                  app\src\main.o
vTraceSetSemaphoreName                            TraceRecorder\trcKernelPort.o
                                                  app\src\main.o
vTraceSetStopHook                                 TraceRecorder\trcSnapshotRecorder.o
vTraceStart                                       TraceRecorder\trcSnapshotRecorder.o
                                                  TraceRecorder\trcKernelPort.o
vTraceStop                                        TraceRecorder\trcSnapshotRecorder.o
vTraceStopHookPtr                                 TraceRecorder\trcSnapshotRecorder.o
vTraceStoreISRBegin                               TraceRecorder\trcSnapshotRecorder.o
vTraceStoreISREnd                                 TraceRecorder\trcSnapshotRecorder.o
vTraceStoreMemMangEvent                           TraceRecorder\trcSnapshotRecorder.o
                                                  FreeRTOS\portable\MemMang\heap_1.o
vTraceVPrintF                                     TraceRecorder\trcSnapshotRecorder.o
xConsoleMutex                                     app\src\main.o
xConsoleQueue                                     app\src\main.o
xEventGroupClearBits                              FreeRTOS\event_groups.o
xEventGroupCreate                                 FreeRTOS\event_groups.o
xEventGroupGetBitsFromISR                         FreeRTOS\event_groups.o
xEventGroupSetBits                                FreeRTOS\event_groups.o
xEventGroupSync                                   FreeRTOS\event_groups.o
xEventGroupWaitBits                               FreeRTOS\event_groups.o
xPortGetFreeHeapSize                              FreeRTOS\portable\MemMang\heap_1.o
xPortStartScheduler                               FreeRTOS\portable\GCC\ARM_CM0\port.o
                                                  FreeRTOS\tasks.o
xQueueCreateMutex                                 FreeRTOS\queue.o
                                                  app\src\main.o
xQueueGenericCreate                               FreeRTOS\queue.o
                                                  app\src\main.o
                                                  FreeRTOS\timers.o
xQueueGenericReset                                FreeRTOS\queue.o
xQueueGenericSend                                 FreeRTOS\queue.o
                                                  app\src\main.o
                                                  FreeRTOS\timers.o
xQueueGenericSendFromISR                          FreeRTOS\queue.o
                                                  FreeRTOS\timers.o
xQueueGiveFromISR                                 FreeRTOS\queue.o
                                                  app\src\stm32f0xx_it.o
xQueueIsQueueEmptyFromISR                         FreeRTOS\queue.o
xQueueIsQueueFullFromISR                          FreeRTOS\queue.o
xQueuePeek                                        FreeRTOS\queue.o
xQueuePeekFromISR                                 FreeRTOS\queue.o
xQueueReceive                                     FreeRTOS\queue.o
                                                  app\src\main.o
                                                  FreeRTOS\timers.o
xQueueReceiveFromISR                              FreeRTOS\queue.o
xQueueSemaphoreTake                               FreeRTOS\queue.o
                                                  app\src\printf-stdarg.o
                                                  app\src\main.o
xSem                                              app\src\main.o
xSem_DMA_TC                                       app\src\main.o
                                                  app\src\stm32f0xx_it.o
xSem_UART_TC                                      app\src\main.o
                                                  app\src\printf-stdarg.o
xStreamBufferBytesAvailable                       FreeRTOS\stream_buffer.o
xStreamBufferGenericCreate                        FreeRTOS\stream_buffer.o
xStreamBufferIsEmpty                              FreeRTOS\stream_buffer.o
xStreamBufferIsFull                               FreeRTOS\stream_buffer.o
xStreamBufferNextMessageLengthBytes               FreeRTOS\stream_buffer.o
xStreamBufferReceive                              FreeRTOS\stream_buffer.o
xStreamBufferReceiveCompletedFromISR              FreeRTOS\stream_buffer.o
xStreamBufferReceiveFromISR                       FreeRTOS\stream_buffer.o
xStreamBufferReset                                FreeRTOS\stream_buffer.o
xStreamBufferSend                                 FreeRTOS\stream_buffer.o
xStreamBufferSendCompletedFromISR                 FreeRTOS\stream_buffer.o
xStreamBufferSendFromISR                          FreeRTOS\stream_buffer.o
xStreamBufferSetTriggerLevel                      FreeRTOS\stream_buffer.o
xStreamBufferSpacesAvailable                      FreeRTOS\stream_buffer.o
xSubscribeQueue                                   app\src\main.o
xTaskCheckForTimeOut                              FreeRTOS\tasks.o
                                                  FreeRTOS\stream_buffer.o
                                                  FreeRTOS\queue.o
xTaskCreate                                       FreeRTOS\tasks.o
                                                  app\src\main.o
                                                  FreeRTOS\timers.o
xTaskGenericNotify                                FreeRTOS\tasks.o
                                                  FreeRTOS\stream_buffer.o
xTaskGenericNotifyFromISR                         FreeRTOS\tasks.o
                                                  FreeRTOS\stream_buffer.o
xTaskGetCurrentTaskHandle                         FreeRTOS\tasks.o
                                                  TraceRecorder\trcKernelPort.o
                                                  FreeRTOS\stream_buffer.o
xTaskGetSchedulerState                            FreeRTOS\tasks.o
                                                  TraceRecorder\trcKernelPort.o
                                                  FreeRTOS\timers.o
                                                  FreeRTOS\queue.o
                                                  FreeRTOS\event_groups.o
xTaskGetTickCount                                 FreeRTOS\tasks.o
                                                  app\src\main.o
                                                  FreeRTOS\timers.o
xTaskGetTickCountFromISR                          FreeRTOS\tasks.o
xTaskIncrementTick                                FreeRTOS\tasks.o
                                                  FreeRTOS\portable\GCC\ARM_CM0\port.o
xTaskNotifyStateClear                             FreeRTOS\tasks.o
                                                  FreeRTOS\stream_buffer.o
xTaskNotifyWait                                   FreeRTOS\tasks.o
                                                  FreeRTOS\stream_buffer.o
xTaskPriorityDisinherit                           FreeRTOS\tasks.o
                                                  FreeRTOS\queue.o
xTaskPriorityInherit                              FreeRTOS\tasks.o
                                                  FreeRTOS\queue.o
xTaskRemoveFromEventList                          FreeRTOS\tasks.o
                                                  FreeRTOS\queue.o
xTaskResumeAll                                    FreeRTOS\tasks.o
                                                  FreeRTOS\timers.o
                                                  FreeRTOS\stream_buffer.o
                                                  FreeRTOS\queue.o
                                                  FreeRTOS\portable\MemMang\heap_1.o
                                                  FreeRTOS\event_groups.o
xTaskResumeFromISR                                FreeRTOS\tasks.o
xTimerCreate                                      FreeRTOS\timers.o
xTimerCreateTimerTask                             FreeRTOS\timers.o
                                                  FreeRTOS\tasks.o
xTimerGenericCommand                              FreeRTOS\timers.o
xTimerGetExpiryTime                               FreeRTOS\timers.o
xTimerGetPeriod                                   FreeRTOS\timers.o
xTimerGetTimerDaemonTaskHandle                    FreeRTOS\timers.o
xTimerIsTimerActive                               FreeRTOS\timers.o
xTraceGetLastError                                TraceRecorder\trcSnapshotRecorder.o
xTraceGetTraceBuffer                              TraceRecorder\trcSnapshotRecorder.o
xTraceIsRecordingEnabled                          TraceRecorder\trcSnapshotRecorder.o
xTraceRegisterString                              TraceRecorder\trcSnapshotRecorder.o
xTraceSetISRProperties                            TraceRecorder\trcSnapshotRecorder.o
