Archive member included to satisfy reference by file (symbol)

c:/program files (x86)/atollic/truestudio for stm32 9.3.0/armtools/bin/../lib/gcc/arm-atollic-eabi/6.3.1/../../../../arm-atollic-eabi/lib/armv6-m\libc_nano.a(lib_a-init.o)
                              cmsis\device\src\startup_stm32f072xb.o (__libc_init_array)
c:/program files (x86)/atollic/truestudio for stm32 9.3.0/armtools/bin/../lib/gcc/arm-atollic-eabi/6.3.1/../../../../arm-atollic-eabi/lib/armv6-m\libc_nano.a(lib_a-memcpy-stub.o)
                              FreeRTOS\queue.o (memcpy)
c:/program files (x86)/atollic/truestudio for stm32 9.3.0/armtools/bin/../lib/gcc/arm-atollic-eabi/6.3.1/../../../../arm-atollic-eabi/lib/armv6-m\libc_nano.a(lib_a-memset.o)
                              FreeRTOS\stream_buffer.o (memset)
c:/program files (x86)/atollic/truestudio for stm32 9.3.0/armtools/bin/../lib/gcc/arm-atollic-eabi/6.3.1/../../../../arm-atollic-eabi/lib/armv6-m\libc_nano.a(lib_a-strncmp.o)
                              TraceRecorder\trcSnapshotRecorder.o (strncmp)
c:/program files (x86)/atollic/truestudio for stm32 9.3.0/armtools/bin/../lib/gcc/arm-atollic-eabi/6.3.1/armv6-m\libgcc.a(_udivsi3.o)
                              TraceRecorder\trcSnapshotRecorder.o (__aeabi_uidiv)
c:/program files (x86)/atollic/truestudio for stm32 9.3.0/armtools/bin/../lib/gcc/arm-atollic-eabi/6.3.1/armv6-m\libgcc.a(_divsi3.o)
                              TraceRecorder\trcKernelPort.o (__aeabi_idivmod)
c:/program files (x86)/atollic/truestudio for stm32 9.3.0/armtools/bin/../lib/gcc/arm-atollic-eabi/6.3.1/armv6-m\libgcc.a(_dvmd_tls.o)
                              c:/program files (x86)/atollic/truestudio for stm32 9.3.0/armtools/bin/../lib/gcc/arm-atollic-eabi/6.3.1/armv6-m\libgcc.a(_udivsi3.o) (__aeabi_idiv0)
c:/program files (x86)/atollic/truestudio for stm32 9.3.0/armtools/bin/../lib/gcc/arm-atollic-eabi/6.3.1/armv6-m\libgcc.a(_fixunsdfsi.o)
                              TraceRecorder\trcSnapshotRecorder.o (__aeabi_d2uiz)
c:/program files (x86)/atollic/truestudio for stm32 9.3.0/armtools/bin/../lib/gcc/arm-atollic-eabi/6.3.1/armv6-m\libgcc.a(subdf3.o)
                              c:/program files (x86)/atollic/truestudio for stm32 9.3.0/armtools/bin/../lib/gcc/arm-atollic-eabi/6.3.1/armv6-m\libgcc.a(_fixunsdfsi.o) (__aeabi_dsub)
c:/program files (x86)/atollic/truestudio for stm32 9.3.0/armtools/bin/../lib/gcc/arm-atollic-eabi/6.3.1/armv6-m\libgcc.a(fixdfsi.o)
                              c:/program files (x86)/atollic/truestudio for stm32 9.3.0/armtools/bin/../lib/gcc/arm-atollic-eabi/6.3.1/armv6-m\libgcc.a(_fixunsdfsi.o) (__aeabi_d2iz)
c:/program files (x86)/atollic/truestudio for stm32 9.3.0/armtools/bin/../lib/gcc/arm-atollic-eabi/6.3.1/armv6-m\libgcc.a(_arm_cmpdf2.o)
                              c:/program files (x86)/atollic/truestudio for stm32 9.3.0/armtools/bin/../lib/gcc/arm-atollic-eabi/6.3.1/armv6-m\libgcc.a(_fixunsdfsi.o) (__aeabi_dcmpge)
c:/program files (x86)/atollic/truestudio for stm32 9.3.0/armtools/bin/../lib/gcc/arm-atollic-eabi/6.3.1/armv6-m\libgcc.a(_clzsi2.o)
                              c:/program files (x86)/atollic/truestudio for stm32 9.3.0/armtools/bin/../lib/gcc/arm-atollic-eabi/6.3.1/armv6-m\libgcc.a(subdf3.o) (__clzsi2)
c:/program files (x86)/atollic/truestudio for stm32 9.3.0/armtools/bin/../lib/gcc/arm-atollic-eabi/6.3.1/armv6-m\libgcc.a(eqdf2.o)
                              c:/program files (x86)/atollic/truestudio for stm32 9.3.0/armtools/bin/../lib/gcc/arm-atollic-eabi/6.3.1/armv6-m\libgcc.a(_arm_cmpdf2.o) (__eqdf2)
c:/program files (x86)/atollic/truestudio for stm32 9.3.0/armtools/bin/../lib/gcc/arm-atollic-eabi/6.3.1/armv6-m\libgcc.a(gedf2.o)
                              c:/program files (x86)/atollic/truestudio for stm32 9.3.0/armtools/bin/../lib/gcc/arm-atollic-eabi/6.3.1/armv6-m\libgcc.a(_arm_cmpdf2.o) (__gedf2)
c:/program files (x86)/atollic/truestudio for stm32 9.3.0/armtools/bin/../lib/gcc/arm-atollic-eabi/6.3.1/armv6-m\libgcc.a(ledf2.o)
                              c:/program files (x86)/atollic/truestudio for stm32 9.3.0/armtools/bin/../lib/gcc/arm-atollic-eabi/6.3.1/armv6-m\libgcc.a(_arm_cmpdf2.o) (__ledf2)

Allocating common symbols
Common symbol       size              file

RecorderData        0x1918            TraceRecorder\trcSnapshotRecorder.o
xSem                0x8               app\src\main.o
xSubscribeQueue     0x4               app\src\main.o
init_hwtc_count     0x4               TraceRecorder\trcSnapshotRecorder.o

Memory Configuration

Name             Origin             Length             Attributes
FLASH            0x08000000         0x00020000         xr
RAM              0x20000000         0x00004000         xrw
MEMORY_B1        0x60000000         0x00000000         xr
*default*        0x00000000         0xffffffff

Linker script and memory map

LOAD c:/program files (x86)/atollic/truestudio for stm32 9.3.0/armtools/bin/../lib/gcc/arm-atollic-eabi/6.3.1/armv6-m/crti.o
LOAD c:/program files (x86)/atollic/truestudio for stm32 9.3.0/armtools/bin/../lib/gcc/arm-atollic-eabi/6.3.1/armv6-m/crtbegin.o
LOAD FreeRTOS\croutine.o
LOAD FreeRTOS\event_groups.o
LOAD FreeRTOS\list.o
LOAD FreeRTOS\portable\GCC\ARM_CM0\port.o
LOAD FreeRTOS\portable\MemMang\heap_1.o
LOAD FreeRTOS\queue.o
LOAD FreeRTOS\stream_buffer.o
LOAD FreeRTOS\tasks.o
LOAD FreeRTOS\timers.o
LOAD TraceRecorder\trcKernelPort.o
LOAD TraceRecorder\trcSnapshotRecorder.o
LOAD TraceRecorder\trcStreamingRecorder.o
LOAD app\src\main.o
LOAD app\src\printf-stdarg.o
LOAD app\src\stm32f0xx_it.o
LOAD bsp\src\bsp.o
LOAD bsp\src\delay.o
LOAD cmsis\device\src\startup_stm32f072xb.o
LOAD cmsis\device\src\system_stm32f0xx.o
                0x00000080                malloc_getpagesize_P = 0x80
START GROUP
LOAD c:/program files (x86)/atollic/truestudio for stm32 9.3.0/armtools/bin/../lib/gcc/arm-atollic-eabi/6.3.1/../../../../arm-atollic-eabi/lib/armv6-m\libc_nano.a
LOAD c:/program files (x86)/atollic/truestudio for stm32 9.3.0/armtools/bin/../lib/gcc/arm-atollic-eabi/6.3.1/../../../../arm-atollic-eabi/lib/armv6-m\libm.a
END GROUP
START GROUP
LOAD c:/program files (x86)/atollic/truestudio for stm32 9.3.0/armtools/bin/../lib/gcc/arm-atollic-eabi/6.3.1/armv6-m\libgcc.a
LOAD c:/program files (x86)/atollic/truestudio for stm32 9.3.0/armtools/bin/../lib/gcc/arm-atollic-eabi/6.3.1/../../../../arm-atollic-eabi/lib/armv6-m\libc_nano.a
END GROUP
START GROUP
LOAD c:/program files (x86)/atollic/truestudio for stm32 9.3.0/armtools/bin/../lib/gcc/arm-atollic-eabi/6.3.1/armv6-m\libgcc.a
LOAD c:/program files (x86)/atollic/truestudio for stm32 9.3.0/armtools/bin/../lib/gcc/arm-atollic-eabi/6.3.1/../../../../arm-atollic-eabi/lib/armv6-m\libc_nano.a
LOAD c:/program files (x86)/atollic/truestudio for stm32 9.3.0/armtools/bin/../lib/gcc/arm-atollic-eabi/6.3.1/../../../../arm-atollic-eabi/lib/armv6-m\libnosys.a
END GROUP
START GROUP
LOAD c:/program files (x86)/atollic/truestudio for stm32 9.3.0/armtools/bin/../lib/gcc/arm-atollic-eabi/6.3.1/armv6-m\libgcc.a
LOAD c:/program files (x86)/atollic/truestudio for stm32 9.3.0/armtools/bin/../lib/gcc/arm-atollic-eabi/6.3.1/../../../../arm-atollic-eabi/lib/armv6-m\libc_nano.a
LOAD c:/program files (x86)/atollic/truestudio for stm32 9.3.0/armtools/bin/../lib/gcc/arm-atollic-eabi/6.3.1/../../../../arm-atollic-eabi/lib/armv6-m\libnosys.a
END GROUP
LOAD c:/program files (x86)/atollic/truestudio for stm32 9.3.0/armtools/bin/../lib/gcc/arm-atollic-eabi/6.3.1/armv6-m/crtend.o
LOAD c:/program files (x86)/atollic/truestudio for stm32 9.3.0/armtools/bin/../lib/gcc/arm-atollic-eabi/6.3.1/armv6-m/crtn.o
                0x20004000                _estack = 0x20004000
                0x00000000                _Min_Heap_Size = 0x0
                0x00000080                _Min_Stack_Size = 0x80

.isr_vector     0x08000000       0xc0
                0x08000000                . = ALIGN (0x4)
 *(.isr_vector)
 .isr_vector    0x08000000       0xc0 cmsis\device\src\startup_stm32f072xb.o
                0x08000000                g_pfnVectors
                0x080000c0                . = ALIGN (0x4)

.text           0x080000c0     0xbe18
                0x080000c0                . = ALIGN (0x4)
 *(.text)
 .text          0x080000c0        0x0 c:/program files (x86)/atollic/truestudio for stm32 9.3.0/armtools/bin/../lib/gcc/arm-atollic-eabi/6.3.1/armv6-m/crti.o
 .text          0x080000c0       0x48 c:/program files (x86)/atollic/truestudio for stm32 9.3.0/armtools/bin/../lib/gcc/arm-atollic-eabi/6.3.1/armv6-m/crtbegin.o
 .text          0x08000108        0x0 FreeRTOS\croutine.o
 .text          0x08000108      0x938 FreeRTOS\event_groups.o
                0x08000108                xEventGroupCreate
                0x080001fc                xEventGroupSync
                0x08000408                xEventGroupWaitBits
                0x08000678                xEventGroupClearBits
                0x08000714                xEventGroupGetBitsFromISR
                0x08000740                xEventGroupSetBits
                0x08000884                vEventGroupDelete
                0x08000984                vEventGroupSetBitsCallback
                0x080009a2                vEventGroupClearBitsCallback
                0x080009fe                uxEventGroupGetNumber
                0x08000a26                vEventGroupSetNumber
 .text          0x08000a40      0x152 FreeRTOS\list.o
                0x08000a40                vListInitialise
                0x08000a7c                vListInitialiseItem
                0x08000a92                vListInsertEnd
                0x08000ad6                vListInsert
                0x08000b42                uxListRemove
 *fill*         0x08000b92        0xe 
 .text          0x08000ba0      0x25c FreeRTOS\portable\GCC\ARM_CM0\port.o
                0x08000ba0                pxPortInitialiseStack
                0x08000c20                SVC_Handler
                0x08000c56                xPortStartScheduler
                0x08000c9c                vPortEndScheduler
                0x08000cbc                vPortYield
                0x08000cdc                vPortEnterCritical
                0x08000d00                vPortExitCritical
                0x08000d30                ulSetInterruptMaskFromISR
                0x08000d3c                vClearInterruptMaskFromISR
                0x08000d44                PendSV_Handler
                0x08000d96                SysTick_Handler
 .text          0x08000dfc       0xf8 FreeRTOS\portable\MemMang\heap_1.o
                0x08000dfc                pvPortMalloc
                0x08000ea8                vPortFree
                0x08000ec2                vPortInitialiseBlocks
                0x08000ed8                xPortGetFreeHeapSize
 .text          0x08000ef4     0x1d7c FreeRTOS\queue.o
                0x08000ef4                xQueueGenericReset
                0x08000f9c                xQueueGenericCreate
                0x080011bc                xQueueCreateMutex
                0x080011f4                xQueueGenericSend
                0x080015b8                xQueueGenericSendFromISR
                0x08001790                xQueueGiveFromISR
                0x080017b0                MyWrapper_xQueueGiveFromISR
                0x08001974                xQueueReceive
                0x08001d48                xQueueSemaphoreTake
                0x08002170                xQueuePeek
                0x080024f0                xQueueReceiveFromISR
                0x08002698                xQueuePeekFromISR
                0x0800271c                uxQueueMessagesWaiting
                0x08002746                uxQueueSpacesAvailable
                0x0800277a                uxQueueMessagesWaitingFromISR
                0x080027a0                vQueueDelete
                0x080028f4                uxQueueGetQueueNumber
                0x08002908                vQueueSetQueueNumber
                0x08002920                ucQueueGetQueueType
                0x08002b70                xQueueIsQueueEmptyFromISR
                0x08002bd2                xQueueIsQueueFullFromISR
                0x08002c08                vQueueWaitForMessageRestricted
 .text          0x08002c70      0xa5c FreeRTOS\stream_buffer.o
                0x08002c70                xStreamBufferGenericCreate
                0x08002cfa                vStreamBufferDelete
                0x08002d3a                xStreamBufferReset
                0x08002da0                xStreamBufferSetTriggerLevel
                0x08002de6                xStreamBufferSpacesAvailable
                0x08002e36                xStreamBufferBytesAvailable
                0x08002e62                xStreamBufferSend
                0x08002f90                xStreamBufferSendFromISR
                0x080030bc                xStreamBufferReceive
                0x080031c0                xStreamBufferNextMessageLengthBytes
                0x08003232                xStreamBufferReceiveFromISR
                0x08003342                xStreamBufferIsEmpty
                0x0800337c                xStreamBufferIsFull
                0x080033cc                xStreamBufferSendCompletedFromISR
                0x08003428                xStreamBufferReceiveCompletedFromISR
                0x08003686                uxStreamBufferGetStreamBufferNumber
                0x0800369a                vStreamBufferSetStreamBufferNumber
                0x080036b2                ucStreamBufferGetStreamBufferType
 .text          0x080036cc     0x2944 FreeRTOS\tasks.o
                0x080036cc                xTaskCreate
                0x08003a1c                vTaskDelete
                0x08003bc8                vTaskDelayUntil
                0x08003cf0                vTaskDelay
                0x08003dac                eTaskGetState
                0x08003e88                uxTaskPriorityGet
                0x08003ebc                uxTaskPriorityGetFromISR
                0x08003ef8                vTaskPrioritySet
                0x080040a0                vTaskSuspend
                0x08004218                vTaskResume
                0x0800432c                xTaskResumeFromISR
                0x08004444                vTaskStartScheduler
                0x08004504                vTaskEndScheduler
                0x08004520                vTaskSuspendAll
                0x08004538                xTaskResumeAll
                0x08004680                xTaskGetTickCount
                0x0800469c                xTaskGetTickCountFromISR
                0x080046bc                uxTaskGetNumberOfTasks
                0x080046d0                pcTaskGetName
                0x08004704                uxTaskGetSystemState
                0x08004820                xTaskIncrementTick
                0x080049d4                vTaskSwitchContext
                0x08004abc                vTaskPlaceOnEventList
                0x08004af8                vTaskPlaceOnUnorderedEventList
                0x08004b54                vTaskPlaceOnEventListRestricted
                0x08004c18                xTaskRemoveFromEventList
                0x08004d00                vTaskRemoveFromUnorderedEventList
                0x08004dd4                vTaskSetTimeOutState
                0x08004e10                vTaskInternalSetTimeOutState
                0x08004e38                xTaskCheckForTimeOut
                0x08004ed8                vTaskMissedYield
                0x08004eec                uxTaskGetTaskNumber
                0x08004f14                vTaskSetTaskNumber
                0x08005038                vTaskGetInfo
                0x080051ea                uxTaskGetStackHighWaterMark
                0x08005284                xTaskGetCurrentTaskHandle
                0x080052a0                xTaskGetSchedulerState
                0x080052d8                xTaskPriorityInherit
                0x0800543c                xTaskPriorityDisinherit
                0x08005584                vTaskPriorityDisinheritAfterTimeout
                0x080056f8                uxTaskResetEventItemValue
                0x08005724                pvTaskIncrementMutexHeldCount
                0x08005748                ulTaskNotifyTake
                0x08005900                xTaskNotifyWait
                0x08005a70                xTaskGenericNotify
                0x08005c10                xTaskGenericNotifyFromISR
                0x08005dd0                vTaskNotifyGiveFromISR
                0x08005f1c                xTaskNotifyStateClear
 .text          0x08006010      0xb40 FreeRTOS\timers.o
                0x08006010                xTimerCreateTimerTask
                0x08006064                xTimerCreate
                0x080061ac                xTimerGenericCommand
                0x080063fc                xTimerGetTimerDaemonTaskHandle
                0x0800641c                xTimerGetPeriod
                0x0800643e                vTimerSetReloadMode
                0x08006492                xTimerGetExpiryTime
                0x080064b8                pcTimerGetName
                0x08006a88                xTimerIsTimerActive
                0x08006ac8                pvTimerGetTimerID
                0x08006af6                vTimerSetTimerID
                0x08006b24                uxTimerGetTimerNumber
                0x08006b38                vTimerSetTimerNumber
 .text          0x08006b50      0x86c TraceRecorder\trcKernelPort.o
                0x08006b50                prvTraceGetQueueNumber
                0x08006b6a                prvTraceGetQueueType
                0x08006b84                prvTraceGetTaskNumberLow16
                0x08006ba0                prvTraceGetTaskNumberHigh16
                0x08006bbe                prvTraceSetTaskNumberLow16
                0x08006bf2                prvTraceSetTaskNumberHigh16
                0x08006c28                prvTraceGetQueueNumberLow16
                0x08006c44                prvTraceGetQueueNumberHigh16
                0x08006c62                prvTraceSetQueueNumberLow16
                0x08006c96                prvTraceSetQueueNumberHigh16
                0x08006ccc                prvTraceGetTimerNumberLow16
                0x08006ce8                prvTraceGetTimerNumberHigh16
                0x08006d06                prvTraceSetTimerNumberLow16
                0x08006d3a                prvTraceSetTimerNumberHigh16
                0x08006d70                prvTraceGetEventGroupNumberLow16
                0x08006d8c                prvTraceGetEventGroupNumberHigh16
                0x08006daa                prvTraceSetEventGroupNumberLow16
                0x08006dde                prvTraceSetEventGroupNumberHigh16
                0x08006e14                prvAddTaskToStackMonitor
                0x08006e80                prvRemoveTaskFromStackMonitor
                0x08006ecc                prvReportStackUsage
                0x08006f8c                vTraceSetQueueName
                0x08006fb4                vTraceSetSemaphoreName
                0x08006fdc                vTraceSetMutexName
                0x08007004                vTraceSetEventGroupName
                0x0800702c                prvTraceGetCurrentTaskHandle
                0x0800703c                vTraceEnable
                0x080070c8                vTraceInitObjectPropertyTable
                0x08007268                vTraceInitObjectHandleStack
                0x0800732c                pszTraceGetErrorNotEnoughHandles
                0x080073a4                prvTraceIsSchedulerSuspended
 .text          0x080073bc     0x2a1c TraceRecorder\trcSnapshotRecorder.o
                0x080073bc                vTraceSetStopHook
                0x080073d8                vTraceClear
                0x08007488                uiTraceStart
                0x08007584                vTraceStart
                0x08007592                vTraceStop
                0x080075c4                xTraceIsRecordingEnabled
                0x080075e4                xTraceGetLastError
                0x080075f8                vTraceClearError
                0x08007628                xTraceGetTraceBuffer
                0x0800763c                uiTraceGetTraceBufferSize
                0x080076f4                vTraceInstanceFinishedNext
                0x08007704                vTraceInstanceFinishedNow
                0x08007714                xTraceSetISRProperties
                0x080077b0                vTraceStoreISRBegin
                0x080078f4                vTraceStoreISREnd
                0x08007f7c                vTracePrintF
                0x08007fac                vTraceVPrintF
                0x08008110                vTracePrint
                0x080081c0                xTraceRegisterString
                0x08008210                prvTraceSetReadyEventsEnabled
                0x0800822c                prvTraceStoreTaskReady
                0x08008314                prvTraceStoreLowPower
                0x080083cc                vTraceStoreMemMangEvent
                0x0800850c                prvTraceStoreKernelCall
                0x0800862c                prvTraceStoreKernelCallWithParam
                0x080087e4                prvTraceStoreKernelCallWithNumericParamOnly
                0x080088cc                prvTraceStoreTaskswitch
                0x080089cc                prvTraceStoreObjectNameOnCloseEvent
                0x08008aa4                prvTraceStoreObjectPropertiesOnCloseEvent
                0x08008ba4                prvTraceSetPriorityProperty
                0x08008c40                prvTraceGetPriorityProperty
                0x08008cd4                prvTraceSetObjectState
                0x08008e00                prvTraceSetTaskInstanceFinished
                0x08008e5c                prvTraceInitTraceData
                0x080090fc                uiIndexOfObject
                0x080091d0                prvTraceGetObjectHandle
                0x08009360                prvTraceFreeObjectHandle
                0x08009424                prvMarkObjectAsUsed
                0x080094b8                prvTraceSetObjectName
                0x08009664                vTraceSetFrequency
                0x08009680                prvTraceError
                0x080096e0                vTraceSetFilterMask
                0x08009700                vTraceSetFilterGroup
                0x08009cf4                prvTracePortGetTimeStamp
 .text          0x08009dd8        0x0 TraceRecorder\trcStreamingRecorder.o
 .text          0x08009dd8      0xa10 app\src\main.o
                0x08009dd8                main
                0x08009eb0                vTaskPub
                0x0800a41c                vTask1
                0x0800a524                vTask2
 .text          0x0800a7e8      0x41c app\src\printf-stdarg.o
                0x0800abac                my_printf
                0x0800abd6                my_sprintf
 .text          0x0800ac04       0x10 app\src\stm32f0xx_it.o
                0x0800ac04                NMI_Handler
                0x0800ac0e                HardFault_Handler
 .text          0x0800ac14      0x2d8 bsp\src\bsp.o
                0x0800ac14                BSP_LED_Init
                0x0800acac                BSP_LED_On
                0x0800acbe                BSP_LED_Off
                0x0800acd2                BSP_LED_Toggle
                0x0800acec                BSP_Console_Init
                0x0800adb4                BSP_NVIC_Init
                0x0800adbe                BSP_DBG_Pins_Init
                0x0800ae54                BSP_DBG_Pin_Init
 .text          0x0800aeec       0xe0 bsp\src\delay.o
                0x0800aeec                BSP_DELAY_ms
                0x0800af18                BSP_DELAY_us
                0x0800af42                BSP_DELAY_TIM_init
                0x0800af80                BSP_DELAY_TIM_ms
 .text          0x0800afcc       0x14 cmsis\device\src\startup_stm32f072xb.o
 .text          0x0800afe0      0x188 cmsis\device\src\system_stm32f0xx.o
                0x0800afe0                SystemInit
                0x0800b068                SystemCoreClockUpdate
 .text          0x0800b168        0x0 c:/program files (x86)/atollic/truestudio for stm32 9.3.0/armtools/bin/../lib/gcc/arm-atollic-eabi/6.3.1/../../../../arm-atollic-eabi/lib/armv6-m\libc_nano.a(lib_a-init.o)
 .text          0x0800b168        0x0 c:/program files (x86)/atollic/truestudio for stm32 9.3.0/armtools/bin/../lib/gcc/arm-atollic-eabi/6.3.1/../../../../arm-atollic-eabi/lib/armv6-m\libc_nano.a(lib_a-memcpy-stub.o)
 .text          0x0800b168        0x0 c:/program files (x86)/atollic/truestudio for stm32 9.3.0/armtools/bin/../lib/gcc/arm-atollic-eabi/6.3.1/../../../../arm-atollic-eabi/lib/armv6-m\libc_nano.a(lib_a-memset.o)
 .text          0x0800b168        0x0 c:/program files (x86)/atollic/truestudio for stm32 9.3.0/armtools/bin/../lib/gcc/arm-atollic-eabi/6.3.1/../../../../arm-atollic-eabi/lib/armv6-m\libc_nano.a(lib_a-strncmp.o)
 .text          0x0800b168      0x114 c:/program files (x86)/atollic/truestudio for stm32 9.3.0/armtools/bin/../lib/gcc/arm-atollic-eabi/6.3.1/armv6-m\libgcc.a(_udivsi3.o)
                0x0800b168                __aeabi_uidiv
                0x0800b168                __udivsi3
                0x0800b274                __aeabi_uidivmod
 .text          0x0800b27c      0x1d4 c:/program files (x86)/atollic/truestudio for stm32 9.3.0/armtools/bin/../lib/gcc/arm-atollic-eabi/6.3.1/armv6-m\libgcc.a(_divsi3.o)
                0x0800b27c                __divsi3
                0x0800b27c                __aeabi_idiv
                0x0800b448                __aeabi_idivmod
 .text          0x0800b450        0x4 c:/program files (x86)/atollic/truestudio for stm32 9.3.0/armtools/bin/../lib/gcc/arm-atollic-eabi/6.3.1/armv6-m\libgcc.a(_dvmd_tls.o)
                0x0800b450                __aeabi_idiv0
                0x0800b450                __aeabi_ldiv0
 .text          0x0800b454       0x3c c:/program files (x86)/atollic/truestudio for stm32 9.3.0/armtools/bin/../lib/gcc/arm-atollic-eabi/6.3.1/armv6-m\libgcc.a(_fixunsdfsi.o)
                0x0800b454                __aeabi_d2uiz
                0x0800b454                __fixunsdfsi
 .text          0x0800b490      0x62c c:/program files (x86)/atollic/truestudio for stm32 9.3.0/armtools/bin/../lib/gcc/arm-atollic-eabi/6.3.1/armv6-m\libgcc.a(subdf3.o)
                0x0800b490                __aeabi_dsub
 .text          0x0800babc       0x68 c:/program files (x86)/atollic/truestudio for stm32 9.3.0/armtools/bin/../lib/gcc/arm-atollic-eabi/6.3.1/armv6-m\libgcc.a(fixdfsi.o)
                0x0800babc                __aeabi_d2iz
 .text          0x0800bb24       0x7c c:/program files (x86)/atollic/truestudio for stm32 9.3.0/armtools/bin/../lib/gcc/arm-atollic-eabi/6.3.1/armv6-m\libgcc.a(_arm_cmpdf2.o)
                0x0800bb24                __aeabi_cdrcmple
                0x0800bb34                __aeabi_cdcmple
                0x0800bb34                __aeabi_cdcmpeq
                0x0800bb44                __aeabi_dcmpeq
                0x0800bb50                __aeabi_dcmplt
                0x0800bb64                __aeabi_dcmple
                0x0800bb78                __aeabi_dcmpgt
                0x0800bb8c                __aeabi_dcmpge
 .text          0x0800bba0       0x3c c:/program files (x86)/atollic/truestudio for stm32 9.3.0/armtools/bin/../lib/gcc/arm-atollic-eabi/6.3.1/armv6-m\libgcc.a(_clzsi2.o)
                0x0800bba0                __clzsi2
 .text          0x0800bbdc       0x74 c:/program files (x86)/atollic/truestudio for stm32 9.3.0/armtools/bin/../lib/gcc/arm-atollic-eabi/6.3.1/armv6-m\libgcc.a(eqdf2.o)
                0x0800bbdc                __nedf2
                0x0800bbdc                __eqdf2
 .text          0x0800bc50       0xc8 c:/program files (x86)/atollic/truestudio for stm32 9.3.0/armtools/bin/../lib/gcc/arm-atollic-eabi/6.3.1/armv6-m\libgcc.a(gedf2.o)
                0x0800bc50                __gedf2
                0x0800bc50                __gtdf2
 .text          0x0800bd18       0xc4 c:/program files (x86)/atollic/truestudio for stm32 9.3.0/armtools/bin/../lib/gcc/arm-atollic-eabi/6.3.1/armv6-m\libgcc.a(ledf2.o)
                0x0800bd18                __ledf2
                0x0800bd18                __ltdf2
 .text          0x0800bddc        0x0 c:/program files (x86)/atollic/truestudio for stm32 9.3.0/armtools/bin/../lib/gcc/arm-atollic-eabi/6.3.1/armv6-m/crtend.o
 .text          0x0800bddc        0x0 c:/program files (x86)/atollic/truestudio for stm32 9.3.0/armtools/bin/../lib/gcc/arm-atollic-eabi/6.3.1/armv6-m/crtn.o
 *(.text*)
 .text.Reset_Handler
                0x0800bddc       0x50 cmsis\device\src\startup_stm32f072xb.o
                0x0800bddc                Reset_Handler
 .text.Default_Handler
                0x0800be2c        0x2 cmsis\device\src\startup_stm32f072xb.o
                0x0800be2c                TIM1_CC_IRQHandler
                0x0800be2c                TSC_IRQHandler
                0x0800be2c                ADC1_COMP_IRQHandler
                0x0800be2c                I2C1_IRQHandler
                0x0800be2c                RCC_CRS_IRQHandler
                0x0800be2c                SPI1_IRQHandler
                0x0800be2c                TIM6_DAC_IRQHandler
                0x0800be2c                USART3_4_IRQHandler
                0x0800be2c                EXTI2_3_IRQHandler
                0x0800be2c                I2C2_IRQHandler
                0x0800be2c                TIM17_IRQHandler
                0x0800be2c                CEC_CAN_IRQHandler
                0x0800be2c                RTC_IRQHandler
                0x0800be2c                PVD_VDDIO2_IRQHandler
                0x0800be2c                DMA1_Channel4_5_6_7_IRQHandler
                0x0800be2c                TIM16_IRQHandler
                0x0800be2c                TIM3_IRQHandler
                0x0800be2c                EXTI4_15_IRQHandler
                0x0800be2c                DMA1_Channel1_IRQHandler
                0x0800be2c                Default_Handler
                0x0800be2c                TIM14_IRQHandler
                0x0800be2c                TIM7_IRQHandler
                0x0800be2c                TIM15_IRQHandler
                0x0800be2c                EXTI0_1_IRQHandler
                0x0800be2c                USB_IRQHandler
                0x0800be2c                SPI2_IRQHandler
                0x0800be2c                WWDG_IRQHandler
                0x0800be2c                TIM2_IRQHandler
                0x0800be2c                DMA1_Channel2_3_IRQHandler
                0x0800be2c                USART2_IRQHandler
                0x0800be2c                FLASH_IRQHandler
                0x0800be2c                USART1_IRQHandler
                0x0800be2c                TIM1_BRK_UP_TRG_COM_IRQHandler
 *fill*         0x0800be2e        0x2 
 .text.__libc_init_array
                0x0800be30       0x48 c:/program files (x86)/atollic/truestudio for stm32 9.3.0/armtools/bin/../lib/gcc/arm-atollic-eabi/6.3.1/../../../../arm-atollic-eabi/lib/armv6-m\libc_nano.a(lib_a-init.o)
                0x0800be30                __libc_init_array
 .text.memcpy   0x0800be78       0x12 c:/program files (x86)/atollic/truestudio for stm32 9.3.0/armtools/bin/../lib/gcc/arm-atollic-eabi/6.3.1/../../../../arm-atollic-eabi/lib/armv6-m\libc_nano.a(lib_a-memcpy-stub.o)
                0x0800be78                memcpy
 .text.memset   0x0800be8a       0x10 c:/program files (x86)/atollic/truestudio for stm32 9.3.0/armtools/bin/../lib/gcc/arm-atollic-eabi/6.3.1/../../../../arm-atollic-eabi/lib/armv6-m\libc_nano.a(lib_a-memset.o)
                0x0800be8a                memset
 .text.strncmp  0x0800be9a       0x22 c:/program files (x86)/atollic/truestudio for stm32 9.3.0/armtools/bin/../lib/gcc/arm-atollic-eabi/6.3.1/../../../../arm-atollic-eabi/lib/armv6-m\libc_nano.a(lib_a-strncmp.o)
                0x0800be9a                strncmp
 *(.glue_7)
 .glue_7        0x0800bebc        0x0 linker stubs
 *(.glue_7t)
 .glue_7t       0x0800bebc        0x0 linker stubs
 *(.eh_frame)
 .eh_frame      0x0800bebc        0x0 c:/program files (x86)/atollic/truestudio for stm32 9.3.0/armtools/bin/../lib/gcc/arm-atollic-eabi/6.3.1/armv6-m/crtbegin.o
 .eh_frame      0x0800bebc        0x4 c:/program files (x86)/atollic/truestudio for stm32 9.3.0/armtools/bin/../lib/gcc/arm-atollic-eabi/6.3.1/armv6-m/crtend.o
 *(.init)
 .init          0x0800bec0        0x4 c:/program files (x86)/atollic/truestudio for stm32 9.3.0/armtools/bin/../lib/gcc/arm-atollic-eabi/6.3.1/armv6-m/crti.o
                0x0800bec0                _init
 .init          0x0800bec4        0x8 c:/program files (x86)/atollic/truestudio for stm32 9.3.0/armtools/bin/../lib/gcc/arm-atollic-eabi/6.3.1/armv6-m/crtn.o
 *(.fini)
 .fini          0x0800becc        0x4 c:/program files (x86)/atollic/truestudio for stm32 9.3.0/armtools/bin/../lib/gcc/arm-atollic-eabi/6.3.1/armv6-m/crti.o
                0x0800becc                _fini
 .fini          0x0800bed0        0x8 c:/program files (x86)/atollic/truestudio for stm32 9.3.0/armtools/bin/../lib/gcc/arm-atollic-eabi/6.3.1/armv6-m/crtn.o
                0x0800bed8                . = ALIGN (0x4)
                0x0800bed8                _etext = .

.vfp11_veneer   0x0800bed8        0x0
 .vfp11_veneer  0x0800bed8        0x0 linker stubs

.v4_bx          0x0800bed8        0x0
 .v4_bx         0x0800bed8        0x0 linker stubs

.iplt           0x0800bed8        0x0
 .iplt          0x0800bed8        0x0 c:/program files (x86)/atollic/truestudio for stm32 9.3.0/armtools/bin/../lib/gcc/arm-atollic-eabi/6.3.1/armv6-m/crtbegin.o

.rodata         0x0800bed8     0x15f4
                0x0800bed8                . = ALIGN (0x4)
 *(.rodata)
 .rodata        0x0800bed8       0x30 FreeRTOS\tasks.o
 .rodata        0x0800bf08       0x30 FreeRTOS\timers.o
 .rodata        0x0800bf38      0x3a0 TraceRecorder\trcKernelPort.o
 .rodata        0x0800c2d8     0x10a7 TraceRecorder\trcSnapshotRecorder.o
 *fill*         0x0800d37f        0x1 
 .rodata        0x0800d380      0x12a app\src\main.o
 *fill*         0x0800d4aa        0x2 
 .rodata        0x0800d4ac        0x7 app\src\printf-stdarg.o
 *fill*         0x0800d4b3        0x1 
 .rodata        0x0800d4b4       0x18 cmsis\device\src\system_stm32f0xx.o
                0x0800d4b4                AHBPrescTable
                0x0800d4c4                APBPrescTable
 *(.rodata*)
                0x0800d4cc                . = ALIGN (0x4)

.rel.dyn        0x0800d4cc        0x0
 .rel.iplt      0x0800d4cc        0x0 c:/program files (x86)/atollic/truestudio for stm32 9.3.0/armtools/bin/../lib/gcc/arm-atollic-eabi/6.3.1/armv6-m/crtbegin.o

.ARM.extab
 *(.ARM.extab* .gnu.linkonce.armextab.*)

.ARM            0x0800d4cc        0x0
                0x0800d4cc                __exidx_start = .
 *(.ARM.exidx*)
                0x0800d4cc                __exidx_end = .

.preinit_array  0x0800d4cc        0x0
                0x0800d4cc                PROVIDE (__preinit_array_start, .)
 *(.preinit_array*)
                0x0800d4cc                PROVIDE (__preinit_array_end, .)

.init_array     0x0800d4cc        0x4
                0x0800d4cc                PROVIDE (__init_array_start, .)
 *(SORT(.init_array.*))
 *(.init_array*)
 .init_array    0x0800d4cc        0x4 c:/program files (x86)/atollic/truestudio for stm32 9.3.0/armtools/bin/../lib/gcc/arm-atollic-eabi/6.3.1/armv6-m/crtbegin.o
                0x0800d4d0                PROVIDE (__init_array_end, .)

.fini_array     0x0800d4d0        0x4
                [!provide]                PROVIDE (__fini_array_start, .)
 *(SORT(.fini_array.*))
 *(.fini_array*)
 .fini_array    0x0800d4d0        0x4 c:/program files (x86)/atollic/truestudio for stm32 9.3.0/armtools/bin/../lib/gcc/arm-atollic-eabi/6.3.1/armv6-m/crtbegin.o
                [!provide]                PROVIDE (__fini_array_end, .)
                0x0800d4d4                _sidata = LOADADDR (.data)

.data           0x20000000       0x1c load address 0x0800d4d4
                0x20000000                . = ALIGN (0x4)
                0x20000000                _sdata = .
 *(.data)
 .data          0x20000000        0x0 c:/program files (x86)/atollic/truestudio for stm32 9.3.0/armtools/bin/../lib/gcc/arm-atollic-eabi/6.3.1/armv6-m/crti.o
 .data          0x20000000        0x4 c:/program files (x86)/atollic/truestudio for stm32 9.3.0/armtools/bin/../lib/gcc/arm-atollic-eabi/6.3.1/armv6-m/crtbegin.o
                0x20000000                __dso_handle
 .data          0x20000004        0x0 FreeRTOS\croutine.o
 .data          0x20000004        0x0 FreeRTOS\event_groups.o
 .data          0x20000004        0x0 FreeRTOS\list.o
 .data          0x20000004        0x4 FreeRTOS\portable\GCC\ARM_CM0\port.o
 .data          0x20000008        0x0 FreeRTOS\portable\MemMang\heap_1.o
 .data          0x20000008        0x0 FreeRTOS\queue.o
 .data          0x20000008        0x0 FreeRTOS\stream_buffer.o
 .data          0x20000008        0x0 FreeRTOS\tasks.o
 .data          0x20000008        0x0 FreeRTOS\timers.o
 .data          0x20000008        0x5 TraceRecorder\trcKernelPort.o
                0x20000008                TraceQueueClassTable
 *fill*         0x2000000d        0x3 
 .data          0x20000010        0x8 TraceRecorder\trcSnapshotRecorder.o
                0x20000014                CurrentFilterMask
                0x20000016                CurrentFilterGroup
 .data          0x20000018        0x0 TraceRecorder\trcStreamingRecorder.o
 .data          0x20000018        0x0 app\src\main.o
 .data          0x20000018        0x0 app\src\printf-stdarg.o
 .data          0x20000018        0x0 app\src\stm32f0xx_it.o
 .data          0x20000018        0x0 bsp\src\bsp.o
 .data          0x20000018        0x0 bsp\src\delay.o
 .data          0x20000018        0x0 cmsis\device\src\startup_stm32f072xb.o
 .data          0x20000018        0x4 cmsis\device\src\system_stm32f0xx.o
                0x20000018                SystemCoreClock
 .data          0x2000001c        0x0 c:/program files (x86)/atollic/truestudio for stm32 9.3.0/armtools/bin/../lib/gcc/arm-atollic-eabi/6.3.1/../../../../arm-atollic-eabi/lib/armv6-m\libc_nano.a(lib_a-init.o)
 .data          0x2000001c        0x0 c:/program files (x86)/atollic/truestudio for stm32 9.3.0/armtools/bin/../lib/gcc/arm-atollic-eabi/6.3.1/../../../../arm-atollic-eabi/lib/armv6-m\libc_nano.a(lib_a-memcpy-stub.o)
 .data          0x2000001c        0x0 c:/program files (x86)/atollic/truestudio for stm32 9.3.0/armtools/bin/../lib/gcc/arm-atollic-eabi/6.3.1/../../../../arm-atollic-eabi/lib/armv6-m\libc_nano.a(lib_a-memset.o)
 .data          0x2000001c        0x0 c:/program files (x86)/atollic/truestudio for stm32 9.3.0/armtools/bin/../lib/gcc/arm-atollic-eabi/6.3.1/../../../../arm-atollic-eabi/lib/armv6-m\libc_nano.a(lib_a-strncmp.o)
 .data          0x2000001c        0x0 c:/program files (x86)/atollic/truestudio for stm32 9.3.0/armtools/bin/../lib/gcc/arm-atollic-eabi/6.3.1/armv6-m\libgcc.a(_udivsi3.o)
 .data          0x2000001c        0x0 c:/program files (x86)/atollic/truestudio for stm32 9.3.0/armtools/bin/../lib/gcc/arm-atollic-eabi/6.3.1/armv6-m\libgcc.a(_divsi3.o)
 .data          0x2000001c        0x0 c:/program files (x86)/atollic/truestudio for stm32 9.3.0/armtools/bin/../lib/gcc/arm-atollic-eabi/6.3.1/armv6-m\libgcc.a(_dvmd_tls.o)
 .data          0x2000001c        0x0 c:/program files (x86)/atollic/truestudio for stm32 9.3.0/armtools/bin/../lib/gcc/arm-atollic-eabi/6.3.1/armv6-m\libgcc.a(_fixunsdfsi.o)
 .data          0x2000001c        0x0 c:/program files (x86)/atollic/truestudio for stm32 9.3.0/armtools/bin/../lib/gcc/arm-atollic-eabi/6.3.1/armv6-m\libgcc.a(subdf3.o)
 .data          0x2000001c        0x0 c:/program files (x86)/atollic/truestudio for stm32 9.3.0/armtools/bin/../lib/gcc/arm-atollic-eabi/6.3.1/armv6-m\libgcc.a(fixdfsi.o)
 .data          0x2000001c        0x0 c:/program files (x86)/atollic/truestudio for stm32 9.3.0/armtools/bin/../lib/gcc/arm-atollic-eabi/6.3.1/armv6-m\libgcc.a(_arm_cmpdf2.o)
 .data          0x2000001c        0x0 c:/program files (x86)/atollic/truestudio for stm32 9.3.0/armtools/bin/../lib/gcc/arm-atollic-eabi/6.3.1/armv6-m\libgcc.a(_clzsi2.o)
 .data          0x2000001c        0x0 c:/program files (x86)/atollic/truestudio for stm32 9.3.0/armtools/bin/../lib/gcc/arm-atollic-eabi/6.3.1/armv6-m\libgcc.a(eqdf2.o)
 .data          0x2000001c        0x0 c:/program files (x86)/atollic/truestudio for stm32 9.3.0/armtools/bin/../lib/gcc/arm-atollic-eabi/6.3.1/armv6-m\libgcc.a(gedf2.o)
 .data          0x2000001c        0x0 c:/program files (x86)/atollic/truestudio for stm32 9.3.0/armtools/bin/../lib/gcc/arm-atollic-eabi/6.3.1/armv6-m\libgcc.a(ledf2.o)
 .data          0x2000001c        0x0 c:/program files (x86)/atollic/truestudio for stm32 9.3.0/armtools/bin/../lib/gcc/arm-atollic-eabi/6.3.1/armv6-m/crtend.o
 .data          0x2000001c        0x0 c:/program files (x86)/atollic/truestudio for stm32 9.3.0/armtools/bin/../lib/gcc/arm-atollic-eabi/6.3.1/armv6-m/crtn.o
 *(.data*)
                0x2000001c                . = ALIGN (0x4)
                0x2000001c                _edata = .

.igot.plt       0x2000001c        0x0 load address 0x0800d4f0
 .igot.plt      0x2000001c        0x0 c:/program files (x86)/atollic/truestudio for stm32 9.3.0/armtools/bin/../lib/gcc/arm-atollic-eabi/6.3.1/armv6-m/crtbegin.o
                0x2000001c                . = ALIGN (0x4)

.bss            0x2000001c     0x37cc load address 0x0800d4f0
                0x2000001c                _sbss = .
                0x2000001c                __bss_start__ = _sbss
 *(.bss)
 .bss           0x2000001c        0x0 c:/program files (x86)/atollic/truestudio for stm32 9.3.0/armtools/bin/../lib/gcc/arm-atollic-eabi/6.3.1/armv6-m/crti.o
 .bss           0x2000001c       0x1c c:/program files (x86)/atollic/truestudio for stm32 9.3.0/armtools/bin/../lib/gcc/arm-atollic-eabi/6.3.1/armv6-m/crtbegin.o
 .bss           0x20000038        0x0 FreeRTOS\croutine.o
 .bss           0x20000038        0x0 FreeRTOS\event_groups.o
 .bss           0x20000038        0x0 FreeRTOS\list.o
 .bss           0x20000038        0x0 FreeRTOS\portable\GCC\ARM_CM0\port.o
 .bss           0x20000038     0x1c08 FreeRTOS\portable\MemMang\heap_1.o
 .bss           0x20001c40        0x0 FreeRTOS\queue.o
 .bss           0x20001c40        0x0 FreeRTOS\stream_buffer.o
 .bss           0x20001c40      0x104 FreeRTOS\tasks.o
                0x20001c40                pxCurrentTCB
 .bss           0x20001d44       0x3c FreeRTOS\timers.o
 .bss           0x20001d80       0x60 TraceRecorder\trcKernelPort.o
                0x20001d84                tasksInStackMonitor
                0x20001dd4                tasksNotIncluded
                0x20001dd8                uiInEventGroupSetBitsFromISR
 .bss           0x20001de0       0xe0 TraceRecorder\trcSnapshotRecorder.o
                0x20001de8                isPendingContextSwitch
                0x20001dec                uiTraceTickCount
                0x20001df0                trace_disable_timestamp
                0x20001df8                uiTraceSystemState
                0x20001dfc                recorder_busy
                0x20001e00                timestampFrequency
                0x20001e04                traceErrorMessage
                0x20001e08                nISRactive
                0x20001e09                handle_of_last_logged_task
                0x20001e0c                vTraceStopHookPtr
                0x20001e14                objectHandleStacks
                0x20001ea4                RecorderDataPtr
 .bss           0x20001ec0        0x0 TraceRecorder\trcStreamingRecorder.o
 .bss           0x20001ec0        0x0 app\src\main.o
 .bss           0x20001ec0        0x0 app\src\printf-stdarg.o
 .bss           0x20001ec0        0x0 app\src\stm32f0xx_it.o
 .bss           0x20001ec0        0x0 bsp\src\bsp.o
 .bss           0x20001ec0        0x0 bsp\src\delay.o
 .bss           0x20001ec0        0x0 cmsis\device\src\startup_stm32f072xb.o
 .bss           0x20001ec0        0x0 cmsis\device\src\system_stm32f0xx.o
 .bss           0x20001ec0        0x0 c:/program files (x86)/atollic/truestudio for stm32 9.3.0/armtools/bin/../lib/gcc/arm-atollic-eabi/6.3.1/../../../../arm-atollic-eabi/lib/armv6-m\libc_nano.a(lib_a-init.o)
 .bss           0x20001ec0        0x0 c:/program files (x86)/atollic/truestudio for stm32 9.3.0/armtools/bin/../lib/gcc/arm-atollic-eabi/6.3.1/../../../../arm-atollic-eabi/lib/armv6-m\libc_nano.a(lib_a-memcpy-stub.o)
 .bss           0x20001ec0        0x0 c:/program files (x86)/atollic/truestudio for stm32 9.3.0/armtools/bin/../lib/gcc/arm-atollic-eabi/6.3.1/../../../../arm-atollic-eabi/lib/armv6-m\libc_nano.a(lib_a-memset.o)
 .bss           0x20001ec0        0x0 c:/program files (x86)/atollic/truestudio for stm32 9.3.0/armtools/bin/../lib/gcc/arm-atollic-eabi/6.3.1/../../../../arm-atollic-eabi/lib/armv6-m\libc_nano.a(lib_a-strncmp.o)
 .bss           0x20001ec0        0x0 c:/program files (x86)/atollic/truestudio for stm32 9.3.0/armtools/bin/../lib/gcc/arm-atollic-eabi/6.3.1/armv6-m\libgcc.a(_udivsi3.o)
 .bss           0x20001ec0        0x0 c:/program files (x86)/atollic/truestudio for stm32 9.3.0/armtools/bin/../lib/gcc/arm-atollic-eabi/6.3.1/armv6-m\libgcc.a(_divsi3.o)
 .bss           0x20001ec0        0x0 c:/program files (x86)/atollic/truestudio for stm32 9.3.0/armtools/bin/../lib/gcc/arm-atollic-eabi/6.3.1/armv6-m\libgcc.a(_dvmd_tls.o)
 .bss           0x20001ec0        0x0 c:/program files (x86)/atollic/truestudio for stm32 9.3.0/armtools/bin/../lib/gcc/arm-atollic-eabi/6.3.1/armv6-m\libgcc.a(_fixunsdfsi.o)
 .bss           0x20001ec0        0x0 c:/program files (x86)/atollic/truestudio for stm32 9.3.0/armtools/bin/../lib/gcc/arm-atollic-eabi/6.3.1/armv6-m\libgcc.a(subdf3.o)
 .bss           0x20001ec0        0x0 c:/program files (x86)/atollic/truestudio for stm32 9.3.0/armtools/bin/../lib/gcc/arm-atollic-eabi/6.3.1/armv6-m\libgcc.a(fixdfsi.o)
 .bss           0x20001ec0        0x0 c:/program files (x86)/atollic/truestudio for stm32 9.3.0/armtools/bin/../lib/gcc/arm-atollic-eabi/6.3.1/armv6-m\libgcc.a(_arm_cmpdf2.o)
 .bss           0x20001ec0        0x0 c:/program files (x86)/atollic/truestudio for stm32 9.3.0/armtools/bin/../lib/gcc/arm-atollic-eabi/6.3.1/armv6-m\libgcc.a(_clzsi2.o)
 .bss           0x20001ec0        0x0 c:/program files (x86)/atollic/truestudio for stm32 9.3.0/armtools/bin/../lib/gcc/arm-atollic-eabi/6.3.1/armv6-m\libgcc.a(eqdf2.o)
 .bss           0x20001ec0        0x0 c:/program files (x86)/atollic/truestudio for stm32 9.3.0/armtools/bin/../lib/gcc/arm-atollic-eabi/6.3.1/armv6-m\libgcc.a(gedf2.o)
 .bss           0x20001ec0        0x0 c:/program files (x86)/atollic/truestudio for stm32 9.3.0/armtools/bin/../lib/gcc/arm-atollic-eabi/6.3.1/armv6-m\libgcc.a(ledf2.o)
 .bss           0x20001ec0        0x0 c:/program files (x86)/atollic/truestudio for stm32 9.3.0/armtools/bin/../lib/gcc/arm-atollic-eabi/6.3.1/armv6-m/crtend.o
 .bss           0x20001ec0        0x0 c:/program files (x86)/atollic/truestudio for stm32 9.3.0/armtools/bin/../lib/gcc/arm-atollic-eabi/6.3.1/armv6-m/crtn.o
 *(.bss*)
 *(COMMON)
 COMMON         0x20001ec0     0x191c TraceRecorder\trcSnapshotRecorder.o
                0x20001ec0                RecorderData
                0x200037d8                init_hwtc_count
 COMMON         0x200037dc        0xc app\src\main.o
                0x200037dc                xSem
                0x200037e4                xSubscribeQueue
                0x200037e8                . = ALIGN (0x4)
                0x200037e8                _ebss = .
                0x200037e8                __bss_end__ = _ebss

._user_heap_stack
                0x200037e8       0x80 load address 0x0800d4f0
                0x200037e8                . = ALIGN (0x4)
                [!provide]                PROVIDE (end, .)
                [!provide]                PROVIDE (_end, .)
                0x200037e8                . = (. + _Min_Heap_Size)
                0x20003868                . = (. + _Min_Stack_Size)
 *fill*         0x200037e8       0x80 
                0x20003868                . = ALIGN (0x4)

.memory_b1_text
 *(.mb1text)
 *(.mb1text*)
 *(.mb1rodata)
 *(.mb1rodata*)

/DISCARD/
 libc.a(*)
 libm.a(*)
 libgcc.a(*)

.ARM.attributes
                0x00000000       0x28
 *(.ARM.attributes)
 .ARM.attributes
                0x00000000       0x1e c:/program files (x86)/atollic/truestudio for stm32 9.3.0/armtools/bin/../lib/gcc/arm-atollic-eabi/6.3.1/armv6-m/crti.o
 .ARM.attributes
                0x0000001e       0x2c c:/program files (x86)/atollic/truestudio for stm32 9.3.0/armtools/bin/../lib/gcc/arm-atollic-eabi/6.3.1/armv6-m/crtbegin.o
 .ARM.attributes
                0x0000004a       0x31 FreeRTOS\croutine.o
 .ARM.attributes
                0x0000007b       0x31 FreeRTOS\event_groups.o
 .ARM.attributes
                0x000000ac       0x31 FreeRTOS\list.o
 .ARM.attributes
                0x000000dd       0x31 FreeRTOS\portable\GCC\ARM_CM0\port.o
 .ARM.attributes
                0x0000010e       0x31 FreeRTOS\portable\MemMang\heap_1.o
 .ARM.attributes
                0x0000013f       0x31 FreeRTOS\queue.o
 .ARM.attributes
                0x00000170       0x31 FreeRTOS\stream_buffer.o
 .ARM.attributes
                0x000001a1       0x31 FreeRTOS\tasks.o
 .ARM.attributes
                0x000001d2       0x31 FreeRTOS\timers.o
 .ARM.attributes
                0x00000203       0x31 TraceRecorder\trcKernelPort.o
 .ARM.attributes
                0x00000234       0x31 TraceRecorder\trcSnapshotRecorder.o
 .ARM.attributes
                0x00000265       0x31 TraceRecorder\trcStreamingRecorder.o
 .ARM.attributes
                0x00000296       0x31 app\src\main.o
 .ARM.attributes
                0x000002c7       0x31 app\src\printf-stdarg.o
 .ARM.attributes
                0x000002f8       0x31 app\src\stm32f0xx_it.o
 .ARM.attributes
                0x00000329       0x31 bsp\src\bsp.o
 .ARM.attributes
                0x0000035a       0x31 bsp\src\delay.o
 .ARM.attributes
                0x0000038b       0x21 cmsis\device\src\startup_stm32f072xb.o
 .ARM.attributes
                0x000003ac       0x31 cmsis\device\src\system_stm32f0xx.o
 .ARM.attributes
                0x000003dd       0x2c c:/program files (x86)/atollic/truestudio for stm32 9.3.0/armtools/bin/../lib/gcc/arm-atollic-eabi/6.3.1/../../../../arm-atollic-eabi/lib/armv6-m\libc_nano.a(lib_a-init.o)
 .ARM.attributes
                0x00000409       0x2c c:/program files (x86)/atollic/truestudio for stm32 9.3.0/armtools/bin/../lib/gcc/arm-atollic-eabi/6.3.1/../../../../arm-atollic-eabi/lib/armv6-m\libc_nano.a(lib_a-memcpy-stub.o)
 .ARM.attributes
                0x00000435       0x2c c:/program files (x86)/atollic/truestudio for stm32 9.3.0/armtools/bin/../lib/gcc/arm-atollic-eabi/6.3.1/../../../../arm-atollic-eabi/lib/armv6-m\libc_nano.a(lib_a-memset.o)
 .ARM.attributes
                0x00000461       0x2c c:/program files (x86)/atollic/truestudio for stm32 9.3.0/armtools/bin/../lib/gcc/arm-atollic-eabi/6.3.1/../../../../arm-atollic-eabi/lib/armv6-m\libc_nano.a(lib_a-strncmp.o)
 .ARM.attributes
                0x0000048d       0x1e c:/program files (x86)/atollic/truestudio for stm32 9.3.0/armtools/bin/../lib/gcc/arm-atollic-eabi/6.3.1/armv6-m\libgcc.a(_udivsi3.o)
 .ARM.attributes
                0x000004ab       0x1e c:/program files (x86)/atollic/truestudio for stm32 9.3.0/armtools/bin/../lib/gcc/arm-atollic-eabi/6.3.1/armv6-m\libgcc.a(_divsi3.o)
 .ARM.attributes
                0x000004c9       0x1e c:/program files (x86)/atollic/truestudio for stm32 9.3.0/armtools/bin/../lib/gcc/arm-atollic-eabi/6.3.1/armv6-m\libgcc.a(_dvmd_tls.o)
 .ARM.attributes
                0x000004e7       0x2c c:/program files (x86)/atollic/truestudio for stm32 9.3.0/armtools/bin/../lib/gcc/arm-atollic-eabi/6.3.1/armv6-m\libgcc.a(_fixunsdfsi.o)
 .ARM.attributes
                0x00000513       0x2c c:/program files (x86)/atollic/truestudio for stm32 9.3.0/armtools/bin/../lib/gcc/arm-atollic-eabi/6.3.1/armv6-m\libgcc.a(subdf3.o)
 .ARM.attributes
                0x0000053f       0x2c c:/program files (x86)/atollic/truestudio for stm32 9.3.0/armtools/bin/../lib/gcc/arm-atollic-eabi/6.3.1/armv6-m\libgcc.a(fixdfsi.o)
 .ARM.attributes
                0x0000056b       0x1e c:/program files (x86)/atollic/truestudio for stm32 9.3.0/armtools/bin/../lib/gcc/arm-atollic-eabi/6.3.1/armv6-m\libgcc.a(_arm_cmpdf2.o)
 .ARM.attributes
                0x00000589       0x1e c:/program files (x86)/atollic/truestudio for stm32 9.3.0/armtools/bin/../lib/gcc/arm-atollic-eabi/6.3.1/armv6-m\libgcc.a(_clzsi2.o)
 .ARM.attributes
                0x000005a7       0x2c c:/program files (x86)/atollic/truestudio for stm32 9.3.0/armtools/bin/../lib/gcc/arm-atollic-eabi/6.3.1/armv6-m\libgcc.a(eqdf2.o)
 .ARM.attributes
                0x000005d3       0x2c c:/program files (x86)/atollic/truestudio for stm32 9.3.0/armtools/bin/../lib/gcc/arm-atollic-eabi/6.3.1/armv6-m\libgcc.a(gedf2.o)
 .ARM.attributes
                0x000005ff       0x2c c:/program files (x86)/atollic/truestudio for stm32 9.3.0/armtools/bin/../lib/gcc/arm-atollic-eabi/6.3.1/armv6-m\libgcc.a(ledf2.o)
 .ARM.attributes
                0x0000062b       0x2c c:/program files (x86)/atollic/truestudio for stm32 9.3.0/armtools/bin/../lib/gcc/arm-atollic-eabi/6.3.1/armv6-m/crtend.o
 .ARM.attributes
                0x00000657       0x1e c:/program files (x86)/atollic/truestudio for stm32 9.3.0/armtools/bin/../lib/gcc/arm-atollic-eabi/6.3.1/armv6-m/crtn.o
OUTPUT(TP_READ.elf elf32-littlearm)

.debug_info     0x00000000    0x11f24
 .debug_info    0x00000000      0x66b FreeRTOS\croutine.o
 .debug_info    0x0000066b     0x1548 FreeRTOS\event_groups.o
 .debug_info    0x00001bb3     0x1098 FreeRTOS\list.o
 .debug_info    0x00002c4b      0x837 FreeRTOS\portable\GCC\ARM_CM0\port.o
 .debug_info    0x00003482      0xf52 FreeRTOS\portable\MemMang\heap_1.o
 .debug_info    0x000043d4     0x1cd7 FreeRTOS\queue.o
 .debug_info    0x000060ab     0x198e FreeRTOS\stream_buffer.o
 .debug_info    0x00007a39     0x25f6 FreeRTOS\tasks.o
 .debug_info    0x0000a02f     0x17e7 FreeRTOS\timers.o
 .debug_info    0x0000b816      0xcbe TraceRecorder\trcKernelPort.o
 .debug_info    0x0000c4d4     0x2a3a TraceRecorder\trcSnapshotRecorder.o
 .debug_info    0x0000ef0e      0x66b TraceRecorder\trcStreamingRecorder.o
 .debug_info    0x0000f579     0x1419 app\src\main.o
 .debug_info    0x00010992      0x4c5 app\src\printf-stdarg.o
 .debug_info    0x00010e57      0x695 app\src\stm32f0xx_it.o
 .debug_info    0x000114ec      0x3ce bsp\src\bsp.o
 .debug_info    0x000118ba      0x38a bsp\src\delay.o
 .debug_info    0x00011c44       0x96 cmsis\device\src\startup_stm32f072xb.o
 .debug_info    0x00011cda      0x24a cmsis\device\src\system_stm32f0xx.o

.debug_abbrev   0x00000000     0x2521
 .debug_abbrev  0x00000000       0xd3 FreeRTOS\croutine.o
 .debug_abbrev  0x000000d3      0x2e7 FreeRTOS\event_groups.o
 .debug_abbrev  0x000003ba      0x1fe FreeRTOS\list.o
 .debug_abbrev  0x000005b8      0x220 FreeRTOS\portable\GCC\ARM_CM0\port.o
 .debug_abbrev  0x000007d8      0x225 FreeRTOS\portable\MemMang\heap_1.o
 .debug_abbrev  0x000009fd      0x31a FreeRTOS\queue.o
 .debug_abbrev  0x00000d17      0x2c6 FreeRTOS\stream_buffer.o
 .debug_abbrev  0x00000fdd      0x384 FreeRTOS\tasks.o
 .debug_abbrev  0x00001361      0x2c1 FreeRTOS\timers.o
 .debug_abbrev  0x00001622      0x252 TraceRecorder\trcKernelPort.o
 .debug_abbrev  0x00001874      0x422 TraceRecorder\trcSnapshotRecorder.o
 .debug_abbrev  0x00001c96       0xd3 TraceRecorder\trcStreamingRecorder.o
 .debug_abbrev  0x00001d69      0x24c app\src\main.o
 .debug_abbrev  0x00001fb5      0x189 app\src\printf-stdarg.o
 .debug_abbrev  0x0000213e       0xef app\src\stm32f0xx_it.o
 .debug_abbrev  0x0000222d       0xce bsp\src\bsp.o
 .debug_abbrev  0x000022fb      0x117 bsp\src\delay.o
 .debug_abbrev  0x00002412       0x12 cmsis\device\src\startup_stm32f072xb.o
 .debug_abbrev  0x00002424       0xfd cmsis\device\src\system_stm32f0xx.o

.debug_aranges  0x00000000      0x258
 .debug_aranges
                0x00000000       0x18 FreeRTOS\croutine.o
 .debug_aranges
                0x00000018       0x20 FreeRTOS\event_groups.o
 .debug_aranges
                0x00000038       0x20 FreeRTOS\list.o
 .debug_aranges
                0x00000058       0x20 FreeRTOS\portable\GCC\ARM_CM0\port.o
 .debug_aranges
                0x00000078       0x20 FreeRTOS\portable\MemMang\heap_1.o
 .debug_aranges
                0x00000098       0x20 FreeRTOS\queue.o
 .debug_aranges
                0x000000b8       0x20 FreeRTOS\stream_buffer.o
 .debug_aranges
                0x000000d8       0x20 FreeRTOS\tasks.o
 .debug_aranges
                0x000000f8       0x20 FreeRTOS\timers.o
 .debug_aranges
                0x00000118       0x20 TraceRecorder\trcKernelPort.o
 .debug_aranges
                0x00000138       0x20 TraceRecorder\trcSnapshotRecorder.o
 .debug_aranges
                0x00000158       0x18 TraceRecorder\trcStreamingRecorder.o
 .debug_aranges
                0x00000170       0x20 app\src\main.o
 .debug_aranges
                0x00000190       0x20 app\src\printf-stdarg.o
 .debug_aranges
                0x000001b0       0x20 app\src\stm32f0xx_it.o
 .debug_aranges
                0x000001d0       0x20 bsp\src\bsp.o
 .debug_aranges
                0x000001f0       0x20 bsp\src\delay.o
 .debug_aranges
                0x00000210       0x28 cmsis\device\src\startup_stm32f072xb.o
 .debug_aranges
                0x00000238       0x20 cmsis\device\src\system_stm32f0xx.o

.debug_line     0x00000000     0x5bed
 .debug_line    0x00000000      0x1e5 FreeRTOS\croutine.o
 .debug_line    0x000001e5      0x686 FreeRTOS\event_groups.o
 .debug_line    0x0000086b      0x40d FreeRTOS\list.o
 .debug_line    0x00000c78      0x360 FreeRTOS\portable\GCC\ARM_CM0\port.o
 .debug_line    0x00000fd8      0x352 FreeRTOS\portable\MemMang\heap_1.o
 .debug_line    0x0000132a      0xbf6 FreeRTOS\queue.o
 .debug_line    0x00001f20      0x61d FreeRTOS\stream_buffer.o
 .debug_line    0x0000253d      0xe38 FreeRTOS\tasks.o
 .debug_line    0x00003375      0x657 FreeRTOS\timers.o
 .debug_line    0x000039cc      0x3db TraceRecorder\trcKernelPort.o
 .debug_line    0x00003da7      0xb35 TraceRecorder\trcSnapshotRecorder.o
 .debug_line    0x000048dc      0x1e5 TraceRecorder\trcStreamingRecorder.o
 .debug_line    0x00004ac1      0x5a3 app\src\main.o
 .debug_line    0x00005064      0x351 app\src\printf-stdarg.o
 .debug_line    0x000053b5      0x219 app\src\stm32f0xx_it.o
 .debug_line    0x000055ce      0x1dc bsp\src\bsp.o
 .debug_line    0x000057aa      0x1d3 bsp\src\delay.o
 .debug_line    0x0000597d       0x8c cmsis\device\src\startup_stm32f072xb.o
 .debug_line    0x00005a09      0x1e4 cmsis\device\src\system_stm32f0xx.o

.debug_str      0x00000000     0x3d64
 .debug_str     0x00000000      0x6aa FreeRTOS\croutine.o
                                0x721 (size before relaxing)
 .debug_str     0x000006aa      0x783 FreeRTOS\event_groups.o
                                0xf1b (size before relaxing)
 .debug_str     0x00000e2d       0xa0 FreeRTOS\list.o
                                0xc82 (size before relaxing)
 .debug_str     0x00000ecd      0x19c FreeRTOS\portable\GCC\ARM_CM0\port.o
                                0x8c8 (size before relaxing)
 .debug_str     0x00001069       0xa8 FreeRTOS\portable\MemMang\heap_1.o
                                0xbd8 (size before relaxing)
 .debug_str     0x00001111      0x545 FreeRTOS\queue.o
                               0x11df (size before relaxing)
 .debug_str     0x00001656      0x4eb FreeRTOS\stream_buffer.o
                               0x1105 (size before relaxing)
 .debug_str     0x00001b41      0xbe4 FreeRTOS\tasks.o
                               0x1991 (size before relaxing)
 .debug_str     0x00002725      0x456 FreeRTOS\timers.o
                               0x10f4 (size before relaxing)
 .debug_str     0x00002b7b      0x40a TraceRecorder\trcKernelPort.o
                                0xb71 (size before relaxing)
 .debug_str     0x00002f85      0x937 TraceRecorder\trcSnapshotRecorder.o
                               0x1534 (size before relaxing)
 .debug_str     0x000038bc       0x28 TraceRecorder\trcStreamingRecorder.o
                                0x732 (size before relaxing)
 .debug_str     0x000038e4      0x243 app\src\main.o
                                0xdcc (size before relaxing)
 .debug_str     0x00003b27       0x7c app\src\printf-stdarg.o
                                0x293 (size before relaxing)
 .debug_str     0x00003ba3       0x38 app\src\stm32f0xx_it.o
                                0x742 (size before relaxing)
 .debug_str     0x00003bdb       0x86 bsp\src\bsp.o
                                0x2f2 (size before relaxing)
 .debug_str     0x00003c61       0x9c bsp\src\delay.o
                                0x2aa (size before relaxing)
 .debug_str     0x00003cfd       0x67 cmsis\device\src\system_stm32f0xx.o
                                0x261 (size before relaxing)

.comment        0x00000000       0x7c
 .comment       0x00000000       0x7c FreeRTOS\croutine.o
                                 0x7d (size before relaxing)
 .comment       0x0000007c       0x7d FreeRTOS\event_groups.o
 .comment       0x0000007c       0x7d FreeRTOS\list.o
 .comment       0x0000007c       0x7d FreeRTOS\portable\GCC\ARM_CM0\port.o
 .comment       0x0000007c       0x7d FreeRTOS\portable\MemMang\heap_1.o
 .comment       0x0000007c       0x7d FreeRTOS\queue.o
 .comment       0x0000007c       0x7d FreeRTOS\stream_buffer.o
 .comment       0x0000007c       0x7d FreeRTOS\tasks.o
 .comment       0x0000007c       0x7d FreeRTOS\timers.o
 .comment       0x0000007c       0x7d TraceRecorder\trcKernelPort.o
 .comment       0x0000007c       0x7d TraceRecorder\trcSnapshotRecorder.o
 .comment       0x0000007c       0x7d TraceRecorder\trcStreamingRecorder.o
 .comment       0x0000007c       0x7d app\src\main.o
 .comment       0x0000007c       0x7d app\src\printf-stdarg.o
 .comment       0x0000007c       0x7d app\src\stm32f0xx_it.o
 .comment       0x0000007c       0x7d bsp\src\bsp.o
 .comment       0x0000007c       0x7d bsp\src\delay.o
 .comment       0x0000007c       0x7d cmsis\device\src\system_stm32f0xx.o

.debug_frame    0x00000000     0x2680
 .debug_frame   0x00000000      0x190 FreeRTOS\event_groups.o
 .debug_frame   0x00000190       0xb0 FreeRTOS\list.o
 .debug_frame   0x00000240      0x174 FreeRTOS\portable\GCC\ARM_CM0\port.o
 .debug_frame   0x000003b4       0x88 FreeRTOS\portable\MemMang\heap_1.o
 .debug_frame   0x0000043c      0x3f4 FreeRTOS\queue.o
 .debug_frame   0x00000830      0x310 FreeRTOS\stream_buffer.o
 .debug_frame   0x00000b40      0x75c FreeRTOS\tasks.o
 .debug_frame   0x0000129c      0x2e8 FreeRTOS\timers.o
 .debug_frame   0x00001584      0x400 TraceRecorder\trcKernelPort.o
 .debug_frame   0x00001984      0x744 TraceRecorder\trcSnapshotRecorder.o
 .debug_frame   0x000020c8       0xb0 app\src\main.o
 .debug_frame   0x00002178       0xe0 app\src\printf-stdarg.o
 .debug_frame   0x00002258       0x48 app\src\stm32f0xx_it.o
 .debug_frame   0x000022a0       0xf0 bsp\src\bsp.o
 .debug_frame   0x00002390       0x8c bsp\src\delay.o
 .debug_frame   0x0000241c       0x4c cmsis\device\src\system_stm32f0xx.o
 .debug_frame   0x00002468       0x2c c:/program files (x86)/atollic/truestudio for stm32 9.3.0/armtools/bin/../lib/gcc/arm-atollic-eabi/6.3.1/../../../../arm-atollic-eabi/lib/armv6-m\libc_nano.a(lib_a-init.o)
 .debug_frame   0x00002494       0x28 c:/program files (x86)/atollic/truestudio for stm32 9.3.0/armtools/bin/../lib/gcc/arm-atollic-eabi/6.3.1/../../../../arm-atollic-eabi/lib/armv6-m\libc_nano.a(lib_a-memcpy-stub.o)
 .debug_frame   0x000024bc       0x20 c:/program files (x86)/atollic/truestudio for stm32 9.3.0/armtools/bin/../lib/gcc/arm-atollic-eabi/6.3.1/../../../../arm-atollic-eabi/lib/armv6-m\libc_nano.a(lib_a-memset.o)
 .debug_frame   0x000024dc       0x2c c:/program files (x86)/atollic/truestudio for stm32 9.3.0/armtools/bin/../lib/gcc/arm-atollic-eabi/6.3.1/../../../../arm-atollic-eabi/lib/armv6-m\libc_nano.a(lib_a-strncmp.o)
 .debug_frame   0x00002508       0x20 c:/program files (x86)/atollic/truestudio for stm32 9.3.0/armtools/bin/../lib/gcc/arm-atollic-eabi/6.3.1/armv6-m\libgcc.a(_udivsi3.o)
 .debug_frame   0x00002528       0x20 c:/program files (x86)/atollic/truestudio for stm32 9.3.0/armtools/bin/../lib/gcc/arm-atollic-eabi/6.3.1/armv6-m\libgcc.a(_divsi3.o)
 .debug_frame   0x00002548       0x2c c:/program files (x86)/atollic/truestudio for stm32 9.3.0/armtools/bin/../lib/gcc/arm-atollic-eabi/6.3.1/armv6-m\libgcc.a(_fixunsdfsi.o)
 .debug_frame   0x00002574       0x38 c:/program files (x86)/atollic/truestudio for stm32 9.3.0/armtools/bin/../lib/gcc/arm-atollic-eabi/6.3.1/armv6-m\libgcc.a(subdf3.o)
 .debug_frame   0x000025ac       0x2c c:/program files (x86)/atollic/truestudio for stm32 9.3.0/armtools/bin/../lib/gcc/arm-atollic-eabi/6.3.1/armv6-m\libgcc.a(fixdfsi.o)
 .debug_frame   0x000025d8       0x38 c:/program files (x86)/atollic/truestudio for stm32 9.3.0/armtools/bin/../lib/gcc/arm-atollic-eabi/6.3.1/armv6-m\libgcc.a(eqdf2.o)
 .debug_frame   0x00002610       0x38 c:/program files (x86)/atollic/truestudio for stm32 9.3.0/armtools/bin/../lib/gcc/arm-atollic-eabi/6.3.1/armv6-m\libgcc.a(gedf2.o)
 .debug_frame   0x00002648       0x38 c:/program files (x86)/atollic/truestudio for stm32 9.3.0/armtools/bin/../lib/gcc/arm-atollic-eabi/6.3.1/armv6-m\libgcc.a(ledf2.o)

.debug_ranges   0x00000000       0x20
 .debug_ranges  0x00000000       0x20 cmsis\device\src\startup_stm32f072xb.o

Cross Reference Table

Symbol                                            File
ADC1_COMP_IRQHandler                              cmsis\device\src\startup_stm32f072xb.o
AHBPrescTable                                     cmsis\device\src\system_stm32f0xx.o
APBPrescTable                                     cmsis\device\src\system_stm32f0xx.o
BSP_Console_Init                                  bsp\src\bsp.o
                                                  app\src\main.o
BSP_DBG_Pin_Init                                  bsp\src\bsp.o
BSP_DBG_Pins_Init                                 bsp\src\bsp.o
BSP_DELAY_TIM_init                                bsp\src\delay.o
BSP_DELAY_TIM_ms                                  bsp\src\delay.o
BSP_DELAY_ms                                      bsp\src\delay.o
                                                  app\src\main.o
BSP_DELAY_us                                      bsp\src\delay.o
BSP_LED_Init                                      bsp\src\bsp.o
                                                  app\src\main.o
BSP_LED_Off                                       bsp\src\bsp.o
                                                  app\src\main.o
BSP_LED_On                                        bsp\src\bsp.o
                                                  app\src\main.o
BSP_LED_Toggle                                    bsp\src\bsp.o
                                                  app\src\main.o
BSP_NVIC_Init                                     bsp\src\bsp.o
CEC_CAN_IRQHandler                                cmsis\device\src\startup_stm32f072xb.o
CurrentFilterGroup                                TraceRecorder\trcSnapshotRecorder.o
                                                  FreeRTOS\timers.o
                                                  FreeRTOS\tasks.o
                                                  FreeRTOS\queue.o
                                                  FreeRTOS\event_groups.o
CurrentFilterMask                                 TraceRecorder\trcSnapshotRecorder.o
                                                  FreeRTOS\timers.o
                                                  FreeRTOS\tasks.o
                                                  FreeRTOS\queue.o
                                                  FreeRTOS\event_groups.o
DMA1_Channel1_IRQHandler                          cmsis\device\src\startup_stm32f072xb.o
DMA1_Channel2_3_IRQHandler                        cmsis\device\src\startup_stm32f072xb.o
DMA1_Channel4_5_6_7_IRQHandler                    cmsis\device\src\startup_stm32f072xb.o
Default_Handler                                   cmsis\device\src\startup_stm32f072xb.o
EXTI0_1_IRQHandler                                cmsis\device\src\startup_stm32f072xb.o
EXTI2_3_IRQHandler                                cmsis\device\src\startup_stm32f072xb.o
EXTI4_15_IRQHandler                               cmsis\device\src\startup_stm32f072xb.o
FLASH_IRQHandler                                  cmsis\device\src\startup_stm32f072xb.o
HardFault_Handler                                 app\src\stm32f0xx_it.o
I2C1_IRQHandler                                   cmsis\device\src\startup_stm32f072xb.o
I2C2_IRQHandler                                   cmsis\device\src\startup_stm32f072xb.o
MyWrapper_xQueueGiveFromISR                       FreeRTOS\queue.o
NMI_Handler                                       app\src\stm32f0xx_it.o
PVD_VDDIO2_IRQHandler                             cmsis\device\src\startup_stm32f072xb.o
PendSV_Handler                                    FreeRTOS\portable\GCC\ARM_CM0\port.o
RCC_CRS_IRQHandler                                cmsis\device\src\startup_stm32f072xb.o
RTC_IRQHandler                                    cmsis\device\src\startup_stm32f072xb.o
RecorderData                                      TraceRecorder\trcSnapshotRecorder.o
RecorderDataPtr                                   TraceRecorder\trcSnapshotRecorder.o
                                                  TraceRecorder\trcKernelPort.o
Reset_Handler                                     cmsis\device\src\startup_stm32f072xb.o
SPI1_IRQHandler                                   cmsis\device\src\startup_stm32f072xb.o
SPI2_IRQHandler                                   cmsis\device\src\startup_stm32f072xb.o
SVC_Handler                                       FreeRTOS\portable\GCC\ARM_CM0\port.o
SysTick_Handler                                   FreeRTOS\portable\GCC\ARM_CM0\port.o
SystemCoreClock                                   cmsis\device\src\system_stm32f0xx.o
SystemCoreClockUpdate                             cmsis\device\src\system_stm32f0xx.o
                                                  app\src\main.o
SystemInit                                        cmsis\device\src\system_stm32f0xx.o
                                                  cmsis\device\src\startup_stm32f072xb.o
TIM14_IRQHandler                                  cmsis\device\src\startup_stm32f072xb.o
TIM15_IRQHandler                                  cmsis\device\src\startup_stm32f072xb.o
TIM16_IRQHandler                                  cmsis\device\src\startup_stm32f072xb.o
TIM17_IRQHandler                                  cmsis\device\src\startup_stm32f072xb.o
TIM1_BRK_UP_TRG_COM_IRQHandler                    cmsis\device\src\startup_stm32f072xb.o
TIM1_CC_IRQHandler                                cmsis\device\src\startup_stm32f072xb.o
TIM2_IRQHandler                                   cmsis\device\src\startup_stm32f072xb.o
TIM3_IRQHandler                                   cmsis\device\src\startup_stm32f072xb.o
TIM6_DAC_IRQHandler                               cmsis\device\src\startup_stm32f072xb.o
TIM7_IRQHandler                                   cmsis\device\src\startup_stm32f072xb.o
TSC_IRQHandler                                    cmsis\device\src\startup_stm32f072xb.o
TraceQueueClassTable                              TraceRecorder\trcKernelPort.o
                                                  FreeRTOS\queue.o
USART1_IRQHandler                                 cmsis\device\src\startup_stm32f072xb.o
USART2_IRQHandler                                 cmsis\device\src\startup_stm32f072xb.o
USART3_4_IRQHandler                               cmsis\device\src\startup_stm32f072xb.o
USB_IRQHandler                                    cmsis\device\src\startup_stm32f072xb.o
WWDG_IRQHandler                                   cmsis\device\src\startup_stm32f072xb.o
__aeabi_cdcmpeq                                   c:/program files (x86)/atollic/truestudio for stm32 9.3.0/armtools/bin/../lib/gcc/arm-atollic-eabi/6.3.1/armv6-m\libgcc.a(_arm_cmpdf2.o)
__aeabi_cdcmple                                   c:/program files (x86)/atollic/truestudio for stm32 9.3.0/armtools/bin/../lib/gcc/arm-atollic-eabi/6.3.1/armv6-m\libgcc.a(_arm_cmpdf2.o)
__aeabi_cdrcmple                                  c:/program files (x86)/atollic/truestudio for stm32 9.3.0/armtools/bin/../lib/gcc/arm-atollic-eabi/6.3.1/armv6-m\libgcc.a(_arm_cmpdf2.o)
__aeabi_d2iz                                      c:/program files (x86)/atollic/truestudio for stm32 9.3.0/armtools/bin/../lib/gcc/arm-atollic-eabi/6.3.1/armv6-m\libgcc.a(fixdfsi.o)
                                                  c:/program files (x86)/atollic/truestudio for stm32 9.3.0/armtools/bin/../lib/gcc/arm-atollic-eabi/6.3.1/armv6-m\libgcc.a(_fixunsdfsi.o)
__aeabi_d2uiz                                     c:/program files (x86)/atollic/truestudio for stm32 9.3.0/armtools/bin/../lib/gcc/arm-atollic-eabi/6.3.1/armv6-m\libgcc.a(_fixunsdfsi.o)
                                                  TraceRecorder\trcSnapshotRecorder.o
__aeabi_dcmpeq                                    c:/program files (x86)/atollic/truestudio for stm32 9.3.0/armtools/bin/../lib/gcc/arm-atollic-eabi/6.3.1/armv6-m\libgcc.a(_arm_cmpdf2.o)
__aeabi_dcmpge                                    c:/program files (x86)/atollic/truestudio for stm32 9.3.0/armtools/bin/../lib/gcc/arm-atollic-eabi/6.3.1/armv6-m\libgcc.a(_arm_cmpdf2.o)
                                                  c:/program files (x86)/atollic/truestudio for stm32 9.3.0/armtools/bin/../lib/gcc/arm-atollic-eabi/6.3.1/armv6-m\libgcc.a(_fixunsdfsi.o)
__aeabi_dcmpgt                                    c:/program files (x86)/atollic/truestudio for stm32 9.3.0/armtools/bin/../lib/gcc/arm-atollic-eabi/6.3.1/armv6-m\libgcc.a(_arm_cmpdf2.o)
__aeabi_dcmple                                    c:/program files (x86)/atollic/truestudio for stm32 9.3.0/armtools/bin/../lib/gcc/arm-atollic-eabi/6.3.1/armv6-m\libgcc.a(_arm_cmpdf2.o)
__aeabi_dcmplt                                    c:/program files (x86)/atollic/truestudio for stm32 9.3.0/armtools/bin/../lib/gcc/arm-atollic-eabi/6.3.1/armv6-m\libgcc.a(_arm_cmpdf2.o)
__aeabi_dsub                                      c:/program files (x86)/atollic/truestudio for stm32 9.3.0/armtools/bin/../lib/gcc/arm-atollic-eabi/6.3.1/armv6-m\libgcc.a(subdf3.o)
                                                  c:/program files (x86)/atollic/truestudio for stm32 9.3.0/armtools/bin/../lib/gcc/arm-atollic-eabi/6.3.1/armv6-m\libgcc.a(_fixunsdfsi.o)
__aeabi_idiv                                      c:/program files (x86)/atollic/truestudio for stm32 9.3.0/armtools/bin/../lib/gcc/arm-atollic-eabi/6.3.1/armv6-m\libgcc.a(_divsi3.o)
__aeabi_idiv0                                     c:/program files (x86)/atollic/truestudio for stm32 9.3.0/armtools/bin/../lib/gcc/arm-atollic-eabi/6.3.1/armv6-m\libgcc.a(_dvmd_tls.o)
                                                  c:/program files (x86)/atollic/truestudio for stm32 9.3.0/armtools/bin/../lib/gcc/arm-atollic-eabi/6.3.1/armv6-m\libgcc.a(_divsi3.o)
                                                  c:/program files (x86)/atollic/truestudio for stm32 9.3.0/armtools/bin/../lib/gcc/arm-atollic-eabi/6.3.1/armv6-m\libgcc.a(_udivsi3.o)
__aeabi_idivmod                                   c:/program files (x86)/atollic/truestudio for stm32 9.3.0/armtools/bin/../lib/gcc/arm-atollic-eabi/6.3.1/armv6-m\libgcc.a(_divsi3.o)
                                                  TraceRecorder\trcKernelPort.o
__aeabi_ldiv0                                     c:/program files (x86)/atollic/truestudio for stm32 9.3.0/armtools/bin/../lib/gcc/arm-atollic-eabi/6.3.1/armv6-m\libgcc.a(_dvmd_tls.o)
__aeabi_uidiv                                     c:/program files (x86)/atollic/truestudio for stm32 9.3.0/armtools/bin/../lib/gcc/arm-atollic-eabi/6.3.1/armv6-m\libgcc.a(_udivsi3.o)
                                                  cmsis\device\src\system_stm32f0xx.o
                                                  app\src\printf-stdarg.o
                                                  TraceRecorder\trcSnapshotRecorder.o
__aeabi_uidivmod                                  c:/program files (x86)/atollic/truestudio for stm32 9.3.0/armtools/bin/../lib/gcc/arm-atollic-eabi/6.3.1/armv6-m\libgcc.a(_udivsi3.o)
                                                  app\src\printf-stdarg.o
                                                  TraceRecorder\trcSnapshotRecorder.o
__clzsi2                                          c:/program files (x86)/atollic/truestudio for stm32 9.3.0/armtools/bin/../lib/gcc/arm-atollic-eabi/6.3.1/armv6-m\libgcc.a(_clzsi2.o)
                                                  c:/program files (x86)/atollic/truestudio for stm32 9.3.0/armtools/bin/../lib/gcc/arm-atollic-eabi/6.3.1/armv6-m\libgcc.a(subdf3.o)
__deregister_frame_info                           c:/program files (x86)/atollic/truestudio for stm32 9.3.0/armtools/bin/../lib/gcc/arm-atollic-eabi/6.3.1/armv6-m/crtbegin.o
__divsi3                                          c:/program files (x86)/atollic/truestudio for stm32 9.3.0/armtools/bin/../lib/gcc/arm-atollic-eabi/6.3.1/armv6-m\libgcc.a(_divsi3.o)
__dso_handle                                      c:/program files (x86)/atollic/truestudio for stm32 9.3.0/armtools/bin/../lib/gcc/arm-atollic-eabi/6.3.1/armv6-m/crtbegin.o
__eqdf2                                           c:/program files (x86)/atollic/truestudio for stm32 9.3.0/armtools/bin/../lib/gcc/arm-atollic-eabi/6.3.1/armv6-m\libgcc.a(eqdf2.o)
                                                  c:/program files (x86)/atollic/truestudio for stm32 9.3.0/armtools/bin/../lib/gcc/arm-atollic-eabi/6.3.1/armv6-m\libgcc.a(_arm_cmpdf2.o)
__fixunsdfsi                                      c:/program files (x86)/atollic/truestudio for stm32 9.3.0/armtools/bin/../lib/gcc/arm-atollic-eabi/6.3.1/armv6-m\libgcc.a(_fixunsdfsi.o)
__gedf2                                           c:/program files (x86)/atollic/truestudio for stm32 9.3.0/armtools/bin/../lib/gcc/arm-atollic-eabi/6.3.1/armv6-m\libgcc.a(gedf2.o)
                                                  c:/program files (x86)/atollic/truestudio for stm32 9.3.0/armtools/bin/../lib/gcc/arm-atollic-eabi/6.3.1/armv6-m\libgcc.a(_arm_cmpdf2.o)
__gtdf2                                           c:/program files (x86)/atollic/truestudio for stm32 9.3.0/armtools/bin/../lib/gcc/arm-atollic-eabi/6.3.1/armv6-m\libgcc.a(gedf2.o)
__init_array_end                                  c:/program files (x86)/atollic/truestudio for stm32 9.3.0/armtools/bin/../lib/gcc/arm-atollic-eabi/6.3.1/../../../../arm-atollic-eabi/lib/armv6-m\libc_nano.a(lib_a-init.o)
__init_array_start                                c:/program files (x86)/atollic/truestudio for stm32 9.3.0/armtools/bin/../lib/gcc/arm-atollic-eabi/6.3.1/../../../../arm-atollic-eabi/lib/armv6-m\libc_nano.a(lib_a-init.o)
__ledf2                                           c:/program files (x86)/atollic/truestudio for stm32 9.3.0/armtools/bin/../lib/gcc/arm-atollic-eabi/6.3.1/armv6-m\libgcc.a(ledf2.o)
[...]
ucQueueGetQueueType                               FreeRTOS\queue.o
                                                  TraceRecorder\trcKernelPort.o
ucStreamBufferGetStreamBufferType                 FreeRTOS\stream_buffer.o
uiInEventGroupSetBitsFromISR                      TraceRecorder\trcKernelPort.o
uiIndexOfObject                                   TraceRecorder\trcSnapshotRecorder.o
uiTraceGetTraceBufferSize                         TraceRecorder\trcSnapshotRecorder.o
uiTraceStart                                      TraceRecorder\trcSnapshotRecorder.o
uiTraceSystemState                                TraceRecorder\trcSnapshotRecorder.o
                                                  FreeRTOS\tasks.o
uiTraceTickCount                                  TraceRecorder\trcSnapshotRecorder.o
                                                  FreeRTOS\tasks.o
ulSetInterruptMaskFromISR                         FreeRTOS\portable\GCC\ARM_CM0\port.o
                                                  FreeRTOS\tasks.o
                                                  FreeRTOS\stream_buffer.o
                                                  FreeRTOS\queue.o
                                                  FreeRTOS\event_groups.o
ulTaskNotifyTake                                  FreeRTOS\tasks.o
uxEventGroupGetNumber                             FreeRTOS\event_groups.o
                                                  TraceRecorder\trcKernelPort.o
uxListRemove                                      FreeRTOS\list.o
                                                  FreeRTOS\timers.o
                                                  FreeRTOS\tasks.o
uxQueueGetQueueNumber                             FreeRTOS\queue.o
                                                  TraceRecorder\trcKernelPort.o
uxQueueMessagesWaiting                            FreeRTOS\queue.o
uxQueueMessagesWaitingFromISR                     FreeRTOS\queue.o
uxQueueSpacesAvailable                            FreeRTOS\queue.o
uxStreamBufferGetStreamBufferNumber               FreeRTOS\stream_buffer.o
uxTaskGetNumberOfTasks                            FreeRTOS\tasks.o
uxTaskGetStackHighWaterMark                       FreeRTOS\tasks.o
                                                  TraceRecorder\trcKernelPort.o
uxTaskGetSystemState                              FreeRTOS\tasks.o
uxTaskGetTaskNumber                               FreeRTOS\tasks.o
                                                  TraceRecorder\trcKernelPort.o
uxTaskPriorityGet                                 FreeRTOS\tasks.o
uxTaskPriorityGetFromISR                          FreeRTOS\tasks.o
uxTaskResetEventItemValue                         FreeRTOS\tasks.o
                                                  FreeRTOS\event_groups.o
uxTimerGetTimerNumber                             FreeRTOS\timers.o
                                                  TraceRecorder\trcKernelPort.o
vClearInterruptMaskFromISR                        FreeRTOS\portable\GCC\ARM_CM0\port.o
                                                  FreeRTOS\tasks.o
                                                  FreeRTOS\stream_buffer.o
                                                  FreeRTOS\queue.o
                                                  FreeRTOS\event_groups.o
vEventGroupClearBitsCallback                      FreeRTOS\event_groups.o
vEventGroupDelete                                 FreeRTOS\event_groups.o
vEventGroupSetBitsCallback                        FreeRTOS\event_groups.o
vEventGroupSetNumber                              FreeRTOS\event_groups.o
                                                  TraceRecorder\trcKernelPort.o
vListInitialise                                   FreeRTOS\list.o
                                                  FreeRTOS\timers.o
                                                  FreeRTOS\tasks.o
                                                  FreeRTOS\queue.o
                                                  FreeRTOS\event_groups.o
vListInitialiseItem                               FreeRTOS\list.o
                                                  FreeRTOS\timers.o
                                                  FreeRTOS\tasks.o
vListInsert                                       FreeRTOS\list.o
                                                  FreeRTOS\timers.o
                                                  FreeRTOS\tasks.o
vListInsertEnd                                    FreeRTOS\list.o
                                                  FreeRTOS\tasks.o
vPortEndScheduler                                 FreeRTOS\portable\GCC\ARM_CM0\port.o
                                                  FreeRTOS\tasks.o
vPortEnterCritical                                FreeRTOS\portable\GCC\ARM_CM0\port.o
                                                  FreeRTOS\timers.o
                                                  FreeRTOS\tasks.o
                                                  FreeRTOS\stream_buffer.o
                                                  FreeRTOS\queue.o
                                                  FreeRTOS\event_groups.o
vPortExitCritical                                 FreeRTOS\portable\GCC\ARM_CM0\port.o
                                                  FreeRTOS\timers.o
                                                  FreeRTOS\tasks.o
                                                  FreeRTOS\stream_buffer.o
                                                  FreeRTOS\queue.o
                                                  FreeRTOS\event_groups.o
vPortFree                                         FreeRTOS\portable\MemMang\heap_1.o
                                                  FreeRTOS\timers.o
                                                  FreeRTOS\tasks.o
                                                  FreeRTOS\stream_buffer.o
                                                  FreeRTOS\queue.o
                                                  FreeRTOS\event_groups.o
vPortInitialiseBlocks                             FreeRTOS\portable\MemMang\heap_1.o
vPortYield                                        FreeRTOS\portable\GCC\ARM_CM0\port.o
                                                  FreeRTOS\timers.o
                                                  FreeRTOS\tasks.o
                                                  FreeRTOS\queue.o
                                                  FreeRTOS\event_groups.o
vQueueDelete                                      FreeRTOS\queue.o
vQueueSetQueueNumber                              FreeRTOS\queue.o
                                                  TraceRecorder\trcKernelPort.o
vQueueWaitForMessageRestricted                    FreeRTOS\queue.o
                                                  FreeRTOS\timers.o
vStreamBufferDelete                               FreeRTOS\stream_buffer.o
vStreamBufferSetStreamBufferNumber                FreeRTOS\stream_buffer.o
vTask1                                            app\src\main.o
vTask2                                            app\src\main.o
vTaskDelay                                        FreeRTOS\tasks.o
                                                  app\src\main.o
                                                  TraceRecorder\trcKernelPort.o
vTaskDelayUntil                                   FreeRTOS\tasks.o
                                                  app\src\main.o
vTaskDelete                                       FreeRTOS\tasks.o
vTaskEndScheduler                                 FreeRTOS\tasks.o
vTaskGetInfo                                      FreeRTOS\tasks.o
vTaskInternalSetTimeOutState                      FreeRTOS\tasks.o
                                                  FreeRTOS\queue.o
vTaskMissedYield                                  FreeRTOS\tasks.o
                                                  FreeRTOS\queue.o
vTaskNotifyGiveFromISR                            FreeRTOS\tasks.o
vTaskPlaceOnEventList                             FreeRTOS\tasks.o
                                                  FreeRTOS\queue.o
vTaskPlaceOnEventListRestricted                   FreeRTOS\tasks.o
                                                  FreeRTOS\queue.o
vTaskPlaceOnUnorderedEventList                    FreeRTOS\tasks.o
                                                  FreeRTOS\event_groups.o
vTaskPriorityDisinheritAfterTimeout               FreeRTOS\tasks.o
                                                  FreeRTOS\queue.o
vTaskPrioritySet                                  FreeRTOS\tasks.o
vTaskPub                                          app\src\main.o
vTaskRemoveFromUnorderedEventList                 FreeRTOS\tasks.o
                                                  FreeRTOS\event_groups.o
vTaskResume                                       FreeRTOS\tasks.o
vTaskSetTaskNumber                                FreeRTOS\tasks.o
                                                  TraceRecorder\trcKernelPort.o
vTaskSetTimeOutState                              FreeRTOS\tasks.o
                                                  FreeRTOS\stream_buffer.o
vTaskStartScheduler                               FreeRTOS\tasks.o
                                                  app\src\main.o
vTaskSuspend                                      FreeRTOS\tasks.o
vTaskSuspendAll                                   FreeRTOS\tasks.o
                                                  FreeRTOS\timers.o
                                                  FreeRTOS\stream_buffer.o
                                                  FreeRTOS\queue.o
                                                  FreeRTOS\portable\MemMang\heap_1.o
                                                  FreeRTOS\event_groups.o
vTaskSwitchContext                                FreeRTOS\tasks.o
                                                  FreeRTOS\portable\GCC\ARM_CM0\port.o
vTimerSetReloadMode                               FreeRTOS\timers.o
vTimerSetTimerID                                  FreeRTOS\timers.o
vTimerSetTimerNumber                              FreeRTOS\timers.o
                                                  TraceRecorder\trcKernelPort.o
vTraceClear                                       TraceRecorder\trcSnapshotRecorder.o
vTraceClearError                                  TraceRecorder\trcSnapshotRecorder.o
vTraceEnable                                      TraceRecorder\trcKernelPort.o
                                                  app\src\main.o
vTraceInitObjectHandleStack                       TraceRecorder\trcKernelPort.o
                                                  TraceRecorder\trcSnapshotRecorder.o
vTraceInitObjectPropertyTable                     TraceRecorder\trcKernelPort.o
                                                  TraceRecorder\trcSnapshotRecorder.o
vTraceInstanceFinishedNext                        TraceRecorder\trcSnapshotRecorder.o
vTraceInstanceFinishedNow                         TraceRecorder\trcSnapshotRecorder.o
vTracePrint                                       TraceRecorder\trcSnapshotRecorder.o
vTracePrintF                                      TraceRecorder\trcSnapshotRecorder.o
vTraceSetEventGroupName                           TraceRecorder\trcKernelPort.o
vTraceSetFilterGroup                              TraceRecorder\trcSnapshotRecorder.o
vTraceSetFilterMask                               TraceRecorder\trcSnapshotRecorder.o
vTraceSetFrequency                                TraceRecorder\trcSnapshotRecorder.o
vTraceSetMutexName                                TraceRecorder\trcKernelPort.o
vTraceSetQueueName                                TraceRecorder\trcKernelPort.o
                                                  app\src\main.o
vTraceSetSemaphoreName                            TraceRecorder\trcKernelPort.o
vTraceSetStopHook                                 TraceRecorder\trcSnapshotRecorder.o
vTraceStart                                       TraceRecorder\trcSnapshotRecorder.o
                                                  TraceRecorder\trcKernelPort.o
vTraceStop                                        TraceRecorder\trcSnapshotRecorder.o
vTraceStopHookPtr                                 TraceRecorder\trcSnapshotRecorder.o
vTraceStoreISRBegin                               TraceRecorder\trcSnapshotRecorder.o
vTraceStoreISREnd                                 TraceRecorder\trcSnapshotRecorder.o
vTraceStoreMemMangEvent                           TraceRecorder\trcSnapshotRecorder.o
                                                  FreeRTOS\portable\MemMang\heap_1.o
vTraceVPrintF                                     TraceRecorder\trcSnapshotRecorder.o
xEventGroupClearBits                              FreeRTOS\event_groups.o
xEventGroupCreate                                 FreeRTOS\event_groups.o
xEventGroupGetBitsFromISR                         FreeRTOS\event_groups.o
xEventGroupSetBits                                FreeRTOS\event_groups.o
xEventGroupSync                                   FreeRTOS\event_groups.o
xEventGroupWaitBits                               FreeRTOS\event_groups.o
xPortGetFreeHeapSize                              FreeRTOS\portable\MemMang\heap_1.o
xPortStartScheduler                               FreeRTOS\portable\GCC\ARM_CM0\port.o
                                                  FreeRTOS\tasks.o
xQueueCreateMutex                                 FreeRTOS\queue.o
xQueueGenericCreate                               FreeRTOS\queue.o
                                                  app\src\main.o
                                                  FreeRTOS\timers.o
xQueueGenericReset                                FreeRTOS\queue.o
xQueueGenericSend                                 FreeRTOS\queue.o
                                                  app\src\main.o
                                                  FreeRTOS\timers.o
xQueueGenericSendFromISR                          FreeRTOS\queue.o
                                                  FreeRTOS\timers.o
xQueueGiveFromISR                                 FreeRTOS\queue.o
xQueueIsQueueEmptyFromISR                         FreeRTOS\queue.o
xQueueIsQueueFullFromISR                          FreeRTOS\queue.o
xQueuePeek                                        FreeRTOS\queue.o
xQueuePeekFromISR                                 FreeRTOS\queue.o
xQueueReceive                                     FreeRTOS\queue.o
                                                  app\src\main.o
                                                  FreeRTOS\timers.o
xQueueReceiveFromISR                              FreeRTOS\queue.o
xQueueSemaphoreTake                               FreeRTOS\queue.o
                                                  app\src\main.o
xSem                                              app\src\main.o
xStreamBufferBytesAvailable                       FreeRTOS\stream_buffer.o
xStreamBufferGenericCreate                        FreeRTOS\stream_buffer.o
xStreamBufferIsEmpty                              FreeRTOS\stream_buffer.o
xStreamBufferIsFull                               FreeRTOS\stream_buffer.o
xStreamBufferNextMessageLengthBytes               FreeRTOS\stream_buffer.o
xStreamBufferReceive                              FreeRTOS\stream_buffer.o
xStreamBufferReceiveCompletedFromISR              FreeRTOS\stream_buffer.o
xStreamBufferReceiveFromISR                       FreeRTOS\stream_buffer.o
xStreamBufferReset                                FreeRTOS\stream_buffer.o
xStreamBufferSend                                 FreeRTOS\stream_buffer.o
xStreamBufferSendCompletedFromISR                 FreeRTOS\stream_buffer.o
xStreamBufferSendFromISR                          FreeRTOS\stream_buffer.o
xStreamBufferSetTriggerLevel                      FreeRTOS\stream_buffer.o
xStreamBufferSpacesAvailable                      FreeRTOS\stream_buffer.o
xSubscribeQueue                                   app\src\main.o
xTaskCheckForTimeOut                              FreeRTOS\tasks.o
                                                  FreeRTOS\stream_buffer.o
                                                  FreeRTOS\queue.o
xTaskCreate                                       FreeRTOS\tasks.o
                                                  app\src\main.o
                                                  TraceRecorder\trcKernelPort.o
                                                  FreeRTOS\timers.o
xTaskGenericNotify                                FreeRTOS\tasks.o
                                                  FreeRTOS\stream_buffer.o
xTaskGenericNotifyFromISR                         FreeRTOS\tasks.o
                                                  FreeRTOS\stream_buffer.o
xTaskGetCurrentTaskHandle                         FreeRTOS\tasks.o
                                                  TraceRecorder\trcKernelPort.o
                                                  FreeRTOS\stream_buffer.o
xTaskGetSchedulerState                            FreeRTOS\tasks.o
                                                  TraceRecorder\trcKernelPort.o
                                                  FreeRTOS\timers.o
                                                  FreeRTOS\queue.o
                                                  FreeRTOS\event_groups.o
xTaskGetTickCount                                 FreeRTOS\tasks.o
                                                  app\src\main.o
                                                  FreeRTOS\timers.o
xTaskGetTickCountFromISR                          FreeRTOS\tasks.o
xTaskIncrementTick                                FreeRTOS\tasks.o
                                                  FreeRTOS\portable\GCC\ARM_CM0\port.o
xTaskNotifyStateClear                             FreeRTOS\tasks.o
                                                  FreeRTOS\stream_buffer.o
xTaskNotifyWait                                   FreeRTOS\tasks.o
                                                  FreeRTOS\stream_buffer.o
xTaskPriorityDisinherit                           FreeRTOS\tasks.o
                                                  FreeRTOS\queue.o
xTaskPriorityInherit                              FreeRTOS\tasks.o
                                                  FreeRTOS\queue.o
xTaskRemoveFromEventList                          FreeRTOS\tasks.o
                                                  FreeRTOS\queue.o
xTaskResumeAll                                    FreeRTOS\tasks.o
                                                  FreeRTOS\timers.o
                                                  FreeRTOS\stream_buffer.o
                                                  FreeRTOS\queue.o
                                                  FreeRTOS\portable\MemMang\heap_1.o
                                                  FreeRTOS\event_groups.o
xTaskResumeFromISR                                FreeRTOS\tasks.o
xTimerCreate                                      FreeRTOS\timers.o
xTimerCreateTimerTask                             FreeRTOS\timers.o
                                                  FreeRTOS\tasks.o
xTimerGenericCommand                              FreeRTOS\timers.o
xTimerGetExpiryTime                               FreeRTOS\timers.o
xTimerGetPeriod                                   FreeRTOS\timers.o
xTimerGetTimerDaemonTaskHandle                    FreeRTOS\timers.o
xTimerIsTimerActive                               FreeRTOS\timers.o
xTraceGetLastError                                TraceRecorder\trcSnapshotRecorder.o
xTraceGetTraceBuffer                              TraceRecorder\trcSnapshotRecorder.o
xTraceIsRecordingEnabled                          TraceRecorder\trcSnapshotRecorder.o
                                                  TraceRecorder\trcKernelPort.o
xTraceRegisterString                              TraceRecorder\trcSnapshotRecorder.o
xTraceSetISRProperties                            TraceRecorder\trcSnapshotRecorder.o
